Archive member included to satisfy reference by file (symbol)

/home/alarm/Downloads/RISC-V/MRS250/MRS-linux-x64/resources/app/resources/linux/components/WCH/Toolchain/RISC-V Embedded GCC/bin/../lib/gcc/riscv-none-embed/8.2.0/rv32imacxw/ilp32/libgcc.a(addsf3.o)
                              ./User/gps.o (__addsf3)
/home/alarm/Downloads/RISC-V/MRS250/MRS-linux-x64/resources/app/resources/linux/components/WCH/Toolchain/RISC-V Embedded GCC/bin/../lib/gcc/riscv-none-embed/8.2.0/rv32imacxw/ilp32/libgcc.a(divsf3.o)
                              ./User/gps.o (__divsf3)
/home/alarm/Downloads/RISC-V/MRS250/MRS-linux-x64/resources/app/resources/linux/components/WCH/Toolchain/RISC-V Embedded GCC/bin/../lib/gcc/riscv-none-embed/8.2.0/rv32imacxw/ilp32/libgcc.a(mulsf3.o)
                              ./User/main.o (__mulsf3)
/home/alarm/Downloads/RISC-V/MRS250/MRS-linux-x64/resources/app/resources/linux/components/WCH/Toolchain/RISC-V Embedded GCC/bin/../lib/gcc/riscv-none-embed/8.2.0/rv32imacxw/ilp32/libgcc.a(subsf3.o)
                              ./User/gps.o (__subsf3)
/home/alarm/Downloads/RISC-V/MRS250/MRS-linux-x64/resources/app/resources/linux/components/WCH/Toolchain/RISC-V Embedded GCC/bin/../lib/gcc/riscv-none-embed/8.2.0/rv32imacxw/ilp32/libgcc.a(fixsfsi.o)
                              ./User/gps.o (__fixsfsi)
/home/alarm/Downloads/RISC-V/MRS250/MRS-linux-x64/resources/app/resources/linux/components/WCH/Toolchain/RISC-V Embedded GCC/bin/../lib/gcc/riscv-none-embed/8.2.0/rv32imacxw/ilp32/libgcc.a(fixunssfsi.o)
                              ./User/main.o (__fixunssfsi)
/home/alarm/Downloads/RISC-V/MRS250/MRS-linux-x64/resources/app/resources/linux/components/WCH/Toolchain/RISC-V Embedded GCC/bin/../lib/gcc/riscv-none-embed/8.2.0/rv32imacxw/ilp32/libgcc.a(floatsisf.o)
                              ./User/gps.o (__floatsisf)
/home/alarm/Downloads/RISC-V/MRS250/MRS-linux-x64/resources/app/resources/linux/components/WCH/Toolchain/RISC-V Embedded GCC/bin/../lib/gcc/riscv-none-embed/8.2.0/rv32imacxw/ilp32/libgcc.a(floatunsisf.o)
                              ./User/main.o (__floatunsisf)
/home/alarm/Downloads/RISC-V/MRS250/MRS-linux-x64/resources/app/resources/linux/components/WCH/Toolchain/RISC-V Embedded GCC/bin/../lib/gcc/riscv-none-embed/8.2.0/rv32imacxw/ilp32/libgcc.a(truncdfsf2.o)
                              ./User/gps.o (__truncdfsf2)
/home/alarm/Downloads/RISC-V/MRS250/MRS-linux-x64/resources/app/resources/linux/components/WCH/Toolchain/RISC-V Embedded GCC/bin/../lib/gcc/riscv-none-embed/8.2.0/rv32imacxw/ilp32/libgcc.a(save-restore.o)
                              ./User/main.o (__riscv_save_12)
/home/alarm/Downloads/RISC-V/MRS250/MRS-linux-x64/resources/app/resources/linux/components/WCH/Toolchain/RISC-V Embedded GCC/bin/../lib/gcc/riscv-none-embed/8.2.0/rv32imacxw/ilp32/libgcc.a(_clzsi2.o)
                              /home/alarm/Downloads/RISC-V/MRS250/MRS-linux-x64/resources/app/resources/linux/components/WCH/Toolchain/RISC-V Embedded GCC/bin/../lib/gcc/riscv-none-embed/8.2.0/rv32imacxw/ilp32/libgcc.a(addsf3.o) (__clzsi2)
/home/alarm/Downloads/RISC-V/MRS250/MRS-linux-x64/resources/app/resources/linux/components/WCH/Toolchain/RISC-V Embedded GCC/bin/../lib/gcc/riscv-none-embed/8.2.0/rv32imacxw/ilp32/libgcc.a(_clz.o)
                              /home/alarm/Downloads/RISC-V/MRS250/MRS-linux-x64/resources/app/resources/linux/components/WCH/Toolchain/RISC-V Embedded GCC/bin/../lib/gcc/riscv-none-embed/8.2.0/rv32imacxw/ilp32/libgcc.a(_clzsi2.o) (__clz_tab)
/home/alarm/Downloads/RISC-V/MRS250/MRS-linux-x64/resources/app/resources/linux/components/WCH/Toolchain/RISC-V Embedded GCC/bin/../lib/gcc/riscv-none-embed/8.2.0/../../../../riscv-none-embed/lib/rv32imacxw/ilp32/libg_nano.a(lib_a-atof.o)
                              ./User/gps.o (atof)
/home/alarm/Downloads/RISC-V/MRS250/MRS-linux-x64/resources/app/resources/linux/components/WCH/Toolchain/RISC-V Embedded GCC/bin/../lib/gcc/riscv-none-embed/8.2.0/../../../../riscv-none-embed/lib/rv32imacxw/ilp32/libg_nano.a(lib_a-atoi.o)
                              ./User/gps.o (atoi)
/home/alarm/Downloads/RISC-V/MRS250/MRS-linux-x64/resources/app/resources/linux/components/WCH/Toolchain/RISC-V Embedded GCC/bin/../lib/gcc/riscv-none-embed/8.2.0/../../../../riscv-none-embed/lib/rv32imacxw/ilp32/libg_nano.a(lib_a-atol.o)
                              ./User/gps.o (atol)
/home/alarm/Downloads/RISC-V/MRS250/MRS-linux-x64/resources/app/resources/linux/components/WCH/Toolchain/RISC-V Embedded GCC/bin/../lib/gcc/riscv-none-embed/8.2.0/../../../../riscv-none-embed/lib/rv32imacxw/ilp32/libg_nano.a(lib_a-calloc.o)
                              ./User/gps.o (calloc)
/home/alarm/Downloads/RISC-V/MRS250/MRS-linux-x64/resources/app/resources/linux/components/WCH/Toolchain/RISC-V Embedded GCC/bin/../lib/gcc/riscv-none-embed/8.2.0/../../../../riscv-none-embed/lib/rv32imacxw/ilp32/libg_nano.a(lib_a-impure.o)
[...]
Memory Configuration

Name             Origin             Length             Attributes
FLASH            0x0000000000000000 0x000000000000f800 xr
RAM              0x0000000020000000 0x0000000000005000 xrw
*default*        0x0000000000000000 0xffffffffffffffff

Linker script and memory map

LOAD ./User/ch32x035_it.o
LOAD ./User/gps.o
LOAD ./User/main.o
LOAD ./User/ssd1306.o
LOAD ./User/system_ch32x035.o
LOAD ./Startup/startup_ch32x035.o
LOAD ./Peripheral/src/ch32x035_adc.o
LOAD ./Peripheral/src/ch32x035_awu.o
LOAD ./Peripheral/src/ch32x035_dbgmcu.o
LOAD ./Peripheral/src/ch32x035_dma.o
LOAD ./Peripheral/src/ch32x035_exti.o
LOAD ./Peripheral/src/ch32x035_flash.o
LOAD ./Peripheral/src/ch32x035_gpio.o
LOAD ./Peripheral/src/ch32x035_i2c.o
LOAD ./Peripheral/src/ch32x035_iwdg.o
LOAD ./Peripheral/src/ch32x035_misc.o
LOAD ./Peripheral/src/ch32x035_opa.o
LOAD ./Peripheral/src/ch32x035_pwr.o
LOAD ./Peripheral/src/ch32x035_rcc.o
LOAD ./Peripheral/src/ch32x035_spi.o
LOAD ./Peripheral/src/ch32x035_tim.o
LOAD ./Peripheral/src/ch32x035_usart.o
LOAD ./Peripheral/src/ch32x035_wwdg.o
LOAD ./Debug/debug.o
LOAD ./Core/core_riscv.o
LOAD /home/alarm/Downloads/RISC-V/MRS250/MRS-linux-x64/resources/app/resources/linux/components/WCH/Toolchain/RISC-V Embedded GCC/bin/../lib/gcc/riscv-none-embed/8.2.0/../../../../riscv-none-embed/lib/rv32imacxw/ilp32/libm.a
LOAD /home/alarm/Downloads/RISC-V/MRS250/MRS-linux-x64/resources/app/resources/linux/components/WCH/Toolchain/RISC-V Embedded GCC/bin/../lib/gcc/riscv-none-embed/8.2.0/rv32imacxw/ilp32/libgcc.a
LOAD /home/alarm/Downloads/RISC-V/MRS250/MRS-linux-x64/resources/app/resources/linux/components/WCH/Toolchain/RISC-V Embedded GCC/bin/../lib/gcc/riscv-none-embed/8.2.0/../../../../riscv-none-embed/lib/rv32imacxw/ilp32/libg_nano.a
LOAD /home/alarm/Downloads/RISC-V/MRS250/MRS-linux-x64/resources/app/resources/linux/components/WCH/Toolchain/RISC-V Embedded GCC/bin/../lib/gcc/riscv-none-embed/8.2.0/../../../../riscv-none-embed/lib/rv32imacxw/ilp32/libc_nano.a
LOAD /home/alarm/Downloads/RISC-V/MRS250/MRS-linux-x64/resources/app/resources/linux/components/WCH/Toolchain/RISC-V Embedded GCC/bin/../lib/gcc/riscv-none-embed/8.2.0/rv32imacxw/ilp32/libgcc.a
START GROUP
LOAD /home/alarm/Downloads/RISC-V/MRS250/MRS-linux-x64/resources/app/resources/linux/components/WCH/Toolchain/RISC-V Embedded GCC/bin/../lib/gcc/riscv-none-embed/8.2.0/rv32imacxw/ilp32/libgcc.a
LOAD /home/alarm/Downloads/RISC-V/MRS250/MRS-linux-x64/resources/app/resources/linux/components/WCH/Toolchain/RISC-V Embedded GCC/bin/../lib/gcc/riscv-none-embed/8.2.0/../../../../riscv-none-embed/lib/rv32imacxw/ilp32/libc_nano.a
LOAD /home/alarm/Downloads/RISC-V/MRS250/MRS-linux-x64/resources/app/resources/linux/components/WCH/Toolchain/RISC-V Embedded GCC/bin/../lib/gcc/riscv-none-embed/8.2.0/../../../../riscv-none-embed/lib/rv32imacxw/ilp32/libnosys.a
END GROUP
START GROUP
LOAD /home/alarm/Downloads/RISC-V/MRS250/MRS-linux-x64/resources/app/resources/linux/components/WCH/Toolchain/RISC-V Embedded GCC/bin/../lib/gcc/riscv-none-embed/8.2.0/rv32imacxw/ilp32/libgcc.a
LOAD /home/alarm/Downloads/RISC-V/MRS250/MRS-linux-x64/resources/app/resources/linux/components/WCH/Toolchain/RISC-V Embedded GCC/bin/../lib/gcc/riscv-none-embed/8.2.0/../../../../riscv-none-embed/lib/rv32imacxw/ilp32/libc_nano.a
LOAD /home/alarm/Downloads/RISC-V/MRS250/MRS-linux-x64/resources/app/resources/linux/components/WCH/Toolchain/RISC-V Embedded GCC/bin/../lib/gcc/riscv-none-embed/8.2.0/../../../../riscv-none-embed/lib/rv32imacxw/ilp32/libnosys.a
END GROUP
                0x0000000000000800                __stack_size = 0x800
                [!provide]                        PROVIDE (_stack_size = __stack_size)

.init           0x0000000000000000        0x4
                0x0000000000000000                _sinit = .
                0x0000000000000000                . = ALIGN (0x4)
 *(SORT_NONE(.init))
 .init          0x0000000000000000        0x4 ./Startup/startup_ch32x035.o
                0x0000000000000000                _start
                0x0000000000000004                . = ALIGN (0x4)
                0x0000000000000004                _einit = .

.vector         0x0000000000000004       0xfc
 *(.vector)
 .vector        0x0000000000000004       0xdc ./Startup/startup_ch32x035.o
                0x0000000000000100                . = ALIGN (0x40)
 *fill*         0x00000000000000e0       0x20 

.text           0x0000000000000100     0x9274
                0x0000000000000100                . = ALIGN (0x4)
 *(.text)
 .text          0x0000000000000100       0x60 /home/alarm/Downloads/RISC-V/MRS250/MRS-linux-x64/resources/app/resources/linux/components/WCH/Toolchain/RISC-V Embedded GCC/bin/../lib/gcc/riscv-none-embed/8.2.0/rv32imacxw/ilp32/libgcc.a(save-restore.o)
                0x0000000000000100                __riscv_save_12
                0x0000000000000108                __riscv_save_8
                0x0000000000000108                __riscv_save_11
                0x0000000000000108                __riscv_save_9
                0x0000000000000108                __riscv_save_10
                0x0000000000000116                __riscv_save_7
                0x0000000000000116                __riscv_save_4
                0x0000000000000116                __riscv_save_6
                0x0000000000000116                __riscv_save_5
                0x0000000000000130                __riscv_save_1
                0x0000000000000130                __riscv_save_3
                0x0000000000000130                __riscv_save_2
                0x0000000000000130                __riscv_save_0
                0x000000000000013c                __riscv_restore_12
                0x0000000000000140                __riscv_restore_10
                0x0000000000000140                __riscv_restore_11
                0x0000000000000140                __riscv_restore_8
                0x0000000000000140                __riscv_restore_9
                0x000000000000014a                __riscv_restore_5
                0x000000000000014a                __riscv_restore_6
                0x000000000000014a                __riscv_restore_4
                0x000000000000014a                __riscv_restore_7
                0x0000000000000154                __riscv_restore_3
                0x0000000000000154                __riscv_restore_2
                0x0000000000000154                __riscv_restore_0
                0x0000000000000154                __riscv_restore_1
 .text          0x0000000000000160       0xa8 /home/alarm/Downloads/RISC-V/MRS250/MRS-linux-x64/resources/app/resources/linux/components/WCH/Toolchain/RISC-V Embedded GCC/bin/../lib/gcc/riscv-none-embed/8.2.0/../../../../riscv-none-embed/lib/rv32imacxw/ilp32/libg_nano.a(lib_a-memset.o)
                0x0000000000000160                memset
 *(.text.*)
 .text.NMI_Handler
                0x0000000000000208        0x2 ./User/ch32x035_it.o
                0x0000000000000208                NMI_Handler
 .text.HardFault_Handler
                0x000000000000020a       0x10 ./User/ch32x035_it.o
                0x000000000000020a                HardFault_Handler
 .text.gpsValidate
                0x000000000000021a       0x46 ./User/gps.o
                0x000000000000021a                gpsValidate
 .text.gpsToDec
                0x0000000000000260       0x5c ./User/gps.o
                0x0000000000000260                gpsToDec
 .text.splitMsg
                0x00000000000002bc       0x82 ./User/gps.o
                0x00000000000002bc                splitMsg
 .text.hexToBin
                0x000000000000033e       0x80 ./User/gps.o
                0x000000000000033e                hexToBin
 .text.gpsParse
                0x00000000000003be      0x2da ./User/gps.o
                0x00000000000003be                gpsParse
 .text.gpsPrint
                0x0000000000000698      0x116 ./User/gps.o
                0x0000000000000698                gpsPrint
 .text.floatPart
                0x00000000000007ae       0x30 ./User/main.o
                0x00000000000007ae                floatPart
 .text.DateTimeToEpoch
                0x00000000000007de       0x82 ./User/main.o
                0x00000000000007de                DateTimeToEpoch
 .text.EpochToDateTime
                0x0000000000000860       0xe2 ./User/main.o
                0x0000000000000860                EpochToDateTime
 .text.initRECQ
                0x0000000000000942       0x3e ./User/main.o
                0x0000000000000942                initRECQ
 .text.putRECQ  0x0000000000000980       0x70 ./User/main.o
                0x0000000000000980                putRECQ
 .text.getRECQ  0x00000000000009f0       0x9a ./User/main.o
                0x00000000000009f0                getRECQ
 .text.PPS_INIT
                0x0000000000000a8a       0x8e ./User/main.o
                0x0000000000000a8a                PPS_INIT
 .text.EXTI7_0_IRQHandler
                0x0000000000000b18      0x13c ./User/main.o
                0x0000000000000b18                EXTI7_0_IRQHandler
 .text.InitUSART2
                0x0000000000000c54       0x96 ./User/main.o
                0x0000000000000c54                InitUSART2
 .text.USART2_IRQHandler
                0x0000000000000cea      0x10e ./User/main.o
                0x0000000000000cea                USART2_IRQHandler
 .text.InitUSART4
                0x0000000000000df8       0xa2 ./User/main.o
                0x0000000000000df8                InitUSART4
 .text.USART4_IRQHandler
                0x0000000000000e9a      0x196 ./User/main.o
                0x0000000000000e9a                USART4_IRQHandler
 .text.TIM1_Init
                0x0000000000001030       0x88 ./User/main.o
                0x0000000000001030                TIM1_Init
 .text.GPIO_ConfigOut
                0x00000000000010b8       0x3c ./User/main.o
                0x00000000000010b8                GPIO_ConfigOut
 .text.Leds     0x00000000000010f4       0x2c ./User/main.o
                0x00000000000010f4                Leds
 .text.TIM1_UP_IRQHandler
                0x0000000000001120       0xc6 ./User/main.o
                0x0000000000001120                TIM1_UP_IRQHandler
 .text.calcTime
                0x00000000000011e6       0x4e ./User/main.o
                0x00000000000011e6                calcTime
 .text.spi_init
                0x0000000000001234       0xd0 ./User/main.o
                0x0000000000001234                spi_init
 .text.Report   0x0000000000001304       0xa2 ./User/main.o
                0x0000000000001304                Report
 .text.chipName
                0x00000000000013a6       0xb6 ./User/main.o
                0x00000000000013a6                chipName
 .text.prnInfo  0x000000000000145c       0x32 ./User/main.o
                0x000000000000145c                prnInfo
 .text.startup.main
                0x000000000000148e      0x496 ./User/main.o
                0x000000000000148e                main
 .text.OLED_RESET
                0x0000000000001924       0x38 ./User/ssd1306.o
                0x0000000000001924                OLED_RESET
 .text.I2C_WriteDatas
                0x000000000000195c       0x54 ./User/ssd1306.o
                0x000000000000195c                I2C_WriteDatas
 .text.OLED_on  0x00000000000019b0       0x24 ./User/ssd1306.o
                0x00000000000019b0                OLED_on
 .text.OLED_clear_line
                0x00000000000019d4       0x6a ./User/ssd1306.o
                0x00000000000019d4                OLED_clear_line
 .text.OLED_Clear
                0x0000000000001a3e       0x22 ./User/ssd1306.o
                0x0000000000001a3e                OLED_Clear
 .text.OLED_clear_lines
                0x0000000000001a60       0x96 ./User/ssd1306.o
                0x0000000000001a60                OLED_clear_lines
 .text.OLED_Init
                0x0000000000001af6       0x62 ./User/ssd1306.o
                0x0000000000001af6                OLED_Init
 .text.OLED_calcx
                0x0000000000001b58       0x1e ./User/ssd1306.o
                0x0000000000001b58                OLED_calcx
 .text.OLED_text_xy
                0x0000000000001b76       0xc4 ./User/ssd1306.o
                0x0000000000001b76                OLED_text_xy
 .text.SystemInit
                0x0000000000001c3a       0x42 ./User/system_ch32x035.o
                0x0000000000001c3a                SystemInit
 .text.SystemCoreClockUpdate
                0x0000000000001c7c       0x3a ./User/system_ch32x035.o
                0x0000000000001c7c                SystemCoreClockUpdate
 .text.vector_handler
                0x0000000000001cb6        0x2 ./Startup/startup_ch32x035.o
                0x0000000000001cb6                TIM1_CC_IRQHandler
                0x0000000000001cb6                TIM2_UP_IRQHandler
                0x0000000000001cb6                USBPD_IRQHandler
                0x0000000000001cb6                SysTick_Handler
                0x0000000000001cb6                PVD_IRQHandler
                0x0000000000001cb6                EXTI25_16_IRQHandler
                0x0000000000001cb6                USBFS_IRQHandler
                0x0000000000001cb6                Break_Point_Handler
                0x0000000000001cb6                TIM2_TRG_COM_IRQHandler
                0x0000000000001cb6                TIM2_CC_IRQHandler
                0x0000000000001cb6                SPI1_IRQHandler
                0x0000000000001cb6                AWU_IRQHandler
                0x0000000000001cb6                Ecall_M_Mode_Handler
                0x0000000000001cb6                DMA1_Channel4_IRQHandler
                0x0000000000001cb6                ADC1_IRQHandler
                0x0000000000001cb6                TIM2_BRK_IRQHandler
                0x0000000000001cb6                USART3_IRQHandler
                0x0000000000001cb6                DMA1_Channel7_IRQHandler
                0x0000000000001cb6                USBPDWakeUp_IRQHandler
                0x0000000000001cb6                EXTI15_8_IRQHandler
                0x0000000000001cb6                I2C1_EV_IRQHandler
                0x0000000000001cb6                DMA1_Channel6_IRQHandler
                0x0000000000001cb6                TIM3_IRQHandler
                0x0000000000001cb6                TIM1_TRG_COM_IRQHandler
                0x0000000000001cb6                DMA1_Channel1_IRQHandler
                0x0000000000001cb6                DMA1_Channel8_IRQHandler
                0x0000000000001cb6                PIOC_IRQHandler
                0x0000000000001cb6                DMA1_Channel5_IRQHandler
                0x0000000000001cb6                DMA1_Channel3_IRQHandler
                0x0000000000001cb6                WWDG_IRQHandler
                0x0000000000001cb6                Ecall_U_Mode_Handler
                0x0000000000001cb6                SW_Handler
                0x0000000000001cb6                TIM1_BRK_IRQHandler
                0x0000000000001cb6                OPA_IRQHandler
                0x0000000000001cb6                DMA1_Channel2_IRQHandler
                0x0000000000001cb6                FLASH_IRQHandler
                0x0000000000001cb6                USBFSWakeUp_IRQHandler
                0x0000000000001cb6                USART1_IRQHandler
                0x0000000000001cb6                I2C1_ER_IRQHandler
 .text.handle_reset
                0x0000000000001cb8       0x86 ./Startup/startup_ch32x035.o
                0x0000000000001cb8                handle_reset
 .text.DBGMCU_GetCHIPID
                0x0000000000001d3e        0xa ./Peripheral/src/ch32x035_dbgmcu.o
                0x0000000000001d3e                DBGMCU_GetCHIPID
 .text.EXTI_Init
                0x0000000000001d48       0x6a ./Peripheral/src/ch32x035_exti.o
                0x0000000000001d48                EXTI_Init
 .text.EXTI_GetITStatus
                0x0000000000001db2       0x1e ./Peripheral/src/ch32x035_exti.o
                0x0000000000001db2                EXTI_GetITStatus
 .text.EXTI_ClearITPendingBit
                0x0000000000001dd0        0xa ./Peripheral/src/ch32x035_exti.o
                0x0000000000001dd0                EXTI_ClearITPendingBit
 .text.GPIO_Init
                0x0000000000001dda      0x18e ./Peripheral/src/ch32x035_gpio.o
                0x0000000000001dda                GPIO_Init
 .text.GPIO_ReadInputDataBit
                0x0000000000001f68        0xa ./Peripheral/src/ch32x035_gpio.o
                0x0000000000001f68                GPIO_ReadInputDataBit
 .text.GPIO_SetBits
                0x0000000000001f72        0xe ./Peripheral/src/ch32x035_gpio.o
                0x0000000000001f72                GPIO_SetBits
 .text.GPIO_ResetBits
                0x0000000000001f80        0x4 ./Peripheral/src/ch32x035_gpio.o
                0x0000000000001f80                GPIO_ResetBits
 .text.GPIO_EXTILineConfig
                0x0000000000001f84       0x2e ./Peripheral/src/ch32x035_gpio.o
                0x0000000000001f84                GPIO_EXTILineConfig
 .text.NVIC_PriorityGroupConfig
                0x0000000000001fb2        0x6 ./Peripheral/src/ch32x035_misc.o
                0x0000000000001fb2                NVIC_PriorityGroupConfig
 .text.NVIC_Init
                0x0000000000001fb8       0x54 ./Peripheral/src/ch32x035_misc.o
                0x0000000000001fb8                NVIC_Init
 .text.PWR_EnterSTOPMode
                0x000000000000200c       0x7a ./Peripheral/src/ch32x035_pwr.o
                0x000000000000200c                PWR_EnterSTOPMode
 .text.RCC_GetClocksFreq
                0x0000000000002086       0x3e ./Peripheral/src/ch32x035_rcc.o
                0x0000000000002086                RCC_GetClocksFreq
 .text.RCC_APB2PeriphClockCmd
                0x00000000000020c4       0x1e ./Peripheral/src/ch32x035_rcc.o
                0x00000000000020c4                RCC_APB2PeriphClockCmd
 .text.RCC_APB1PeriphClockCmd
                0x00000000000020e2       0x1e ./Peripheral/src/ch32x035_rcc.o
                0x00000000000020e2                RCC_APB1PeriphClockCmd
 .text.SPI_Init
                0x0000000000002100       0x32 ./Peripheral/src/ch32x035_spi.o
                0x0000000000002100                SPI_Init
 .text.SPI_I2S_SendData
                0x0000000000002132       0x14 ./Peripheral/src/ch32x035_spi.o
                0x0000000000002132                SPI_I2S_SendData
 .text.TIM_TimeBaseInit
                0x0000000000002146       0x56 ./Peripheral/src/ch32x035_tim.o
                0x0000000000002146                TIM_TimeBaseInit
 .text.TIM_GetITStatus
                0x000000000000219c       0x18 ./Peripheral/src/ch32x035_tim.o
                0x000000000000219c                TIM_GetITStatus
 .text.TIM_ClearITPendingBit
                0x00000000000021b4        0xc ./Peripheral/src/ch32x035_tim.o
                0x00000000000021b4                TIM_ClearITPendingBit
 .text.USART_Init
                0x00000000000021c0       0x90 ./Peripheral/src/ch32x035_usart.o
                0x00000000000021c0                USART_Init
 .text.USART_Cmd
                0x0000000000002250       0x16 ./Peripheral/src/ch32x035_usart.o
                0x0000000000002250                USART_Cmd
 .text.USART_ITConfig
                0x0000000000002266       0x36 ./Peripheral/src/ch32x035_usart.o
                0x0000000000002266                USART_ITConfig
 .text.USART_SendData
                0x000000000000229c        0x8 ./Peripheral/src/ch32x035_usart.o
                0x000000000000229c                USART_SendData
 .text.USART_ReceiveData
                0x00000000000022a4        0x8 ./Peripheral/src/ch32x035_usart.o
                0x00000000000022a4                USART_ReceiveData
 .text.USART_GetFlagStatus
                0x00000000000022ac        0xa ./Peripheral/src/ch32x035_usart.o
                0x00000000000022ac                USART_GetFlagStatus
 .text.Delay_Init
                0x00000000000022b6       0x26 ./Debug/debug.o
                0x00000000000022b6                Delay_Init
 .text.Delay_Ms
                0x00000000000022dc       0x36 ./Debug/debug.o
                0x00000000000022dc                Delay_Ms
 .text._write   0x0000000000002312       0x3a ./Debug/debug.o
                0x0000000000002312                _write
 .text._sbrk    0x000000000000234c       0x26 ./Debug/debug.o
                0x000000000000234c                _sbrk
 .text.__addsf3
                0x0000000000002372      0x36a /home/alarm/Downloads/RISC-V/MRS250/MRS-linux-x64/resources/app/resources/linux/components/WCH/Toolchain/RISC-V Embedded GCC/bin/../lib/gcc/riscv-none-embed/8.2.0/rv32imacxw/ilp32/libgcc.a(addsf3.o)
                0x0000000000002372                __addsf3
 .text.__divsf3
                0x00000000000026dc      0x2b2 /home/alarm/Downloads/RISC-V/MRS250/MRS-linux-x64/resources/app/resources/linux/components/WCH/Toolchain/RISC-V Embedded GCC/bin/../lib/gcc/riscv-none-embed/8.2.0/rv32imacxw/ilp32/libgcc.a(divsf3.o)
                0x00000000000026dc                __divsf3
 .text.__mulsf3
                0x000000000000298e      0x294 /home/alarm/Downloads/RISC-V/MRS250/MRS-linux-x64/resources/app/resources/linux/components/WCH/Toolchain/RISC-V Embedded GCC/bin/../lib/gcc/riscv-none-embed/8.2.0/rv32imacxw/ilp32/libgcc.a(mulsf3.o)
                0x000000000000298e                __mulsf3
 .text.__subsf3
                0x0000000000002c22      0x388 /home/alarm/Downloads/RISC-V/MRS250/MRS-linux-x64/resources/app/resources/linux/components/WCH/Toolchain/RISC-V Embedded GCC/bin/../lib/gcc/riscv-none-embed/8.2.0/rv32imacxw/ilp32/libgcc.a(subsf3.o)
                0x0000000000002c22                __subsf3
 .text.__fixsfsi
                0x0000000000002faa       0x62 /home/alarm/Downloads/RISC-V/MRS250/MRS-linux-x64/resources/app/resources/linux/components/WCH/Toolchain/RISC-V Embedded GCC/bin/../lib/gcc/riscv-none-embed/8.2.0/rv32imacxw/ilp32/libgcc.a(fixsfsi.o)
                0x0000000000002faa                __fixsfsi
 .text.__fixunssfsi
                0x000000000000300c       0x56 /home/alarm/Downloads/RISC-V/MRS250/MRS-linux-x64/resources/app/resources/linux/components/WCH/Toolchain/RISC-V Embedded GCC/bin/../lib/gcc/riscv-none-embed/8.2.0/rv32imacxw/ilp32/libgcc.a(fixunssfsi.o)
                0x000000000000300c                __fixunssfsi
 .text.__floatsisf
                0x0000000000003062       0xc6 /home/alarm/Downloads/RISC-V/MRS250/MRS-linux-x64/resources/app/resources/linux/components/WCH/Toolchain/RISC-V Embedded GCC/bin/../lib/gcc/riscv-none-embed/8.2.0/rv32imacxw/ilp32/libgcc.a(floatsisf.o)
                0x0000000000003062                __floatsisf
 .text.__floatunsisf
                0x0000000000003128       0xce /home/alarm/Downloads/RISC-V/MRS250/MRS-linux-x64/resources/app/resources/linux/components/WCH/Toolchain/RISC-V Embedded GCC/bin/../lib/gcc/riscv-none-embed/8.2.0/rv32imacxw/ilp32/libgcc.a(floatunsisf.o)
                0x0000000000003128                __floatunsisf
 .text.__truncdfsf2
                0x00000000000031f6      0x16a /home/alarm/Downloads/RISC-V/MRS250/MRS-linux-x64/resources/app/resources/linux/components/WCH/Toolchain/RISC-V Embedded GCC/bin/../lib/gcc/riscv-none-embed/8.2.0/rv32imacxw/ilp32/libgcc.a(truncdfsf2.o)
                0x00000000000031f6                __truncdfsf2
 .text.__clzsi2
                0x0000000000003360       0x6e /home/alarm/Downloads/RISC-V/MRS250/MRS-linux-x64/resources/app/resources/linux/components/WCH/Toolchain/RISC-V Embedded GCC/bin/../lib/gcc/riscv-none-embed/8.2.0/rv32imacxw/ilp32/libgcc.a(_clzsi2.o)
                0x0000000000003360                __clzsi2
 .text.atof     0x00000000000033ce        0x6 /home/alarm/Downloads/RISC-V/MRS250/MRS-linux-x64/resources/app/resources/linux/components/WCH/Toolchain/RISC-V Embedded GCC/bin/../lib/gcc/riscv-none-embed/8.2.0/../../../../riscv-none-embed/lib/rv32imacxw/ilp32/libg_nano.a(lib_a-atof.o)
                0x00000000000033ce                atof
 .text.atoi     0x00000000000033d4        0x8 /home/alarm/Downloads/RISC-V/MRS250/MRS-linux-x64/resources/app/resources/linux/components/WCH/Toolchain/RISC-V Embedded GCC/bin/../lib/gcc/riscv-none-embed/8.2.0/../../../../riscv-none-embed/lib/rv32imacxw/ilp32/libg_nano.a(lib_a-atoi.o)
                0x00000000000033d4                atoi
 .text.atol     0x00000000000033dc        0x8 /home/alarm/Downloads/RISC-V/MRS250/MRS-linux-x64/resources/app/resources/linux/components/WCH/Toolchain/RISC-V Embedded GCC/bin/../lib/gcc/riscv-none-embed/8.2.0/../../../../riscv-none-embed/lib/rv32imacxw/ilp32/libg_nano.a(lib_a-atol.o)
                0x00000000000033dc                atol
 .text.calloc   0x00000000000033e4        0xc /home/alarm/Downloads/RISC-V/MRS250/MRS-linux-x64/resources/app/resources/linux/components/WCH/Toolchain/RISC-V Embedded GCC/bin/../lib/gcc/riscv-none-embed/8.2.0/../../../../riscv-none-embed/lib/rv32imacxw/ilp32/libg_nano.a(lib_a-calloc.o)
                0x00000000000033e4                calloc
 .text.malloc   0x00000000000033f0        0xa /home/alarm/Downloads/RISC-V/MRS250/MRS-linux-x64/resources/app/resources/linux/components/WCH/Toolchain/RISC-V Embedded GCC/bin/../lib/gcc/riscv-none-embed/8.2.0/../../../../riscv-none-embed/lib/rv32imacxw/ilp32/libg_nano.a(lib_a-malloc.o)
                0x00000000000033f0                malloc
 .text.free     0x00000000000033fa        0xa /home/alarm/Downloads/RISC-V/MRS250/MRS-linux-x64/resources/app/resources/linux/components/WCH/Toolchain/RISC-V Embedded GCC/bin/../lib/gcc/riscv-none-embed/8.2.0/../../../../riscv-none-embed/lib/rv32imacxw/ilp32/libg_nano.a(lib_a-malloc.o)
                0x00000000000033fa                free
 .text.memcpy   0x0000000000003404       0xb2 /home/alarm/Downloads/RISC-V/MRS250/MRS-linux-x64/resources/app/resources/linux/components/WCH/Toolchain/RISC-V Embedded GCC/bin/../lib/gcc/riscv-none-embed/8.2.0/../../../../riscv-none-embed/lib/rv32imacxw/ilp32/libg_nano.a(lib_a-memcpy.o)
                0x0000000000003404                memcpy
 .text._calloc_r
                0x00000000000034b6       0x26 /home/alarm/Downloads/RISC-V/MRS250/MRS-linux-x64/resources/app/resources/linux/components/WCH/Toolchain/RISC-V Embedded GCC/bin/../lib/gcc/riscv-none-embed/8.2.0/../../../../riscv-none-embed/lib/rv32imacxw/ilp32/libg_nano.a(lib_a-nano-callocr.o)
                0x00000000000034b6                _calloc_r
 .text._free_r  0x00000000000034dc       0xa8 /home/alarm/Downloads/RISC-V/MRS250/MRS-linux-x64/resources/app/resources/linux/components/WCH/Toolchain/RISC-V Embedded GCC/bin/../lib/gcc/riscv-none-embed/8.2.0/../../../../riscv-none-embed/lib/rv32imacxw/ilp32/libg_nano.a(lib_a-nano-freer.o)
                0x00000000000034dc                _free_r
 .text._malloc_r
                0x0000000000003584       0xd4 /home/alarm/Downloads/RISC-V/MRS250/MRS-linux-x64/resources/app/resources/linux/components/WCH/Toolchain/RISC-V Embedded GCC/bin/../lib/gcc/riscv-none-embed/8.2.0/../../../../riscv-none-embed/lib/rv32imacxw/ilp32/libg_nano.a(lib_a-nano-mallocr.o)
                0x0000000000003584                _malloc_r
 .text.printf   0x0000000000003658       0x42 /home/alarm/Downloads/RISC-V/MRS250/MRS-linux-x64/resources/app/resources/linux/components/WCH/Toolchain/RISC-V Embedded GCC/bin/../lib/gcc/riscv-none-embed/8.2.0/../../../../riscv-none-embed/lib/rv32imacxw/ilp32/libg_nano.a(lib_a-printf.o)
                0x0000000000003658                printf
                0x0000000000003658                iprintf
 .text._sbrk_r  0x000000000000369a       0x2a /home/alarm/Downloads/RISC-V/MRS250/MRS-linux-x64/resources/app/resources/linux/components/WCH/Toolchain/RISC-V Embedded GCC/bin/../lib/gcc/riscv-none-embed/8.2.0/../../../../riscv-none-embed/lib/rv32imacxw/ilp32/libg_nano.a(lib_a-sbrkr.o)
                0x000000000000369a                _sbrk_r
 .text.sprintf  0x00000000000036c4       0x46 /home/alarm/Downloads/RISC-V/MRS250/MRS-linux-x64/resources/app/resources/linux/components/WCH/Toolchain/RISC-V Embedded GCC/bin/../lib/gcc/riscv-none-embed/8.2.0/../../../../riscv-none-embed/lib/rv32imacxw/ilp32/libg_nano.a(lib_a-sprintf.o)
                0x00000000000036c4                sprintf
                0x00000000000036c4                siprintf
 .text.strcat   0x000000000000370a       0x1e /home/alarm/Downloads/RISC-V/MRS250/MRS-linux-x64/resources/app/resources/linux/components/WCH/Toolchain/RISC-V Embedded GCC/bin/../lib/gcc/riscv-none-embed/8.2.0/../../../../riscv-none-embed/lib/rv32imacxw/ilp32/libg_nano.a(lib_a-strcat.o)
                0x000000000000370a                strcat
 .text.strchr   0x0000000000003728       0x18 /home/alarm/Downloads/RISC-V/MRS250/MRS-linux-x64/resources/app/resources/linux/components/WCH/Toolchain/RISC-V Embedded GCC/bin/../lib/gcc/riscv-none-embed/8.2.0/../../../../riscv-none-embed/lib/rv32imacxw/ilp32/libg_nano.a(lib_a-strchr.o)
                0x0000000000003728                strchr
 .text.strcpy   0x0000000000003740       0x10 /home/alarm/Downloads/RISC-V/MRS250/MRS-linux-x64/resources/app/resources/linux/components/WCH/Toolchain/RISC-V Embedded GCC/bin/../lib/gcc/riscv-none-embed/8.2.0/../../../../riscv-none-embed/lib/rv32imacxw/ilp32/libg_nano.a(lib_a-strcpy.o)
                0x0000000000003740                strcpy
 .text.strlen   0x0000000000003750       0x12 /home/alarm/Downloads/RISC-V/MRS250/MRS-linux-x64/resources/app/resources/linux/components/WCH/Toolchain/RISC-V Embedded GCC/bin/../lib/gcc/riscv-none-embed/8.2.0/../../../../riscv-none-embed/lib/rv32imacxw/ilp32/libg_nano.a(lib_a-strlen.o)
                0x0000000000003750                strlen
 .text.strncmp  0x0000000000003762       0x28 /home/alarm/Downloads/RISC-V/MRS250/MRS-linux-x64/resources/app/resources/linux/components/WCH/Toolchain/RISC-V Embedded GCC/bin/../lib/gcc/riscv-none-embed/8.2.0/../../../../riscv-none-embed/lib/rv32imacxw/ilp32/libg_nano.a(lib_a-strncmp.o)
                0x0000000000003762                strncmp
 .text.strstr   0x000000000000378a       0x34 /home/alarm/Downloads/RISC-V/MRS250/MRS-linux-x64/resources/app/resources/linux/components/WCH/Toolchain/RISC-V Embedded GCC/bin/../lib/gcc/riscv-none-embed/8.2.0/../../../../riscv-none-embed/lib/rv32imacxw/ilp32/libg_nano.a(lib_a-strstr.o)
                0x000000000000378a                strstr
 .text.sulp     0x00000000000037be       0x4e /home/alarm/Downloads/RISC-V/MRS250/MRS-linux-x64/resources/app/resources/linux/components/WCH/Toolchain/RISC-V Embedded GCC/bin/../lib/gcc/riscv-none-embed/8.2.0/../../../../riscv-none-embed/lib/rv32imacxw/ilp32/libg_nano.a(lib_a-strtod.o)
 .text._strtod_l
                0x000000000000380c      0xc6c /home/alarm/Downloads/RISC-V/MRS250/MRS-linux-x64/resources/app/resources/linux/components/WCH/Toolchain/RISC-V Embedded GCC/bin/../lib/gcc/riscv-none-embed/8.2.0/../../../../riscv-none-embed/lib/rv32imacxw/ilp32/libg_nano.a(lib_a-strtod.o)
                0x000000000000380c                _strtod_l
 .text.strtod   0x0000000000004478       0x1c /home/alarm/Downloads/RISC-V/MRS250/MRS-linux-x64/resources/app/resources/linux/components/WCH/Toolchain/RISC-V Embedded GCC/bin/../lib/gcc/riscv-none-embed/8.2.0/../../../../riscv-none-embed/lib/rv32imacxw/ilp32/libg_nano.a(lib_a-strtod.o)
                0x0000000000004478                strtod
 .text._strtol_l.isra.0
                0x0000000000004494      0x13a /home/alarm/Downloads/RISC-V/MRS250/MRS-linux-x64/resources/app/resources/linux/components/WCH/Toolchain/RISC-V Embedded GCC/bin/../lib/gcc/riscv-none-embed/8.2.0/../../../../riscv-none-embed/lib/rv32imacxw/ilp32/libg_nano.a(lib_a-strtol.o)
 .text.strtol   0x00000000000045ce       0x1e /home/alarm/Downloads/RISC-V/MRS250/MRS-linux-x64/resources/app/resources/linux/components/WCH/Toolchain/RISC-V Embedded GCC/bin/../lib/gcc/riscv-none-embed/8.2.0/../../../../riscv-none-embed/lib/rv32imacxw/ilp32/libg_nano.a(lib_a-strtol.o)
                0x00000000000045ce                strtol
 .text._vsnprintf_r
                0x00000000000045ec       0x5c /home/alarm/Downloads/RISC-V/MRS250/MRS-linux-x64/resources/app/resources/linux/components/WCH/Toolchain/RISC-V Embedded GCC/bin/../lib/gcc/riscv-none-embed/8.2.0/../../../../riscv-none-embed/lib/rv32imacxw/ilp32/libg_nano.a(lib_a-vsnprintf.o)
                0x00000000000045ec                _vsnprintf_r
                0x00000000000045ec                _vsniprintf_r
 .text.vsnprintf
                0x0000000000004648       0x12 /home/alarm/Downloads/RISC-V/MRS250/MRS-linux-x64/resources/app/resources/linux/components/WCH/Toolchain/RISC-V Embedded GCC/bin/../lib/gcc/riscv-none-embed/8.2.0/../../../../riscv-none-embed/lib/rv32imacxw/ilp32/libg_nano.a(lib_a-vsnprintf.o)
                0x0000000000004648                vsnprintf
                0x0000000000004648                vsniprintf
 .text.std      0x000000000000465a       0x66 /home/alarm/Downloads/RISC-V/MRS250/MRS-linux-x64/resources/app/resources/linux/components/WCH/Toolchain/RISC-V Embedded GCC/bin/../lib/gcc/riscv-none-embed/8.2.0/../../../../riscv-none-embed/lib/rv32imacxw/ilp32/libg_nano.a(lib_a-findfp.o)
 .text._cleanup_r
                0x00000000000046c0        0xa /home/alarm/Downloads/RISC-V/MRS250/MRS-linux-x64/resources/app/resources/linux/components/WCH/Toolchain/RISC-V Embedded GCC/bin/../lib/gcc/riscv-none-embed/8.2.0/../../../../riscv-none-embed/lib/rv32imacxw/ilp32/libg_nano.a(lib_a-findfp.o)
                0x00000000000046c0                _cleanup_r
 .text.__sfmoreglue
                0x00000000000046ca       0x48 /home/alarm/Downloads/RISC-V/MRS250/MRS-linux-x64/resources/app/resources/linux/components/WCH/Toolchain/RISC-V Embedded GCC/bin/../lib/gcc/riscv-none-embed/8.2.0/../../../../riscv-none-embed/lib/rv32imacxw/ilp32/libg_nano.a(lib_a-findfp.o)
                0x00000000000046ca                __sfmoreglue
 .text.__sinit  0x0000000000004712       0x6c /home/alarm/Downloads/RISC-V/MRS250/MRS-linux-x64/resources/app/resources/linux/components/WCH/Toolchain/RISC-V Embedded GCC/bin/../lib/gcc/riscv-none-embed/8.2.0/../../../../riscv-none-embed/lib/rv32imacxw/ilp32/libg_nano.a(lib_a-findfp.o)
                0x0000000000004712                __sinit
 .text.__sfp    0x000000000000477e       0xa0 /home/alarm/Downloads/RISC-V/MRS250/MRS-linux-x64/resources/app/resources/linux/components/WCH/Toolchain/RISC-V Embedded GCC/bin/../lib/gcc/riscv-none-embed/8.2.0/../../../../riscv-none-embed/lib/rv32imacxw/ilp32/libg_nano.a(lib_a-findfp.o)
                0x000000000000477e                __sfp
 .text._fwalk_reent
                0x000000000000481e       0x6a /home/alarm/Downloads/RISC-V/MRS250/MRS-linux-x64/resources/app/resources/linux/components/WCH/Toolchain/RISC-V Embedded GCC/bin/../lib/gcc/riscv-none-embed/8.2.0/../../../../riscv-none-embed/lib/rv32imacxw/ilp32/libg_nano.a(lib_a-fwalk.o)
                0x000000000000481e                _fwalk_reent
 .text.rshift   0x0000000000004888       0x76 /home/alarm/Downloads/RISC-V/MRS250/MRS-linux-x64/resources/app/resources/linux/components/WCH/Toolchain/RISC-V Embedded GCC/bin/../lib/gcc/riscv-none-embed/8.2.0/../../../../riscv-none-embed/lib/rv32imacxw/ilp32/libg_nano.a(lib_a-gdtoa-gethex.o)
 .text.__hexdig_fun
                0x00000000000048fe       0x40 /home/alarm/Downloads/RISC-V/MRS250/MRS-linux-x64/resources/app/resources/linux/components/WCH/Toolchain/RISC-V Embedded GCC/bin/../lib/gcc/riscv-none-embed/8.2.0/../../../../riscv-none-embed/lib/rv32imacxw/ilp32/libg_nano.a(lib_a-gdtoa-gethex.o)
                0x00000000000048fe                __hexdig_fun
 .text.__gethex
                0x000000000000493e      0x4ca /home/alarm/Downloads/RISC-V/MRS250/MRS-linux-x64/resources/app/resources/linux/components/WCH/Toolchain/RISC-V Embedded GCC/bin/../lib/gcc/riscv-none-embed/8.2.0/../../../../riscv-none-embed/lib/rv32imacxw/ilp32/libg_nano.a(lib_a-gdtoa-gethex.o)
                0x000000000000493e                __gethex
 .text.L_shift  0x0000000000004e08       0x2c /home/alarm/Downloads/RISC-V/MRS250/MRS-linux-x64/resources/app/resources/linux/components/WCH/Toolchain/RISC-V Embedded GCC/bin/../lib/gcc/riscv-none-embed/8.2.0/../../../../riscv-none-embed/lib/rv32imacxw/ilp32/libg_nano.a(lib_a-gdtoa-hexnan.o)
 .text.__match  0x0000000000004e34       0x2e /home/alarm/Downloads/RISC-V/MRS250/MRS-linux-x64/resources/app/resources/linux/components/WCH/Toolchain/RISC-V Embedded GCC/bin/../lib/gcc/riscv-none-embed/8.2.0/../../../../riscv-none-embed/lib/rv32imacxw/ilp32/libg_nano.a(lib_a-gdtoa-hexnan.o)
                0x0000000000004e34                __match
 .text.__hexnan
                0x0000000000004e62      0x15e /home/alarm/Downloads/RISC-V/MRS250/MRS-linux-x64/resources/app/resources/linux/components/WCH/Toolchain/RISC-V Embedded GCC/bin/../lib/gcc/riscv-none-embed/8.2.0/../../../../riscv-none-embed/lib/rv32imacxw/ilp32/libg_nano.a(lib_a-gdtoa-hexnan.o)
                0x0000000000004e62                __hexnan
 .text.__locale_ctype_ptr_l
                0x0000000000004fc0        0x6 /home/alarm/Downloads/RISC-V/MRS250/MRS-linux-x64/resources/app/resources/linux/components/WCH/Toolchain/RISC-V Embedded GCC/bin/../lib/gcc/riscv-none-embed/8.2.0/../../../../riscv-none-embed/lib/rv32imacxw/ilp32/libg_nano.a(lib_a-locale.o)
                0x0000000000004fc0                __locale_ctype_ptr_l
 .text.__localeconv_l
                0x0000000000004fc6        0x6 /home/alarm/Downloads/RISC-V/MRS250/MRS-linux-x64/resources/app/resources/linux/components/WCH/Toolchain/RISC-V Embedded GCC/bin/../lib/gcc/riscv-none-embed/8.2.0/../../../../riscv-none-embed/lib/rv32imacxw/ilp32/libg_nano.a(lib_a-localeconv.o)
                0x0000000000004fc6                __localeconv_l
 .text.__ascii_mbtowc
                0x0000000000004fcc       0x32 /home/alarm/Downloads/RISC-V/MRS250/MRS-linux-x64/resources/app/resources/linux/components/WCH/Toolchain/RISC-V Embedded GCC/bin/../lib/gcc/riscv-none-embed/8.2.0/../../../../riscv-none-embed/lib/rv32imacxw/ilp32/libg_nano.a(lib_a-mbtowc_r.o)
                0x0000000000004fcc                __ascii_mbtowc
 .text.__malloc_lock
                0x0000000000004ffe        0x2 /home/alarm/Downloads/RISC-V/MRS250/MRS-linux-x64/resources/app/resources/linux/components/WCH/Toolchain/RISC-V Embedded GCC/bin/../lib/gcc/riscv-none-embed/8.2.0/../../../../riscv-none-embed/lib/rv32imacxw/ilp32/libg_nano.a(lib_a-mlock.o)
                0x0000000000004ffe                __malloc_lock
 .text.__malloc_unlock
                0x0000000000005000        0x2 /home/alarm/Downloads/RISC-V/MRS250/MRS-linux-x64/resources/app/resources/linux/components/WCH/Toolchain/RISC-V Embedded GCC/bin/../lib/gcc/riscv-none-embed/8.2.0/../../../../riscv-none-embed/lib/rv32imacxw/ilp32/libg_nano.a(lib_a-mlock.o)
                0x0000000000005000                __malloc_unlock
 .text._Balloc  0x0000000000005002       0x8c /home/alarm/Downloads/RISC-V/MRS250/MRS-linux-x64/resources/app/resources/linux/components/WCH/Toolchain/RISC-V Embedded GCC/bin/../lib/gcc/riscv-none-embed/8.2.0/../../../../riscv-none-embed/lib/rv32imacxw/ilp32/libg_nano.a(lib_a-mprec.o)
                0x0000000000005002                _Balloc
 .text._Bfree   0x000000000000508e       0x44 /home/alarm/Downloads/RISC-V/MRS250/MRS-linux-x64/resources/app/resources/linux/components/WCH/Toolchain/RISC-V Embedded GCC/bin/../lib/gcc/riscv-none-embed/8.2.0/../../../../riscv-none-embed/lib/rv32imacxw/ilp32/libg_nano.a(lib_a-mprec.o)
                0x000000000000508e                _Bfree
 .text.__multadd
                0x00000000000050d2       0x98 /home/alarm/Downloads/RISC-V/MRS250/MRS-linux-x64/resources/app/resources/linux/components/WCH/Toolchain/RISC-V Embedded GCC/bin/../lib/gcc/riscv-none-embed/8.2.0/../../../../riscv-none-embed/lib/rv32imacxw/ilp32/libg_nano.a(lib_a-mprec.o)
                0x00000000000050d2                __multadd
 .text.__s2b    0x000000000000516a       0xa4 /home/alarm/Downloads/RISC-V/MRS250/MRS-linux-x64/resources/app/resources/linux/components/WCH/Toolchain/RISC-V Embedded GCC/bin/../lib/gcc/riscv-none-embed/8.2.0/../../../../riscv-none-embed/lib/rv32imacxw/ilp32/libg_nano.a(lib_a-mprec.o)
                0x000000000000516a                __s2b
 .text.__hi0bits
                0x000000000000520e       0x46 /home/alarm/Downloads/RISC-V/MRS250/MRS-linux-x64/resources/app/resources/linux/components/WCH/Toolchain/RISC-V Embedded GCC/bin/../lib/gcc/riscv-none-embed/8.2.0/../../../../riscv-none-embed/lib/rv32imacxw/ilp32/libg_nano.a(lib_a-mprec.o)
                0x000000000000520e                __hi0bits
 .text.__lo0bits
                0x0000000000005254       0x6a /home/alarm/Downloads/RISC-V/MRS250/MRS-linux-x64/resources/app/resources/linux/components/WCH/Toolchain/RISC-V Embedded GCC/bin/../lib/gcc/riscv-none-embed/8.2.0/../../../../riscv-none-embed/lib/rv32imacxw/ilp32/libg_nano.a(lib_a-mprec.o)
                0x0000000000005254                __lo0bits
 .text.__i2b    0x00000000000052be       0x1c /home/alarm/Downloads/RISC-V/MRS250/MRS-linux-x64/resources/app/resources/linux/components/WCH/Toolchain/RISC-V Embedded GCC/bin/../lib/gcc/riscv-none-embed/8.2.0/../../../../riscv-none-embed/lib/rv32imacxw/ilp32/libg_nano.a(lib_a-mprec.o)
                0x00000000000052be                __i2b
 .text.__multiply
                0x00000000000052da      0x144 /home/alarm/Downloads/RISC-V/MRS250/MRS-linux-x64/resources/app/resources/linux/components/WCH/Toolchain/RISC-V Embedded GCC/bin/../lib/gcc/riscv-none-embed/8.2.0/../../../../riscv-none-embed/lib/rv32imacxw/ilp32/libg_nano.a(lib_a-mprec.o)
                0x00000000000052da                __multiply
 .text.__pow5mult
                0x000000000000541e       0xbe /home/alarm/Downloads/RISC-V/MRS250/MRS-linux-x64/resources/app/resources/linux/components/WCH/Toolchain/RISC-V Embedded GCC/bin/../lib/gcc/riscv-none-embed/8.2.0/../../../../riscv-none-embed/lib/rv32imacxw/ilp32/libg_nano.a(lib_a-mprec.o)
                0x000000000000541e                __pow5mult
 .text.__lshift
                0x00000000000054dc       0xce /home/alarm/Downloads/RISC-V/MRS250/MRS-linux-x64/resources/app/resources/linux/components/WCH/Toolchain/RISC-V Embedded GCC/bin/../lib/gcc/riscv-none-embed/8.2.0/../../../../riscv-none-embed/lib/rv32imacxw/ilp32/libg_nano.a(lib_a-mprec.o)
                0x00000000000054dc                __lshift
 .text.__mcmp   0x00000000000055aa       0x32 /home/alarm/Downloads/RISC-V/MRS250/MRS-linux-x64/resources/app/resources/linux/components/WCH/Toolchain/RISC-V Embedded GCC/bin/../lib/gcc/riscv-none-embed/8.2.0/../../../../riscv-none-embed/lib/rv32imacxw/ilp32/libg_nano.a(lib_a-mprec.o)
                0x00000000000055aa                __mcmp
 .text.__mdiff  0x00000000000055dc       0xf2 /home/alarm/Downloads/RISC-V/MRS250/MRS-linux-x64/resources/app/resources/linux/components/WCH/Toolchain/RISC-V Embedded GCC/bin/../lib/gcc/riscv-none-embed/8.2.0/../../../../riscv-none-embed/lib/rv32imacxw/ilp32/libg_nano.a(lib_a-mprec.o)
                0x00000000000055dc                __mdiff
 .text.__ulp    0x00000000000056ce       0x46 /home/alarm/Downloads/RISC-V/MRS250/MRS-linux-x64/resources/app/resources/linux/components/WCH/Toolchain/RISC-V Embedded GCC/bin/../lib/gcc/riscv-none-embed/8.2.0/../../../../riscv-none-embed/lib/rv32imacxw/ilp32/libg_nano.a(lib_a-mprec.o)
                0x00000000000056ce                __ulp
 .text.__b2d    0x0000000000005714       0xb4 /home/alarm/Downloads/RISC-V/MRS250/MRS-linux-x64/resources/app/resources/linux/components/WCH/Toolchain/RISC-V Embedded GCC/bin/../lib/gcc/riscv-none-embed/8.2.0/../../../../riscv-none-embed/lib/rv32imacxw/ilp32/libg_nano.a(lib_a-mprec.o)
                0x0000000000005714                __b2d
 .text.__d2b    0x00000000000057c8       0xd4 /home/alarm/Downloads/RISC-V/MRS250/MRS-linux-x64/resources/app/resources/linux/components/WCH/Toolchain/RISC-V Embedded GCC/bin/../lib/gcc/riscv-none-embed/8.2.0/../../../../riscv-none-embed/lib/rv32imacxw/ilp32/libg_nano.a(lib_a-mprec.o)
                0x00000000000057c8                __d2b
 .text.__ratio  0x000000000000589c       0x74 /home/alarm/Downloads/RISC-V/MRS250/MRS-linux-x64/resources/app/resources/linux/components/WCH/Toolchain/RISC-V Embedded GCC/bin/../lib/gcc/riscv-none-embed/8.2.0/../../../../riscv-none-embed/lib/rv32imacxw/ilp32/libg_nano.a(lib_a-mprec.o)
                0x000000000000589c                __ratio
 .text.__copybits
                0x0000000000005910       0x36 /home/alarm/Downloads/RISC-V/MRS250/MRS-linux-x64/resources/app/resources/linux/components/WCH/Toolchain/RISC-V Embedded GCC/bin/../lib/gcc/riscv-none-embed/8.2.0/../../../../riscv-none-embed/lib/rv32imacxw/ilp32/libg_nano.a(lib_a-mprec.o)
                0x0000000000005910                __copybits
 .text.__any_on
                0x0000000000005946       0x46 /home/alarm/Downloads/RISC-V/MRS250/MRS-linux-x64/resources/app/resources/linux/components/WCH/Toolchain/RISC-V Embedded GCC/bin/../lib/gcc/riscv-none-embed/8.2.0/../../../../riscv-none-embed/lib/rv32imacxw/ilp32/libg_nano.a(lib_a-mprec.o)
                0x0000000000005946                __any_on
 .text.__ssputs_r
                0x000000000000598c       0xe4 /home/alarm/Downloads/RISC-V/MRS250/MRS-linux-x64/resources/app/resources/linux/components/WCH/Toolchain/RISC-V Embedded GCC/bin/../lib/gcc/riscv-none-embed/8.2.0/../../../../riscv-none-embed/lib/rv32imacxw/ilp32/libg_nano.a(lib_a-nano-svfprintf.o)
                0x000000000000598c                __ssputs_r
 .text._svfprintf_r
                0x0000000000005a70      0x26a /home/alarm/Downloads/RISC-V/MRS250/MRS-linux-x64/resources/app/resources/linux/components/WCH/Toolchain/RISC-V Embedded GCC/bin/../lib/gcc/riscv-none-embed/8.2.0/../../../../riscv-none-embed/lib/rv32imacxw/ilp32/libg_nano.a(lib_a-nano-svfprintf.o)
                0x0000000000005a70                _svfprintf_r
                0x0000000000005a70                _svfiprintf_r
 .text.__sfputc_r
                0x0000000000005cda       0x26 /home/alarm/Downloads/RISC-V/MRS250/MRS-linux-x64/resources/app/resources/linux/components/WCH/Toolchain/RISC-V Embedded GCC/bin/../lib/gcc/riscv-none-embed/8.2.0/../../../../riscv-none-embed/lib/rv32imacxw/ilp32/libg_nano.a(lib_a-nano-vfprintf.o)
 .text.__sfputs_r
                0x0000000000005d00       0x42 /home/alarm/Downloads/RISC-V/MRS250/MRS-linux-x64/resources/app/resources/linux/components/WCH/Toolchain/RISC-V Embedded GCC/bin/../lib/gcc/riscv-none-embed/8.2.0/../../../../riscv-none-embed/lib/rv32imacxw/ilp32/libg_nano.a(lib_a-nano-vfprintf.o)
                0x0000000000005d00                __sfputs_r
 .text._vfprintf_r
                0x0000000000005d42      0x28c /home/alarm/Downloads/RISC-V/MRS250/MRS-linux-x64/resources/app/resources/linux/components/WCH/Toolchain/RISC-V Embedded GCC/bin/../lib/gcc/riscv-none-embed/8.2.0/../../../../riscv-none-embed/lib/rv32imacxw/ilp32/libg_nano.a(lib_a-nano-vfprintf.o)
                0x0000000000005d42                _vfiprintf_r
                0x0000000000005d42                _vfprintf_r
 .text._printf_common
                0x0000000000005fce      0x10c /home/alarm/Downloads/RISC-V/MRS250/MRS-linux-x64/resources/app/resources/linux/components/WCH/Toolchain/RISC-V Embedded GCC/bin/../lib/gcc/riscv-none-embed/8.2.0/../../../../riscv-none-embed/lib/rv32imacxw/ilp32/libg_nano.a(lib_a-nano-vfprintf_i.o)
                0x0000000000005fce                _printf_common
 .text._printf_i
                0x00000000000060da      0x2a2 /home/alarm/Downloads/RISC-V/MRS250/MRS-linux-x64/resources/app/resources/linux/components/WCH/Toolchain/RISC-V Embedded GCC/bin/../lib/gcc/riscv-none-embed/8.2.0/../../../../riscv-none-embed/lib/rv32imacxw/ilp32/libg_nano.a(lib_a-nano-vfprintf_i.o)
                0x00000000000060da                _printf_i
 .text.__sread  0x000000000000637c       0x2c /home/alarm/Downloads/RISC-V/MRS250/MRS-linux-x64/resources/app/resources/linux/components/WCH/Toolchain/RISC-V Embedded GCC/bin/../lib/gcc/riscv-none-embed/8.2.0/../../../../riscv-none-embed/lib/rv32imacxw/ilp32/libg_nano.a(lib_a-stdio.o)
                0x000000000000637c                __sread
 .text.__swrite
                0x00000000000063a8       0x48 /home/alarm/Downloads/RISC-V/MRS250/MRS-linux-x64/resources/app/resources/linux/components/WCH/Toolchain/RISC-V Embedded GCC/bin/../lib/gcc/riscv-none-embed/8.2.0/../../../../riscv-none-embed/lib/rv32imacxw/ilp32/libg_nano.a(lib_a-stdio.o)
                0x00000000000063a8                __swrite
 .text.__sseek  0x00000000000063f0       0x30 /home/alarm/Downloads/RISC-V/MRS250/MRS-linux-x64/resources/app/resources/linux/components/WCH/Toolchain/RISC-V Embedded GCC/bin/../lib/gcc/riscv-none-embed/8.2.0/../../../../riscv-none-embed/lib/rv32imacxw/ilp32/libg_nano.a(lib_a-stdio.o)
                0x00000000000063f0                __sseek
 .text.__sclose
                0x0000000000006420        0x6 /home/alarm/Downloads/RISC-V/MRS250/MRS-linux-x64/resources/app/resources/linux/components/WCH/Toolchain/RISC-V Embedded GCC/bin/../lib/gcc/riscv-none-embed/8.2.0/../../../../riscv-none-embed/lib/rv32imacxw/ilp32/libg_nano.a(lib_a-stdio.o)
                0x0000000000006420                __sclose
 .text.__swbuf_r
                0x0000000000006426       0xbe /home/alarm/Downloads/RISC-V/MRS250/MRS-linux-x64/resources/app/resources/linux/components/WCH/Toolchain/RISC-V Embedded GCC/bin/../lib/gcc/riscv-none-embed/8.2.0/../../../../riscv-none-embed/lib/rv32imacxw/ilp32/libg_nano.a(lib_a-wbuf.o)
                0x0000000000006426                __swbuf_r
 .text.__ascii_wctomb
                0x00000000000064e4       0x1e /home/alarm/Downloads/RISC-V/MRS250/MRS-linux-x64/resources/app/resources/linux/components/WCH/Toolchain/RISC-V Embedded GCC/bin/../lib/gcc/riscv-none-embed/8.2.0/../../../../riscv-none-embed/lib/rv32imacxw/ilp32/libg_nano.a(lib_a-wctomb_r.o)
                0x00000000000064e4                __ascii_wctomb
 .text._write_r
                0x0000000000006502       0x2e /home/alarm/Downloads/RISC-V/MRS250/MRS-linux-x64/resources/app/resources/linux/components/WCH/Toolchain/RISC-V Embedded GCC/bin/../lib/gcc/riscv-none-embed/8.2.0/../../../../riscv-none-embed/lib/rv32imacxw/ilp32/libg_nano.a(lib_a-writer.o)
                0x0000000000006502                _write_r
 .text.__swsetup_r
                0x0000000000006530      0x100 /home/alarm/Downloads/RISC-V/MRS250/MRS-linux-x64/resources/app/resources/linux/components/WCH/Toolchain/RISC-V Embedded GCC/bin/../lib/gcc/riscv-none-embed/8.2.0/../../../../riscv-none-embed/lib/rv32imacxw/ilp32/libg_nano.a(lib_a-wsetup.o)
                0x0000000000006530                __swsetup_r
 .text._close_r
                0x0000000000006630       0x2a /home/alarm/Downloads/RISC-V/MRS250/MRS-linux-x64/resources/app/resources/linux/components/WCH/Toolchain/RISC-V Embedded GCC/bin/../lib/gcc/riscv-none-embed/8.2.0/../../../../riscv-none-embed/lib/rv32imacxw/ilp32/libg_nano.a(lib_a-closer.o)
                0x0000000000006630                _close_r
 .text.__sflush_r
                0x000000000000665a      0x132 /home/alarm/Downloads/RISC-V/MRS250/MRS-linux-x64/resources/app/resources/linux/components/WCH/Toolchain/RISC-V Embedded GCC/bin/../lib/gcc/riscv-none-embed/8.2.0/../../../../riscv-none-embed/lib/rv32imacxw/ilp32/libg_nano.a(lib_a-fflush.o)
                0x000000000000665a                __sflush_r
 .text._fflush_r
                0x000000000000678c       0x68 /home/alarm/Downloads/RISC-V/MRS250/MRS-linux-x64/resources/app/resources/linux/components/WCH/Toolchain/RISC-V Embedded GCC/bin/../lib/gcc/riscv-none-embed/8.2.0/../../../../riscv-none-embed/lib/rv32imacxw/ilp32/libg_nano.a(lib_a-fflush.o)
                0x000000000000678c                _fflush_r
 .text._lseek_r
                0x00000000000067f4       0x2e /home/alarm/Downloads/RISC-V/MRS250/MRS-linux-x64/resources/app/resources/linux/components/WCH/Toolchain/RISC-V Embedded GCC/bin/../lib/gcc/riscv-none-embed/8.2.0/../../../../riscv-none-embed/lib/rv32imacxw/ilp32/libg_nano.a(lib_a-lseekr.o)
                0x00000000000067f4                _lseek_r
 .text.__swhatbuf_r
                0x0000000000006822       0x56 /home/alarm/Downloads/RISC-V/MRS250/MRS-linux-x64/resources/app/resources/linux/components/WCH/Toolchain/RISC-V Embedded GCC/bin/../lib/gcc/riscv-none-embed/8.2.0/../../../../riscv-none-embed/lib/rv32imacxw/ilp32/libg_nano.a(lib_a-makebuf.o)
                0x0000000000006822                __swhatbuf_r
 .text.__smakebuf_r
                0x0000000000006878       0x92 /home/alarm/Downloads/RISC-V/MRS250/MRS-linux-x64/resources/app/resources/linux/components/WCH/Toolchain/RISC-V Embedded GCC/bin/../lib/gcc/riscv-none-embed/8.2.0/../../../../riscv-none-embed/lib/rv32imacxw/ilp32/libg_nano.a(lib_a-makebuf.o)
                0x0000000000006878                __smakebuf_r
 .text.memchr   0x000000000000690a       0x18 /home/alarm/Downloads/RISC-V/MRS250/MRS-linux-x64/resources/app/resources/linux/components/WCH/Toolchain/RISC-V Embedded GCC/bin/../lib/gcc/riscv-none-embed/8.2.0/../../../../riscv-none-embed/lib/rv32imacxw/ilp32/libg_nano.a(lib_a-memchr.o)
                0x000000000000690a                memchr
 .text.memmove  0x0000000000006922       0x46 /home/alarm/Downloads/RISC-V/MRS250/MRS-linux-x64/resources/app/resources/linux/components/WCH/Toolchain/RISC-V Embedded GCC/bin/../lib/gcc/riscv-none-embed/8.2.0/../../../../riscv-none-embed/lib/rv32imacxw/ilp32/libg_nano.a(lib_a-memmove.o)
                0x0000000000006922                memmove
 .text._realloc_r
                0x0000000000006968       0x58 /home/alarm/Downloads/RISC-V/MRS250/MRS-linux-x64/resources/app/resources/linux/components/WCH/Toolchain/RISC-V Embedded GCC/bin/../lib/gcc/riscv-none-embed/8.2.0/../../../../riscv-none-embed/lib/rv32imacxw/ilp32/libg_nano.a(lib_a-nano-reallocr.o)
                0x0000000000006968                _realloc_r
 .text._read_r  0x00000000000069c0       0x2e /home/alarm/Downloads/RISC-V/MRS250/MRS-linux-x64/resources/app/resources/linux/components/WCH/Toolchain/RISC-V Embedded GCC/bin/../lib/gcc/riscv-none-embed/8.2.0/../../../../riscv-none-embed/lib/rv32imacxw/ilp32/libg_nano.a(lib_a-readr.o)
                0x00000000000069c0                _read_r
 .text._fstat_r
                0x00000000000069ee       0x2c /home/alarm/Downloads/RISC-V/MRS250/MRS-linux-x64/resources/app/resources/linux/components/WCH/Toolchain/RISC-V Embedded GCC/bin/../lib/gcc/riscv-none-embed/8.2.0/../../../../riscv-none-embed/lib/rv32imacxw/ilp32/libg_nano.a(lib_a-fstatr.o)
                0x00000000000069ee                _fstat_r
 .text._isatty_r
                0x0000000000006a1a       0x2a /home/alarm/Downloads/RISC-V/MRS250/MRS-linux-x64/resources/app/resources/linux/components/WCH/Toolchain/RISC-V Embedded GCC/bin/../lib/gcc/riscv-none-embed/8.2.0/../../../../riscv-none-embed/lib/rv32imacxw/ilp32/libg_nano.a(lib_a-isattyr.o)
                0x0000000000006a1a                _isatty_r
 .text._malloc_usable_size_r
                0x0000000000006a44       0x14 /home/alarm/Downloads/RISC-V/MRS250/MRS-linux-x64/resources/app/resources/linux/components/WCH/Toolchain/RISC-V Embedded GCC/bin/../lib/gcc/riscv-none-embed/8.2.0/../../../../riscv-none-embed/lib/rv32imacxw/ilp32/libg_nano.a(lib_a-nano-msizer.o)
                0x0000000000006a44                _malloc_usable_size_r
 .text.__adddf3
                0x0000000000006a58      0x730 /home/alarm/Downloads/RISC-V/MRS250/MRS-linux-x64/resources/app/resources/linux/components/WCH/Toolchain/RISC-V Embedded GCC/bin/../lib/gcc/riscv-none-embed/8.2.0/rv32imacxw/ilp32/libgcc.a(adddf3.o)
                0x0000000000006a58                __adddf3
 .text.__divdf3
                0x0000000000007188      0x5b4 /home/alarm/Downloads/RISC-V/MRS250/MRS-linux-x64/resources/app/resources/linux/components/WCH/Toolchain/RISC-V Embedded GCC/bin/../lib/gcc/riscv-none-embed/8.2.0/rv32imacxw/ilp32/libgcc.a(divdf3.o)
                0x0000000000007188                __divdf3
 .text.__eqdf2  0x000000000000773c       0x6a /home/alarm/Downloads/RISC-V/MRS250/MRS-linux-x64/resources/app/resources/linux/components/WCH/Toolchain/RISC-V Embedded GCC/bin/../lib/gcc/riscv-none-embed/8.2.0/rv32imacxw/ilp32/libgcc.a(eqdf2.o)
                0x000000000000773c                __eqdf2
                0x000000000000773c                __nedf2
 .text.__gedf2  0x00000000000077a6       0xae /home/alarm/Downloads/RISC-V/MRS250/MRS-linux-x64/resources/app/resources/linux/components/WCH/Toolchain/RISC-V Embedded GCC/bin/../lib/gcc/riscv-none-embed/8.2.0/rv32imacxw/ilp32/libgcc.a(gedf2.o)
                0x00000000000077a6                __gtdf2
                0x00000000000077a6                __gedf2
 .text.__ledf2  0x0000000000007854       0xb6 /home/alarm/Downloads/RISC-V/MRS250/MRS-linux-x64/resources/app/resources/linux/components/WCH/Toolchain/RISC-V Embedded GCC/bin/../lib/gcc/riscv-none-embed/8.2.0/rv32imacxw/ilp32/libgcc.a(ledf2.o)
                0x0000000000007854                __ltdf2
                0x0000000000007854                __ledf2
 .text.__muldf3
                0x000000000000790a      0x4b8 /home/alarm/Downloads/RISC-V/MRS250/MRS-linux-x64/resources/app/resources/linux/components/WCH/Toolchain/RISC-V Embedded GCC/bin/../lib/gcc/riscv-none-embed/8.2.0/rv32imacxw/ilp32/libgcc.a(muldf3.o)
                0x000000000000790a                __muldf3
 .text.__subdf3
                0x0000000000007dc2      0x73e /home/alarm/Downloads/RISC-V/MRS250/MRS-linux-x64/resources/app/resources/linux/components/WCH/Toolchain/RISC-V Embedded GCC/bin/../lib/gcc/riscv-none-embed/8.2.0/rv32imacxw/ilp32/libgcc.a(subdf3.o)
                0x0000000000007dc2                __subdf3
 .text.__fixdfsi
                0x0000000000008500       0x68 /home/alarm/Downloads/RISC-V/MRS250/MRS-linux-x64/resources/app/resources/linux/components/WCH/Toolchain/RISC-V Embedded GCC/bin/../lib/gcc/riscv-none-embed/8.2.0/rv32imacxw/ilp32/libgcc.a(fixdfsi.o)
                0x0000000000008500                __fixdfsi
 .text.__fixunsdfsi
                0x0000000000008568       0x5c /home/alarm/Downloads/RISC-V/MRS250/MRS-linux-x64/resources/app/resources/linux/components/WCH/Toolchain/RISC-V Embedded GCC/bin/../lib/gcc/riscv-none-embed/8.2.0/rv32imacxw/ilp32/libgcc.a(fixunsdfsi.o)
                0x0000000000008568                __fixunsdfsi
 .text.__floatsidf
                0x00000000000085c4       0x72 /home/alarm/Downloads/RISC-V/MRS250/MRS-linux-x64/resources/app/resources/linux/components/WCH/Toolchain/RISC-V Embedded GCC/bin/../lib/gcc/riscv-none-embed/8.2.0/rv32imacxw/ilp32/libgcc.a(floatsidf.o)
                0x00000000000085c4                __floatsidf
 .text.__floatunsidf
                0x0000000000008636       0x68 /home/alarm/Downloads/RISC-V/MRS250/MRS-linux-x64/resources/app/resources/linux/components/WCH/Toolchain/RISC-V Embedded GCC/bin/../lib/gcc/riscv-none-embed/8.2.0/rv32imacxw/ilp32/libgcc.a(floatunsidf.o)
                0x0000000000008636                __floatunsidf
 .text._close   0x000000000000869e        0xc /home/alarm/Downloads/RISC-V/MRS250/MRS-linux-x64/resources/app/resources/linux/components/WCH/Toolchain/RISC-V Embedded GCC/bin/../lib/gcc/riscv-none-embed/8.2.0/../../../../riscv-none-embed/lib/rv32imacxw/ilp32/libnosys.a(close.o)
                0x000000000000869e                _close
 .text._fstat   0x00000000000086aa        0xc /home/alarm/Downloads/RISC-V/MRS250/MRS-linux-x64/resources/app/resources/linux/components/WCH/Toolchain/RISC-V Embedded GCC/bin/../lib/gcc/riscv-none-embed/8.2.0/../../../../riscv-none-embed/lib/rv32imacxw/ilp32/libnosys.a(fstat.o)
                0x00000000000086aa                _fstat
 .text._isatty  0x00000000000086b6        0xc /home/alarm/Downloads/RISC-V/MRS250/MRS-linux-x64/resources/app/resources/linux/components/WCH/Toolchain/RISC-V Embedded GCC/bin/../lib/gcc/riscv-none-embed/8.2.0/../../../../riscv-none-embed/lib/rv32imacxw/ilp32/libnosys.a(isatty.o)
                0x00000000000086b6                _isatty
 .text._lseek   0x00000000000086c2        0xc /home/alarm/Downloads/RISC-V/MRS250/MRS-linux-x64/resources/app/resources/linux/components/WCH/Toolchain/RISC-V Embedded GCC/bin/../lib/gcc/riscv-none-embed/8.2.0/../../../../riscv-none-embed/lib/rv32imacxw/ilp32/libnosys.a(lseek.o)
                0x00000000000086c2                _lseek
 .text._read    0x00000000000086ce        0xc /home/alarm/Downloads/RISC-V/MRS250/MRS-linux-x64/resources/app/resources/linux/components/WCH/Toolchain/RISC-V Embedded GCC/bin/../lib/gcc/riscv-none-embed/8.2.0/../../../../riscv-none-embed/lib/rv32imacxw/ilp32/libnosys.a(read.o)
                0x00000000000086ce                _read
 *(.rodata)
 *(.rodata*)
 *fill*         0x00000000000086da        0x2 
 .rodata.gpsParse.str1.4
                0x00000000000086dc        0x4 ./User/gps.o
 .rodata.gpsPrint.str1.4
                0x00000000000086e0       0x81 ./User/gps.o
 *fill*         0x0000000000008761        0x3 
 .rodata.gpsToDec.cst4
                0x0000000000008764        0x8 ./User/gps.o
 .rodata.str1.4
                0x000000000000876c        0xf ./User/gps.o
 *fill*         0x000000000000877b        0x1 
 .rodata.main   0x000000000000877c       0x34 ./User/main.o
 .rodata.Report.str1.4
                0x00000000000087b0        0xa ./User/main.o
                                          0xf (size before relaxing)
 *fill*         0x00000000000087ba        0x2 
 .rodata.USART4_IRQHandler.str1.4
                0x00000000000087bc       0x1e ./User/main.o
 *fill*         0x00000000000087da        0x2 
 .rodata.calcTime.str1.4
                0x00000000000087dc       0x39 ./User/main.o
 *fill*         0x0000000000008815        0x3 
 .rodata.chipName.str1.4
                0x0000000000008818       0x75 ./User/main.o
 *fill*         0x000000000000888d        0x3 
 .rodata.floatPart.cst4
                0x0000000000008890        0x4 ./User/main.o
 .rodata.main.str1.4
                0x0000000000008894       0xfc ./User/main.o
                                        0x100 (size before relaxing)
 .rodata.prnInfo.str1.4
                0x0000000000008990       0x27 ./User/main.o
 *fill*         0x00000000000089b7        0x1 
 .rodata.str1.4
                0x00000000000089b8       0x1f ./User/main.o
                                         0x23 (size before relaxing)
 *fill*         0x00000000000089d7        0x1 
 .rodata.font8x8
                0x00000000000089d8      0x400 ./User/ssd1306.o
                0x00000000000089d8                font8x8
 .rodata.__divsf3
                0x0000000000008dd8       0x80 /home/alarm/Downloads/RISC-V/MRS250/MRS-linux-x64/resources/app/resources/linux/components/WCH/Toolchain/RISC-V Embedded GCC/bin/../lib/gcc/riscv-none-embed/8.2.0/rv32imacxw/ilp32/libgcc.a(divsf3.o)
 .rodata.__mulsf3
                0x0000000000008e58       0x40 /home/alarm/Downloads/RISC-V/MRS250/MRS-linux-x64/resources/app/resources/linux/components/WCH/Toolchain/RISC-V Embedded GCC/bin/../lib/gcc/riscv-none-embed/8.2.0/rv32imacxw/ilp32/libgcc.a(mulsf3.o)
 .rodata.__clz_tab
                0x0000000000008e98      0x100 /home/alarm/Downloads/RISC-V/MRS250/MRS-linux-x64/resources/app/resources/linux/components/WCH/Toolchain/RISC-V Embedded GCC/bin/../lib/gcc/riscv-none-embed/8.2.0/rv32imacxw/ilp32/libgcc.a(_clz.o)
                0x0000000000008e98                __clz_tab
 .rodata._strtod_l
                0x0000000000008f98       0x14 /home/alarm/Downloads/RISC-V/MRS250/MRS-linux-x64/resources/app/resources/linux/components/WCH/Toolchain/RISC-V Embedded GCC/bin/../lib/gcc/riscv-none-embed/8.2.0/../../../../riscv-none-embed/lib/rv32imacxw/ilp32/libg_nano.a(lib_a-strtod.o)
 *fill*         0x0000000000008fac        0x4 
 .rodata._strtod_l.cst8
                0x0000000000008fb0       0x38 /home/alarm/Downloads/RISC-V/MRS250/MRS-linux-x64/resources/app/resources/linux/components/WCH/Toolchain/RISC-V Embedded GCC/bin/../lib/gcc/riscv-none-embed/8.2.0/../../../../riscv-none-embed/lib/rv32imacxw/ilp32/libg_nano.a(lib_a-strtod.o)
 .rodata._strtod_l.str1.4
                0x0000000000008fe8        0xf /home/alarm/Downloads/RISC-V/MRS250/MRS-linux-x64/resources/app/resources/linux/components/WCH/Toolchain/RISC-V Embedded GCC/bin/../lib/gcc/riscv-none-embed/8.2.0/../../../../riscv-none-embed/lib/rv32imacxw/ilp32/libg_nano.a(lib_a-strtod.o)
 *fill*         0x0000000000008ff7        0x1 
 .rodata.fpi.3395
                0x0000000000008ff8       0x14 /home/alarm/Downloads/RISC-V/MRS250/MRS-linux-x64/resources/app/resources/linux/components/WCH/Toolchain/RISC-V Embedded GCC/bin/../lib/gcc/riscv-none-embed/8.2.0/../../../../riscv-none-embed/lib/rv32imacxw/ilp32/libg_nano.a(lib_a-strtod.o)
 .rodata.fpinan.3431
                0x000000000000900c       0x14 /home/alarm/Downloads/RISC-V/MRS250/MRS-linux-x64/resources/app/resources/linux/components/WCH/Toolchain/RISC-V Embedded GCC/bin/../lib/gcc/riscv-none-embed/8.2.0/../../../../riscv-none-embed/lib/rv32imacxw/ilp32/libg_nano.a(lib_a-strtod.o)
 .rodata.tinytens
                0x0000000000009020       0x28 /home/alarm/Downloads/RISC-V/MRS250/MRS-linux-x64/resources/app/resources/linux/components/WCH/Toolchain/RISC-V Embedded GCC/bin/../lib/gcc/riscv-none-embed/8.2.0/../../../../riscv-none-embed/lib/rv32imacxw/ilp32/libg_nano.a(lib_a-strtod.o)
 .rodata.__sf_fake_stderr
                0x0000000000009048       0x20 /home/alarm/Downloads/RISC-V/MRS250/MRS-linux-x64/resources/app/resources/linux/components/WCH/Toolchain/RISC-V Embedded GCC/bin/../lib/gcc/riscv-none-embed/8.2.0/../../../../riscv-none-embed/lib/rv32imacxw/ilp32/libg_nano.a(lib_a-findfp.o)
                0x0000000000009048                __sf_fake_stderr
 .rodata.__sf_fake_stdin
                0x0000000000009068       0x20 /home/alarm/Downloads/RISC-V/MRS250/MRS-linux-x64/resources/app/resources/linux/components/WCH/Toolchain/RISC-V Embedded GCC/bin/../lib/gcc/riscv-none-embed/8.2.0/../../../../riscv-none-embed/lib/rv32imacxw/ilp32/libg_nano.a(lib_a-findfp.o)
                0x0000000000009068                __sf_fake_stdin
 .rodata.__sf_fake_stdout
                0x0000000000009088       0x20 /home/alarm/Downloads/RISC-V/MRS250/MRS-linux-x64/resources/app/resources/linux/components/WCH/Toolchain/RISC-V Embedded GCC/bin/../lib/gcc/riscv-none-embed/8.2.0/../../../../riscv-none-embed/lib/rv32imacxw/ilp32/libg_nano.a(lib_a-findfp.o)
                0x0000000000009088                __sf_fake_stdout
 .rodata._setlocale_r.str1.4
                0x00000000000090a8        0xa /home/alarm/Downloads/RISC-V/MRS250/MRS-linux-x64/resources/app/resources/linux/components/WCH/Toolchain/RISC-V Embedded GCC/bin/../lib/gcc/riscv-none-embed/8.2.0/../../../../riscv-none-embed/lib/rv32imacxw/ilp32/libg_nano.a(lib_a-locale.o)
                                          0xd (size before relaxing)
 *fill*         0x00000000000090b2        0x2 
 .rodata.str1.4
                0x00000000000090b4        0x2 /home/alarm/Downloads/RISC-V/MRS250/MRS-linux-x64/resources/app/resources/linux/components/WCH/Toolchain/RISC-V Embedded GCC/bin/../lib/gcc/riscv-none-embed/8.2.0/../../../../riscv-none-embed/lib/rv32imacxw/ilp32/libg_nano.a(lib_a-locale.o)
 *fill*         0x00000000000090b6        0x2 
 .rodata.__mprec_bigtens
                0x00000000000090b8       0x28 /home/alarm/Downloads/RISC-V/MRS250/MRS-linux-x64/resources/app/resources/linux/components/WCH/Toolchain/RISC-V Embedded GCC/bin/../lib/gcc/riscv-none-embed/8.2.0/../../../../riscv-none-embed/lib/rv32imacxw/ilp32/libg_nano.a(lib_a-mprec.o)
                0x00000000000090b8                __mprec_bigtens
 .rodata.__mprec_tens
                0x00000000000090e0       0xc8 /home/alarm/Downloads/RISC-V/MRS250/MRS-linux-x64/resources/app/resources/linux/components/WCH/Toolchain/RISC-V Embedded GCC/bin/../lib/gcc/riscv-none-embed/8.2.0/../../../../riscv-none-embed/lib/rv32imacxw/ilp32/libg_nano.a(lib_a-mprec.o)
                0x00000000000090e0                __mprec_tens
 .rodata.p05.3319
                0x00000000000091a8        0xc /home/alarm/Downloads/RISC-V/MRS250/MRS-linux-x64/resources/app/resources/linux/components/WCH/Toolchain/RISC-V Embedded GCC/bin/../lib/gcc/riscv-none-embed/8.2.0/../../../../riscv-none-embed/lib/rv32imacxw/ilp32/libg_nano.a(lib_a-mprec.o)
 .rodata._svfprintf_r.str1.4
                0x00000000000091b4       0x13 /home/alarm/Downloads/RISC-V/MRS250/MRS-linux-x64/resources/app/resources/linux/components/WCH/Toolchain/RISC-V Embedded GCC/bin/../lib/gcc/riscv-none-embed/8.2.0/../../../../riscv-none-embed/lib/rv32imacxw/ilp32/libg_nano.a(lib_a-nano-svfprintf.o)
 .rodata._vfprintf_r.str1.4
                0x00000000000091c7       0x13 /home/alarm/Downloads/RISC-V/MRS250/MRS-linux-x64/resources/app/resources/linux/components/WCH/Toolchain/RISC-V Embedded GCC/bin/../lib/gcc/riscv-none-embed/8.2.0/../../../../riscv-none-embed/lib/rv32imacxw/ilp32/libg_nano.a(lib_a-nano-vfprintf.o)
 *fill*         0x00000000000091c7        0x1 
 .rodata._printf_i.str1.4
                0x00000000000091c8       0x28 /home/alarm/Downloads/RISC-V/MRS250/MRS-linux-x64/resources/app/resources/linux/components/WCH/Toolchain/RISC-V Embedded GCC/bin/../lib/gcc/riscv-none-embed/8.2.0/../../../../riscv-none-embed/lib/rv32imacxw/ilp32/libg_nano.a(lib_a-nano-vfprintf_i.o)
                                         0x25 (size before relaxing)
 .rodata._ctype_
                0x00000000000091f0      0x101 /home/alarm/Downloads/RISC-V/MRS250/MRS-linux-x64/resources/app/resources/linux/components/WCH/Toolchain/RISC-V Embedded GCC/bin/../lib/gcc/riscv-none-embed/8.2.0/../../../../riscv-none-embed/lib/rv32imacxw/ilp32/libg_nano.a(lib_a-ctype_.o)
                0x00000000000091f0                _ctype_
 *fill*         0x00000000000092f1        0x3 
 .rodata.__divdf3
                0x00000000000092f4       0x40 /home/alarm/Downloads/RISC-V/MRS250/MRS-linux-x64/resources/app/resources/linux/components/WCH/Toolchain/RISC-V Embedded GCC/bin/../lib/gcc/riscv-none-embed/8.2.0/rv32imacxw/ilp32/libgcc.a(divdf3.o)
 .rodata.__muldf3
                0x0000000000009334       0x40 /home/alarm/Downloads/RISC-V/MRS250/MRS-linux-x64/resources/app/resources/linux/components/WCH/Toolchain/RISC-V Embedded GCC/bin/../lib/gcc/riscv-none-embed/8.2.0/rv32imacxw/ilp32/libgcc.a(muldf3.o)
 *(.gnu.linkonce.t.*)
                0x0000000000009374                . = ALIGN (0x4)

.rela.dyn       0x0000000000009374        0x0
 .rela.init     0x0000000000009374        0x0 ./User/ch32x035_it.o
 .rela.vector   0x0000000000009374        0x0 ./User/ch32x035_it.o
 .rela.text.handle_reset
                0x0000000000009374        0x0 ./User/ch32x035_it.o
 .rela.text._sbrk
                0x0000000000009374        0x0 ./User/ch32x035_it.o
 .rela.sdata.curbrk.4333
                0x0000000000009374        0x0 ./User/ch32x035_it.o
 .rela.text._sbrk_r
                0x0000000000009374        0x0 ./User/ch32x035_it.o
 .rela.text._svfprintf_r
                0x0000000000009374        0x0 ./User/ch32x035_it.o
 .rela.text._vfprintf_r
                0x0000000000009374        0x0 ./User/ch32x035_it.o
 .rela.text._write_r
                0x0000000000009374        0x0 ./User/ch32x035_it.o
 .rela.text._close_r
                0x0000000000009374        0x0 ./User/ch32x035_it.o
 .rela.text._lseek_r
                0x0000000000009374        0x0 ./User/ch32x035_it.o
 .rela.text._read_r
                0x0000000000009374        0x0 ./User/ch32x035_it.o
 .rela.text._fstat_r
                0x0000000000009374        0x0 ./User/ch32x035_it.o
 .rela.text._isatty_r
                0x0000000000009374        0x0 ./User/ch32x035_it.o
 .rela.text._close
                0x0000000000009374        0x0 ./User/ch32x035_it.o
 .rela.text._fstat
                0x0000000000009374        0x0 ./User/ch32x035_it.o
 .rela.text._isatty
                0x0000000000009374        0x0 ./User/ch32x035_it.o
 .rela.text._lseek
                0x0000000000009374        0x0 ./User/ch32x035_it.o
 .rela.text._read
                0x0000000000009374        0x0 ./User/ch32x035_it.o

.fini           0x0000000000009374        0x0
 *(SORT_NONE(.fini))
                0x0000000000009374                . = ALIGN (0x4)
                [!provide]                        PROVIDE (_etext = .)
                [!provide]                        PROVIDE (_eitcm = .)

.preinit_array  0x0000000000009374        0x0
                [!provide]                        PROVIDE (__preinit_array_start = .)
 *(.preinit_array)
                [!provide]                        PROVIDE (__preinit_array_end = .)

.init_array     0x0000000000009374        0x0
                [!provide]                        PROVIDE (__init_array_start = .)
 *(SORT_BY_INIT_PRIORITY(.init_array.*) SORT_BY_INIT_PRIORITY(.ctors.*))
 *(.init_array EXCLUDE_FILE(*crtend?.o *crtend.o *crtbegin?.o *crtbegin.o) .ctors)
                [!provide]                        PROVIDE (__init_array_end = .)

.fini_array     0x0000000000009374        0x0
                [!provide]                        PROVIDE (__fini_array_start = .)
 *(SORT_BY_INIT_PRIORITY(.fini_array.*) SORT_BY_INIT_PRIORITY(.dtors.*))
 *(.fini_array EXCLUDE_FILE(*crtend?.o *crtend.o *crtbegin?.o *crtbegin.o) .dtors)
                [!provide]                        PROVIDE (__fini_array_end = .)

.ctors
 *crtbegin.o(.ctors)
 *crtbegin?.o(.ctors)
 *(EXCLUDE_FILE(*crtend?.o *crtend.o) .ctors)
 *(SORT_BY_NAME(.ctors.*))
 *(.ctors)

.dtors
 *crtbegin.o(.dtors)
 *crtbegin?.o(.dtors)
 *(EXCLUDE_FILE(*crtend?.o *crtend.o) .dtors)
 *(SORT_BY_NAME(.dtors.*))
 *(.dtors)

.dalign         0x0000000020000000        0x0 load address 0x0000000000009374
                0x0000000020000000                . = ALIGN (0x4)
                0x0000000020000000                PROVIDE (_data_vma = .)

.dlalign        0x0000000000009374        0x0
                0x0000000000009374                . = ALIGN (0x4)
                0x0000000000009374                PROVIDE (_data_lma = .)

.data           0x0000000020000000      0x238 load address 0x0000000000009374
 *(.gnu.linkonce.r.*)
 *(.data .data.*)
 .data.AHBPrescTable
                0x0000000020000000       0x10 ./User/system_ch32x035.o
                0x0000000020000000                AHBPrescTable
 .data.APBAHBPrescTable
                0x0000000020000010       0x10 ./Peripheral/src/ch32x035_rcc.o
 .data.impure_data
                0x0000000020000020       0x60 /home/alarm/Downloads/RISC-V/MRS250/MRS-linux-x64/resources/app/resources/linux/components/WCH/Toolchain/RISC-V Embedded GCC/bin/../lib/gcc/riscv-none-embed/8.2.0/../../../../riscv-none-embed/lib/rv32imacxw/ilp32/libg_nano.a(lib_a-impure.o)
 .data.__global_locale
                0x0000000020000080      0x16c /home/alarm/Downloads/RISC-V/MRS250/MRS-linux-x64/resources/app/resources/linux/components/WCH/Toolchain/RISC-V Embedded GCC/bin/../lib/gcc/riscv-none-embed/8.2.0/../../../../riscv-none-embed/lib/rv32imacxw/ilp32/libg_nano.a(lib_a-locale.o)
                0x0000000020000080                __global_locale
 *(.gnu.linkonce.d.*)
                0x00000000200001f0                . = ALIGN (0x8)
 *fill*         0x00000000200001ec        0x4 
                0x00000000200009f0                PROVIDE (__global_pointer$ = (. + 0x800))
 *(.sdata .sdata.*)
 .sdata.nmea    0x00000000200001f0        0x8 ./User/gps.o
                0x00000000200001f0                nmea
 .sdata.LedPin  0x00000000200001f8        0x2 ./User/main.o
                0x00000000200001f8                LedPin
 *fill*         0x00000000200001fa        0x2 
 .sdata.LedPort
                0x00000000200001fc        0x4 ./User/main.o
                0x00000000200001fc                LedPort
 .sdata.arr     0x0000000020000200        0x2 ./User/main.o
                0x0000000020000200                arr
 *fill*         0x0000000020000202        0x2 
 .sdata.eol     0x0000000020000204        0x4 ./User/main.o
                0x0000000020000204                eol
 .sdata.epoch   0x0000000020000208        0x4 ./User/main.o
                0x0000000020000208                epoch
 .sdata.oledOnOff
                0x000000002000020c        0x1 ./User/main.o
                0x000000002000020c                oledOnOff
 *fill*         0x000000002000020d        0x1 
 .sdata.psc     0x000000002000020e        0x2 ./User/main.o
                0x000000002000020e                psc
 .sdata.set_time
                0x0000000020000210        0x1 ./User/main.o
                0x0000000020000210                set_time
 *fill*         0x0000000020000211        0x3 
 .sdata.uname   0x0000000020000214        0x4 ./User/main.o
                0x0000000020000214                uname
 .sdata.ver     0x0000000020000218        0x4 ./User/main.o
                0x0000000020000218                ver
 .sdata.SystemCoreClock
                0x000000002000021c        0x4 ./User/system_ch32x035.o
                0x000000002000021c                SystemCoreClock
 .sdata.CFGHR_tmpA
                0x0000000020000220        0x4 ./Peripheral/src/ch32x035_gpio.o
                0x0000000020000220                CFGHR_tmpA
 .sdata.CFGHR_tmpB
                0x0000000020000224        0x4 ./Peripheral/src/ch32x035_gpio.o
                0x0000000020000224                CFGHR_tmpB
 .sdata.CFGHR_tmpC
                0x0000000020000228        0x4 ./Peripheral/src/ch32x035_gpio.o
                0x0000000020000228                CFGHR_tmpC
 .sdata.curbrk.4333
                0x000000002000022c        0x4 ./Debug/debug.o
 .sdata._impure_ptr
                0x0000000020000230        0x4 /home/alarm/Downloads/RISC-V/MRS250/MRS-linux-x64/resources/app/resources/linux/components/WCH/Toolchain/RISC-V Embedded GCC/bin/../lib/gcc/riscv-none-embed/8.2.0/../../../../riscv-none-embed/lib/rv32imacxw/ilp32/libg_nano.a(lib_a-impure.o)
                0x0000000020000230                _impure_ptr
 *(.sdata2.*)
 .sdata2._global_impure_ptr
                0x0000000020000234        0x4 /home/alarm/Downloads/RISC-V/MRS250/MRS-linux-x64/resources/app/resources/linux/components/WCH/Toolchain/RISC-V Embedded GCC/bin/../lib/gcc/riscv-none-embed/8.2.0/../../../../riscv-none-embed/lib/rv32imacxw/ilp32/libg_nano.a(lib_a-impure.o)
                0x0000000020000234                _global_impure_ptr
 *(.gnu.linkonce.s.*)
                0x0000000020000238                . = ALIGN (0x8)
 *(.srodata.cst16)
 *(.srodata.cst8)
 *(.srodata.cst4)
 *(.srodata.cst2)
 *(.srodata .srodata.*)
                0x0000000020000238                . = ALIGN (0x4)
                0x0000000020000238                PROVIDE (_edata = .)

.bss            0x0000000020000238      0x3fc load address 0x00000000000095ac
                0x0000000020000238                . = ALIGN (0x4)
                0x0000000020000238                PROVIDE (_sbss = .)
 *(.sbss*)
 .sbss.gga      0x0000000020000238        0x1 ./User/gps.o
                0x0000000020000238                gga
 .sbss.gps_valid
                0x0000000020000239        0x1 ./User/gps.o
                0x0000000020000239                gps_valid
 .sbss.rmc      0x000000002000023a        0x1 ./User/gps.o
                0x000000002000023a                rmc
 *fill*         0x000000002000023b        0x1 
 .sbss.devError
                0x000000002000023c        0x2 ./User/main.o
                0x000000002000023c                devError
 .sbss.evt      0x000000002000023e        0x1 ./User/main.o
                0x000000002000023e                evt
 .sbss.ind      0x000000002000023f        0x1 ./User/main.o
                0x000000002000023f                ind
 .sbss.ind_gps  0x0000000020000240        0x1 ./User/main.o
                0x0000000020000240                ind_gps
 .sbss.inv      0x0000000020000241        0x1 ./User/main.o
                0x0000000020000241                inv
 .sbss.key_enable
                0x0000000020000242        0x1 ./User/main.o
                0x0000000020000242                key_enable
 *fill*         0x0000000020000243        0x1 
 .sbss.key_tmr  0x0000000020000244        0x4 ./User/main.o
                0x0000000020000244                key_tmr
 .sbss.key_val  0x0000000020000248        0x1 ./User/main.o
                0x0000000020000248                key_val
 .sbss.led      0x0000000020000249        0x1 ./User/main.o
 .sbss.pps_enable
                0x000000002000024a        0x1 ./User/main.o
                0x000000002000024a                pps_enable
 .sbss.pps_val  0x000000002000024b        0x1 ./User/main.o
                0x000000002000024b                pps_val
 .sbss.queFlag  0x000000002000024c        0x1 ./User/main.o
                0x000000002000024c                queFlag
 *fill*         0x000000002000024d        0x3 
 .sbss.seconda  0x0000000020000250        0x4 ./User/main.o
                0x0000000020000250                seconda
 .sbss.set_new_time
                0x0000000020000254        0x1 ./User/main.o
                0x0000000020000254                set_new_time
 .sbss.sleep_mode
                0x0000000020000255        0x1 ./User/main.o
                0x0000000020000255                sleep_mode
 *fill*         0x0000000020000256        0x2 
 .sbss.buffer   0x0000000020000258        0x4 ./User/ssd1306.o
                0x0000000020000258                buffer
 .sbss.NVIC_Priority_Group
                0x000000002000025c        0x4 ./Peripheral/src/ch32x035_misc.o
                0x000000002000025c                NVIC_Priority_Group
 .sbss.p_ms     0x0000000020000260        0x2 ./Debug/debug.o
 .sbss.p_us     0x0000000020000262        0x1 ./Debug/debug.o
 *fill*         0x0000000020000263        0x1 
 .sbss.__malloc_free_list
                0x0000000020000264        0x4 /home/alarm/Downloads/RISC-V/MRS250/MRS-linux-x64/resources/app/resources/linux/components/WCH/Toolchain/RISC-V Embedded GCC/bin/../lib/gcc/riscv-none-embed/8.2.0/../../../../riscv-none-embed/lib/rv32imacxw/ilp32/libg_nano.a(lib_a-nano-mallocr.o)
                0x0000000020000264                __malloc_free_list
 .sbss.__malloc_sbrk_start
                0x0000000020000268        0x4 /home/alarm/Downloads/RISC-V/MRS250/MRS-linux-x64/resources/app/resources/linux/components/WCH/Toolchain/RISC-V Embedded GCC/bin/../lib/gcc/riscv-none-embed/8.2.0/../../../../riscv-none-embed/lib/rv32imacxw/ilp32/libg_nano.a(lib_a-nano-mallocr.o)
                0x0000000020000268                __malloc_sbrk_start
 *(.gnu.linkonce.sb.*)
 *(.bss*)
 .bss.GPS       0x000000002000026c       0x3d ./User/gps.o
                0x000000002000026c                GPS
 *fill*         0x00000000200002a9        0x3 
 .bss.item      0x00000000200002ac      0x1e0 ./User/gps.o
 .bss.RxBuff    0x000000002000048c       0x40 ./User/main.o
                0x000000002000048c                RxBuff
 .bss.RxGps     0x00000000200004cc       0x80 ./User/main.o
                0x00000000200004cc                RxGps
 .bss.queEvt    0x000000002000054c       0xa4 ./User/main.o
                0x000000002000054c                queEvt
 .bss.tmp       0x00000000200005f0       0x40 ./User/main.o
                0x00000000200005f0                tmp
 *(.gnu.linkonce.b.*)
 *(COMMON*)
 COMMON         0x0000000020000630        0x4 /home/alarm/Downloads/RISC-V/MRS250/MRS-linux-x64/resources/app/resources/linux/components/WCH/Toolchain/RISC-V Embedded GCC/bin/../lib/gcc/riscv-none-embed/8.2.0/../../../../riscv-none-embed/lib/rv32imacxw/ilp32/libg_nano.a(lib_a-reent.o)
                0x0000000020000630                errno
                0x0000000020000634                . = ALIGN (0x4)
                0x0000000020000634                PROVIDE (_ebss = .)
                0x0000000020000634                PROVIDE (_end = _ebss)
                [!provide]                        PROVIDE (end = .)

.stack          0x0000000020004800      0x800
                0x0000000020004800                PROVIDE (_heap_end = .)
                0x0000000020004800                . = ALIGN (0x4)
                [!provide]                        PROVIDE (_susrstack = .)
                0x0000000020005000                . = (. + __stack_size)
 *fill*         0x0000000020004800      0x800 
                0x0000000020005000                PROVIDE (_eusrstack = .)
OUTPUT(Tracker.elf elf32-littleriscv)

.debug_info     0x0000000000000000    0x12d30
 .debug_info    0x0000000000000000      0xbc0 ./User/ch32x035_it.o
 .debug_info    0x0000000000000bc0     0x171b ./User/gps.o
 .debug_info    0x00000000000022db     0x37ad ./User/main.o
 .debug_info    0x0000000000005a88     0x15c7 ./User/ssd1306.o
 .debug_info    0x000000000000704f      0xb56 ./User/system_ch32x035.o
 .debug_info    0x0000000000007ba5       0x22 ./Startup/startup_ch32x035.o
 .debug_info    0x0000000000007bc7      0xa94 ./Peripheral/src/ch32x035_dbgmcu.o
 .debug_info    0x000000000000865b      0xc05 ./Peripheral/src/ch32x035_exti.o
 .debug_info    0x0000000000009260     0x11c9 ./Peripheral/src/ch32x035_gpio.o
 .debug_info    0x000000000000a429      0xe36 ./Peripheral/src/ch32x035_misc.o
 .debug_info    0x000000000000b25f      0xeae ./Peripheral/src/ch32x035_pwr.o
 .debug_info    0x000000000000c10d      0xd8f ./Peripheral/src/ch32x035_rcc.o
 .debug_info    0x000000000000ce9c     0x1072 ./Peripheral/src/ch32x035_spi.o
 .debug_info    0x000000000000df0e     0x2b87 ./Peripheral/src/ch32x035_tim.o
 .debug_info    0x0000000000010a95     0x1333 ./Peripheral/src/ch32x035_usart.o
 .debug_info    0x0000000000011dc8      0xf68 ./Debug/debug.o

.debug_abbrev   0x0000000000000000     0x317c
 .debug_abbrev  0x0000000000000000      0x22c ./User/ch32x035_it.o
 .debug_abbrev  0x000000000000022c      0x38f ./User/gps.o
 .debug_abbrev  0x00000000000005bb      0x5ff ./User/main.o
 .debug_abbrev  0x0000000000000bba      0x399 ./User/ssd1306.o
 .debug_abbrev  0x0000000000000f53      0x258 ./User/system_ch32x035.o
 .debug_abbrev  0x00000000000011ab       0x12 ./Startup/startup_ch32x035.o
 .debug_abbrev  0x00000000000011bd      0x2f7 ./Peripheral/src/ch32x035_dbgmcu.o
 .debug_abbrev  0x00000000000014b4      0x2da ./Peripheral/src/ch32x035_exti.o
 .debug_abbrev  0x000000000000178e      0x34b ./Peripheral/src/ch32x035_gpio.o
 .debug_abbrev  0x0000000000001ad9      0x2ea ./Peripheral/src/ch32x035_misc.o
 .debug_abbrev  0x0000000000001dc3      0x344 ./Peripheral/src/ch32x035_pwr.o
 .debug_abbrev  0x0000000000002107      0x326 ./Peripheral/src/ch32x035_rcc.o
 .debug_abbrev  0x000000000000242d      0x303 ./Peripheral/src/ch32x035_spi.o
 .debug_abbrev  0x0000000000002730      0x418 ./Peripheral/src/ch32x035_tim.o
 .debug_abbrev  0x0000000000002b48      0x312 ./Peripheral/src/ch32x035_usart.o
 .debug_abbrev  0x0000000000002e5a      0x322 ./Debug/debug.o

.debug_aranges  0x0000000000000000      0x920
 .debug_aranges
                0x0000000000000000       0x28 ./User/ch32x035_it.o
 .debug_aranges
                0x0000000000000028       0x50 ./User/gps.o
 .debug_aranges
                0x0000000000000078       0xe0 ./User/main.o
 .debug_aranges
                0x0000000000000158       0x68 ./User/ssd1306.o
 .debug_aranges
                0x00000000000001c0       0x28 ./User/system_ch32x035.o
 .debug_aranges
                0x00000000000001e8       0x30 ./Startup/startup_ch32x035.o
 .debug_aranges
                0x0000000000000218       0x48 ./Peripheral/src/ch32x035_dbgmcu.o
 .debug_aranges
                0x0000000000000260       0x50 ./Peripheral/src/ch32x035_exti.o
 .debug_aranges
                0x00000000000002b0       0x98 ./Peripheral/src/ch32x035_gpio.o
 .debug_aranges
                0x0000000000000348       0x28 ./Peripheral/src/ch32x035_misc.o
 .debug_aranges
                0x0000000000000370       0x48 ./Peripheral/src/ch32x035_pwr.o
 .debug_aranges
                0x00000000000003b8       0x80 ./Peripheral/src/ch32x035_rcc.o
 .debug_aranges
                0x0000000000000438       0xb8 ./Peripheral/src/ch32x035_spi.o
 .debug_aranges
                0x00000000000004f0      0x2f0 ./Peripheral/src/ch32x035_tim.o
 .debug_aranges
                0x00000000000007e0       0xf0 ./Peripheral/src/ch32x035_usart.o
 .debug_aranges
                0x00000000000008d0       0x50 ./Debug/debug.o

.debug_ranges   0x0000000000000000      0xa40
 .debug_ranges  0x0000000000000000       0x18 ./User/ch32x035_it.o
 .debug_ranges  0x0000000000000018       0xb8 ./User/gps.o
 .debug_ranges  0x00000000000000d0      0x1a0 ./User/main.o
 .debug_ranges  0x0000000000000270       0x70 ./User/ssd1306.o
 .debug_ranges  0x00000000000002e0       0x18 ./User/system_ch32x035.o
 .debug_ranges  0x00000000000002f8       0x28 ./Startup/startup_ch32x035.o
 .debug_ranges  0x0000000000000320       0x50 ./Peripheral/src/ch32x035_dbgmcu.o
 .debug_ranges  0x0000000000000370       0x40 ./Peripheral/src/ch32x035_exti.o
 .debug_ranges  0x00000000000003b0       0x88 ./Peripheral/src/ch32x035_gpio.o
 .debug_ranges  0x0000000000000438       0x48 ./Peripheral/src/ch32x035_misc.o
 .debug_ranges  0x0000000000000480       0x78 ./Peripheral/src/ch32x035_pwr.o
 .debug_ranges  0x00000000000004f8       0x70 ./Peripheral/src/ch32x035_rcc.o
 .debug_ranges  0x0000000000000568       0xa8 ./Peripheral/src/ch32x035_spi.o
 .debug_ranges  0x0000000000000610      0x310 ./Peripheral/src/ch32x035_tim.o
 .debug_ranges  0x0000000000000920       0xe0 ./Peripheral/src/ch32x035_usart.o
 .debug_ranges  0x0000000000000a00       0x40 ./Debug/debug.o

.debug_line     0x0000000000000000     0xd9be
 .debug_line    0x0000000000000000      0x36d ./User/ch32x035_it.o
 .debug_line    0x000000000000036d     0x1261 ./User/gps.o
 .debug_line    0x00000000000015ce     0x2ad7 ./User/main.o
 .debug_line    0x00000000000040a5      0xbff ./User/ssd1306.o
 .debug_line    0x0000000000004ca4      0x44d ./User/system_ch32x035.o
 .debug_line    0x00000000000050f1      0x11e ./Startup/startup_ch32x035.o
 .debug_line    0x000000000000520f      0x446 ./Peripheral/src/ch32x035_dbgmcu.o
 .debug_line    0x0000000000005655      0x6a0 ./Peripheral/src/ch32x035_exti.o
 .debug_line    0x0000000000005cf5     0x134d ./Peripheral/src/ch32x035_gpio.o
 .debug_line    0x0000000000007042      0x4a7 ./Peripheral/src/ch32x035_misc.o
 .debug_line    0x00000000000074e9      0x6c3 ./Peripheral/src/ch32x035_pwr.o
 .debug_line    0x0000000000007bac      0x890 ./Peripheral/src/ch32x035_rcc.o
 .debug_line    0x000000000000843c      0xb2d ./Peripheral/src/ch32x035_spi.o
 .debug_line    0x0000000000008f69     0x32b4 ./Peripheral/src/ch32x035_tim.o
 .debug_line    0x000000000000c21d      0xf40 ./Peripheral/src/ch32x035_usart.o
 .debug_line    0x000000000000d15d      0x861 ./Debug/debug.o

.debug_str      0x0000000000000000     0x2e0d
 .debug_str     0x0000000000000000      0x626 ./User/ch32x035_it.o
                                        0x694 (size before relaxing)
 .debug_str     0x0000000000000626      0x328 ./User/gps.o
                                        0x903 (size before relaxing)
 .debug_str     0x000000000000094e      0xd48 ./User/main.o
                                       0x16b5 (size before relaxing)
 .debug_str     0x0000000000001696       0xa1 ./User/ssd1306.o
                                        0x98a (size before relaxing)
 .debug_str     0x0000000000001737       0x63 ./User/system_ch32x035.o
                                        0x6c3 (size before relaxing)
 .debug_str     0x000000000000179a       0x2a ./Startup/startup_ch32x035.o
                                         0x65 (size before relaxing)
 .debug_str     0x00000000000017c4       0x87 ./Peripheral/src/ch32x035_dbgmcu.o
                                        0x655 (size before relaxing)
 .debug_str     0x000000000000184b       0xc6 ./Peripheral/src/ch32x035_exti.o
                                        0x79c (size before relaxing)
 .debug_str     0x0000000000001911      0x1be ./Peripheral/src/ch32x035_gpio.o
                                        0x95b (size before relaxing)
 .debug_str     0x0000000000001acf       0x83 ./Peripheral/src/ch32x035_misc.o
                                        0xa20 (size before relaxing)
 .debug_str     0x0000000000001b52      0x108 ./Peripheral/src/ch32x035_pwr.o
                                        0x7da (size before relaxing)
 .debug_str     0x0000000000001c5a      0x196 ./Peripheral/src/ch32x035_rcc.o
                                        0x85f (size before relaxing)
 .debug_str     0x0000000000001df0      0x1d4 ./Peripheral/src/ch32x035_spi.o
                                        0x948 (size before relaxing)
 .debug_str     0x0000000000001fc4      0xac7 ./Peripheral/src/ch32x035_tim.o
                                       0x138f (size before relaxing)
 .debug_str     0x0000000000002a8b      0x2fc ./Peripheral/src/ch32x035_usart.o
                                        0xae8 (size before relaxing)
 .debug_str     0x0000000000002d87       0x86 ./Debug/debug.o
                                        0x900 (size before relaxing)

.comment        0x0000000000000000       0x33
 .comment       0x0000000000000000       0x33 ./User/ch32x035_it.o
                                         0x34 (size before relaxing)
 .comment       0x0000000000000033       0x34 ./User/gps.o
 .comment       0x0000000000000033       0x34 ./User/main.o
 .comment       0x0000000000000033       0x34 ./User/ssd1306.o
 .comment       0x0000000000000033       0x34 ./User/system_ch32x035.o
 .comment       0x0000000000000033       0x34 ./Peripheral/src/ch32x035_dbgmcu.o
 .comment       0x0000000000000033       0x34 ./Peripheral/src/ch32x035_exti.o
 .comment       0x0000000000000033       0x34 ./Peripheral/src/ch32x035_gpio.o
 .comment       0x0000000000000033       0x34 ./Peripheral/src/ch32x035_misc.o
 .comment       0x0000000000000033       0x34 ./Peripheral/src/ch32x035_pwr.o
 .comment       0x0000000000000033       0x34 ./Peripheral/src/ch32x035_rcc.o
 .comment       0x0000000000000033       0x34 ./Peripheral/src/ch32x035_spi.o
 .comment       0x0000000000000033       0x34 ./Peripheral/src/ch32x035_tim.o
 .comment       0x0000000000000033       0x34 ./Peripheral/src/ch32x035_usart.o
 .comment       0x0000000000000033       0x34 ./Debug/debug.o

.debug_frame    0x0000000000000000     0x2c4c
 .debug_frame   0x0000000000000000       0x30 ./User/ch32x035_it.o
 .debug_frame   0x0000000000000030      0x128 ./User/gps.o
 .debug_frame   0x0000000000000158      0x34c ./User/main.o
 .debug_frame   0x00000000000004a4      0x180 ./User/ssd1306.o
 .debug_frame   0x0000000000000624       0x30 ./User/system_ch32x035.o
 .debug_frame   0x0000000000000654       0x70 ./Peripheral/src/ch32x035_dbgmcu.o
 .debug_frame   0x00000000000006c4       0x90 ./Peripheral/src/ch32x035_exti.o