Archive member included to satisfy reference by file (symbol)

/home/alarm/Downloads/RISC-V/MRS250/MRS-linux-x64/resources/app/resources/linux/components/WCH/Toolchain/RISC-V Embedded GCC/bin/../lib/gcc/riscv-none-embed/8.2.0/rv32imacxw/ilp32/libgcc.a(addsf3.o)
                              ./User/gps.o (__addsf3)
/home/alarm/Downloads/RISC-V/MRS250/MRS-linux-x64/resources/app/resources/linux/components/WCH/Toolchain/RISC-V Embedded GCC/bin/../lib/gcc/riscv-none-embed/8.2.0/rv32imacxw/ilp32/libgcc.a(divsf3.o)
                              ./User/gps.o (__divsf3)
/home/alarm/Downloads/RISC-V/MRS250/MRS-linux-x64/resources/app/resources/linux/components/WCH/Toolchain/RISC-V Embedded GCC/bin/../lib/gcc/riscv-none-embed/8.2.0/rv32imacxw/ilp32/libgcc.a(lesf2.o)
                              ./User/main.o (__ltsf2)
/home/alarm/Downloads/RISC-V/MRS250/MRS-linux-x64/resources/app/resources/linux/components/WCH/Toolchain/RISC-V Embedded GCC/bin/../lib/gcc/riscv-none-embed/8.2.0/rv32imacxw/ilp32/libgcc.a(mulsf3.o)
                              ./User/main.o (__mulsf3)
/home/alarm/Downloads/RISC-V/MRS250/MRS-linux-x64/resources/app/resources/linux/components/WCH/Toolchain/RISC-V Embedded GCC/bin/../lib/gcc/riscv-none-embed/8.2.0/rv32imacxw/ilp32/libgcc.a(subsf3.o)
                              ./User/gps.o (__subsf3)
/home/alarm/Downloads/RISC-V/MRS250/MRS-linux-x64/resources/app/resources/linux/components/WCH/Toolchain/RISC-V Embedded GCC/bin/../lib/gcc/riscv-none-embed/8.2.0/rv32imacxw/ilp32/libgcc.a(fixsfsi.o)
                              ./User/gps.o (__fixsfsi)
/home/alarm/Downloads/RISC-V/MRS250/MRS-linux-x64/resources/app/resources/linux/components/WCH/Toolchain/RISC-V Embedded GCC/bin/../lib/gcc/riscv-none-embed/8.2.0/rv32imacxw/ilp32/libgcc.a(fixunssfsi.o)
                              ./User/main.o (__fixunssfsi)
/home/alarm/Downloads/RISC-V/MRS250/MRS-linux-x64/resources/app/resources/linux/components/WCH/Toolchain/RISC-V Embedded GCC/bin/../lib/gcc/riscv-none-embed/8.2.0/rv32imacxw/ilp32/libgcc.a(floatsisf.o)
                              ./User/gps.o (__floatsisf)
/home/alarm/Downloads/RISC-V/MRS250/MRS-linux-x64/resources/app/resources/linux/components/WCH/Toolchain/RISC-V Embedded GCC/bin/../lib/gcc/riscv-none-embed/8.2.0/rv32imacxw/ilp32/libgcc.a(floatunsisf.o)
                              ./User/main.o (__floatunsisf)
/home/alarm/Downloads/RISC-V/MRS250/MRS-linux-x64/resources/app/resources/linux/components/WCH/Toolchain/RISC-V Embedded GCC/bin/../lib/gcc/riscv-none-embed/8.2.0/rv32imacxw/ilp32/libgcc.a(truncdfsf2.o)
                              ./User/gps.o (__truncdfsf2)
/home/alarm/Downloads/RISC-V/MRS250/MRS-linux-x64/resources/app/resources/linux/components/WCH/Toolchain/RISC-V Embedded GCC/bin/../lib/gcc/riscv-none-embed/8.2.0/rv32imacxw/ilp32/libgcc.a(save-restore.o)
                              ./User/main.o (__riscv_save_12)
/home/alarm/Downloads/RISC-V/MRS250/MRS-linux-x64/resources/app/resources/linux/components/WCH/Toolchain/RISC-V Embedded GCC/bin/../lib/gcc/riscv-none-embed/8.2.0/rv32imacxw/ilp32/libgcc.a(_clzsi2.o)
                              /home/alarm/Downloads/RISC-V/MRS250/MRS-linux-x64/resources/app/resources/linux/components/WCH/Toolchain/RISC-V Embedded GCC/bin/../lib/gcc/riscv-none-embed/8.2.0/rv32imacxw/ilp32/libgcc.a(addsf3.o) (__clzsi2)
/home/alarm/Downloads/RISC-V/MRS250/MRS-linux-x64/resources/app/resources/linux/components/WCH/Toolchain/RISC-V Embedded GCC/bin/../lib/gcc/riscv-none-embed/8.2.0/rv32imacxw/ilp32/libgcc.a(_clz.o)
                              /home/alarm/Downloads/RISC-V/MRS250/MRS-linux-x64/resources/app/resources/linux/components/WCH/Toolchain/RISC-V Embedded GCC/bin/../lib/gcc/riscv-none-embed/8.2.0/rv32imacxw/ilp32/libgcc.a(_clzsi2.o) (__clz_tab)
/home/alarm/Downloads/RISC-V/MRS250/MRS-linux-x64/resources/app/resources/linux/components/WCH/Toolchain/RISC-V Embedded GCC/bin/../lib/gcc/riscv-none-embed/8.2.0/../../../../riscv-none-embed/lib/rv32imacxw/ilp32/libg_nano.a(lib_a-atof.o)
                              ./User/gps.o (atof)
/home/alarm/Downloads/RISC-V/MRS250/MRS-linux-x64/resources/app/resources/linux/components/WCH/Toolchain/RISC-V Embedded GCC/bin/../lib/gcc/riscv-none-embed/8.2.0/../../../../riscv-none-embed/lib/rv32imacxw/ilp32/libg_nano.a(lib_a-atoi.o)
                              ./User/gps.o (atoi)
/home/alarm/Downloads/RISC-V/MRS250/MRS-linux-x64/resources/app/resources/linux/components/WCH/Toolchain/RISC-V Embedded GCC/bin/../lib/gcc/riscv-none-embed/8.2.0/../../../../riscv-none-embed/lib/rv32imacxw/ilp32/libg_nano.a(lib_a-atol.o)
                              ./User/gps.o (atol)
/home/alarm/Downloads/RISC-V/MRS250/MRS-linux-x64/resources/app/resources/linux/components/WCH/Toolchain/RISC-V Embedded GCC/bin/../lib/gcc/riscv-none-embed/8.2.0/../../../../riscv-none-embed/lib/rv32imacxw/ilp32/libg_nano.a(lib_a-calloc.o)
                              ./User/gps.o (calloc)
[...]
Memory Configuration

Name             Origin             Length             Attributes
FLASH            0x0000000000000000 0x000000000000f800 xr
RAM              0x0000000020000000 0x0000000000005000 xrw
*default*        0x0000000000000000 0xffffffffffffffff

Linker script and memory map

LOAD ./User/ch32x035_it.o
LOAD ./User/gps.o
LOAD ./User/main.o
LOAD ./User/ssd1306.o
LOAD ./User/system_ch32x035.o
LOAD ./User/volt.o
LOAD ./Startup/startup_ch32x035.o
LOAD ./Peripheral/src/ch32x035_adc.o
LOAD ./Peripheral/src/ch32x035_awu.o
LOAD ./Peripheral/src/ch32x035_dbgmcu.o
LOAD ./Peripheral/src/ch32x035_dma.o
LOAD ./Peripheral/src/ch32x035_exti.o
LOAD ./Peripheral/src/ch32x035_flash.o
LOAD ./Peripheral/src/ch32x035_gpio.o
LOAD ./Peripheral/src/ch32x035_i2c.o
LOAD ./Peripheral/src/ch32x035_iwdg.o
LOAD ./Peripheral/src/ch32x035_misc.o
LOAD ./Peripheral/src/ch32x035_opa.o
LOAD ./Peripheral/src/ch32x035_pwr.o
LOAD ./Peripheral/src/ch32x035_rcc.o
LOAD ./Peripheral/src/ch32x035_spi.o
LOAD ./Peripheral/src/ch32x035_tim.o
LOAD ./Peripheral/src/ch32x035_usart.o
LOAD ./Peripheral/src/ch32x035_wwdg.o
LOAD ./Debug/debug.o
LOAD ./Core/core_riscv.o
LOAD /home/alarm/Downloads/RISC-V/MRS250/MRS-linux-x64/resources/app/resources/linux/components/WCH/Toolchain/RISC-V Embedded GCC/bin/../lib/gcc/riscv-none-embed/8.2.0/../../../../riscv-none-embed/lib/rv32imacxw/ilp32/libm.a
LOAD /home/alarm/Downloads/RISC-V/MRS250/MRS-linux-x64/resources/app/resources/linux/components/WCH/Toolchain/RISC-V Embedded GCC/bin/../lib/gcc/riscv-none-embed/8.2.0/rv32imacxw/ilp32/libgcc.a
LOAD /home/alarm/Downloads/RISC-V/MRS250/MRS-linux-x64/resources/app/resources/linux/components/WCH/Toolchain/RISC-V Embedded GCC/bin/../lib/gcc/riscv-none-embed/8.2.0/../../../../riscv-none-embed/lib/rv32imacxw/ilp32/libg_nano.a
LOAD /home/alarm/Downloads/RISC-V/MRS250/MRS-linux-x64/resources/app/resources/linux/components/WCH/Toolchain/RISC-V Embedded GCC/bin/../lib/gcc/riscv-none-embed/8.2.0/../../../../riscv-none-embed/lib/rv32imacxw/ilp32/libc_nano.a
LOAD /home/alarm/Downloads/RISC-V/MRS250/MRS-linux-x64/resources/app/resources/linux/components/WCH/Toolchain/RISC-V Embedded GCC/bin/../lib/gcc/riscv-none-embed/8.2.0/rv32imacxw/ilp32/libgcc.a
START GROUP
LOAD /home/alarm/Downloads/RISC-V/MRS250/MRS-linux-x64/resources/app/resources/linux/components/WCH/Toolchain/RISC-V Embedded GCC/bin/../lib/gcc/riscv-none-embed/8.2.0/rv32imacxw/ilp32/libgcc.a
LOAD /home/alarm/Downloads/RISC-V/MRS250/MRS-linux-x64/resources/app/resources/linux/components/WCH/Toolchain/RISC-V Embedded GCC/bin/../lib/gcc/riscv-none-embed/8.2.0/../../../../riscv-none-embed/lib/rv32imacxw/ilp32/libc_nano.a
LOAD /home/alarm/Downloads/RISC-V/MRS250/MRS-linux-x64/resources/app/resources/linux/components/WCH/Toolchain/RISC-V Embedded GCC/bin/../lib/gcc/riscv-none-embed/8.2.0/../../../../riscv-none-embed/lib/rv32imacxw/ilp32/libnosys.a
END GROUP
START GROUP
LOAD /home/alarm/Downloads/RISC-V/MRS250/MRS-linux-x64/resources/app/resources/linux/components/WCH/Toolchain/RISC-V Embedded GCC/bin/../lib/gcc/riscv-none-embed/8.2.0/rv32imacxw/ilp32/libgcc.a
LOAD /home/alarm/Downloads/RISC-V/MRS250/MRS-linux-x64/resources/app/resources/linux/components/WCH/Toolchain/RISC-V Embedded GCC/bin/../lib/gcc/riscv-none-embed/8.2.0/../../../../riscv-none-embed/lib/rv32imacxw/ilp32/libc_nano.a
LOAD /home/alarm/Downloads/RISC-V/MRS250/MRS-linux-x64/resources/app/resources/linux/components/WCH/Toolchain/RISC-V Embedded GCC/bin/../lib/gcc/riscv-none-embed/8.2.0/../../../../riscv-none-embed/lib/rv32imacxw/ilp32/libnosys.a
END GROUP
                0x0000000000000800                __stack_size = 0x800
                [!provide]                        PROVIDE (_stack_size = __stack_size)

.init           0x0000000000000000        0x4
                0x0000000000000000                _sinit = .
                0x0000000000000000                . = ALIGN (0x4)
 *(SORT_NONE(.init))
 .init          0x0000000000000000        0x4 ./Startup/startup_ch32x035.o
                0x0000000000000000                _start
                0x0000000000000004                . = ALIGN (0x4)
                0x0000000000000004                _einit = .

.vector         0x0000000000000004       0xfc
 *(.vector)
 .vector        0x0000000000000004       0xdc ./Startup/startup_ch32x035.o
                0x0000000000000100                . = ALIGN (0x40)
 *fill*         0x00000000000000e0       0x20 

.text           0x0000000000000100     0x9624
                0x0000000000000100                . = ALIGN (0x4)
 *(.text)
 .text          0x0000000000000100       0x60 /home/alarm/Downloads/RISC-V/MRS250/MRS-linux-x64/resources/app/resources/linux/components/WCH/Toolchain/RISC-V Embedded GCC/bin/../lib/gcc/riscv-none-embed/8.2.0/rv32imacxw/ilp32/libgcc.a(save-restore.o)
                0x0000000000000100                __riscv_save_12
                0x0000000000000108                __riscv_save_8
                0x0000000000000108                __riscv_save_11
                0x0000000000000108                __riscv_save_9
                0x0000000000000108                __riscv_save_10
                0x0000000000000116                __riscv_save_7
                0x0000000000000116                __riscv_save_4
                0x0000000000000116                __riscv_save_6
                0x0000000000000116                __riscv_save_5
                0x0000000000000130                __riscv_save_1
                0x0000000000000130                __riscv_save_3
                0x0000000000000130                __riscv_save_2
                0x0000000000000130                __riscv_save_0
                0x000000000000013c                __riscv_restore_12
                0x0000000000000140                __riscv_restore_10
                0x0000000000000140                __riscv_restore_11
                0x0000000000000140                __riscv_restore_8
                0x0000000000000140                __riscv_restore_9
                0x000000000000014a                __riscv_restore_5
                0x000000000000014a                __riscv_restore_6
                0x000000000000014a                __riscv_restore_4
                0x000000000000014a                __riscv_restore_7
                0x0000000000000154                __riscv_restore_3
                0x0000000000000154                __riscv_restore_2
                0x0000000000000154                __riscv_restore_0
                0x0000000000000154                __riscv_restore_1
 .text          0x0000000000000160       0xa8 /home/alarm/Downloads/RISC-V/MRS250/MRS-linux-x64/resources/app/resources/linux/components/WCH/Toolchain/RISC-V Embedded GCC/bin/../lib/gcc/riscv-none-embed/8.2.0/../../../../riscv-none-embed/lib/rv32imacxw/ilp32/libg_nano.a(lib_a-memset.o)
                0x0000000000000160                memset
 *(.text.*)
 .text.NMI_Handler
                0x0000000000000208        0x2 ./User/ch32x035_it.o
                0x0000000000000208                NMI_Handler
 .text.HardFault_Handler
                0x000000000000020a       0x10 ./User/ch32x035_it.o
                0x000000000000020a                HardFault_Handler
 .text.gpsValidate
                0x000000000000021a       0x46 ./User/gps.o
                0x000000000000021a                gpsValidate
 .text.gpsToDec
                0x0000000000000260       0x5c ./User/gps.o
                0x0000000000000260                gpsToDec
 .text.splitMsg
                0x00000000000002bc       0x82 ./User/gps.o
                0x00000000000002bc                splitMsg
 .text.hexToBin
                0x000000000000033e       0x80 ./User/gps.o
                0x000000000000033e                hexToBin
 .text.gpsParse
                0x00000000000003be      0x2da ./User/gps.o
                0x00000000000003be                gpsParse
 .text.gpsPrint
                0x0000000000000698      0x116 ./User/gps.o
                0x0000000000000698                gpsPrint
 .text.floatPart
                0x00000000000007ae       0x30 ./User/main.o
                0x00000000000007ae                floatPart
 .text.DateTimeToEpoch
                0x00000000000007de       0x82 ./User/main.o
                0x00000000000007de                DateTimeToEpoch
 .text.EpochToDateTime
                0x0000000000000860       0xe2 ./User/main.o
                0x0000000000000860                EpochToDateTime
 .text.initRECQ
                0x0000000000000942       0x3e ./User/main.o
                0x0000000000000942                initRECQ
 .text.putRECQ  0x0000000000000980       0x70 ./User/main.o
                0x0000000000000980                putRECQ
 .text.getRECQ  0x00000000000009f0       0x9a ./User/main.o
                0x00000000000009f0                getRECQ
 .text.PPS_INIT
                0x0000000000000a8a       0x8e ./User/main.o
                0x0000000000000a8a                PPS_INIT
 .text.EXTI7_0_IRQHandler
                0x0000000000000b18      0x13c ./User/main.o
                0x0000000000000b18                EXTI7_0_IRQHandler
 .text.InitUSART2
                0x0000000000000c54       0x96 ./User/main.o
                0x0000000000000c54                InitUSART2
 .text.USART2_IRQHandler
                0x0000000000000cea      0x10e ./User/main.o
                0x0000000000000cea                USART2_IRQHandler
 .text.InitUSART4
                0x0000000000000df8       0xa2 ./User/main.o
                0x0000000000000df8                InitUSART4
 .text.USART4_IRQHandler
                0x0000000000000e9a      0x1aa ./User/main.o
                0x0000000000000e9a                USART4_IRQHandler
 .text.TIM1_Init
                0x0000000000001044       0x88 ./User/main.o
                0x0000000000001044                TIM1_Init
 .text.GPIO_ConfigOut
                0x00000000000010cc       0x3c ./User/main.o
                0x00000000000010cc                GPIO_ConfigOut
 .text.Leds     0x0000000000001108       0x2c ./User/main.o
                0x0000000000001108                Leds
 .text.TIM1_UP_IRQHandler
                0x0000000000001134       0xc6 ./User/main.o
                0x0000000000001134                TIM1_UP_IRQHandler
 .text.calcTime
                0x00000000000011fa       0x4e ./User/main.o
                0x00000000000011fa                calcTime
 .text.spi_init
                0x0000000000001248       0xd0 ./User/main.o
                0x0000000000001248                spi_init
 .text.Report   0x0000000000001318       0xa2 ./User/main.o
                0x0000000000001318                Report
 .text.chipName
                0x00000000000013ba       0xb6 ./User/main.o
                0x00000000000013ba                chipName
 .text.prnInfo  0x0000000000001470       0x32 ./User/main.o
                0x0000000000001470                prnInfo
 .text.startup.main
                0x00000000000014a2      0x518 ./User/main.o
                0x00000000000014a2                main
 .text.OLED_RESET
                0x00000000000019ba       0x3e ./User/ssd1306.o
                0x00000000000019ba                OLED_RESET
 .text.I2C_WriteDatas
                0x00000000000019f8       0x5c ./User/ssd1306.o
                0x00000000000019f8                I2C_WriteDatas
 .text.OLED_on  0x0000000000001a54       0x24 ./User/ssd1306.o
                0x0000000000001a54                OLED_on
 .text.OLED_clear_line
                0x0000000000001a78       0x6a ./User/ssd1306.o
                0x0000000000001a78                OLED_clear_line
 .text.OLED_Clear
                0x0000000000001ae2       0x22 ./User/ssd1306.o
                0x0000000000001ae2                OLED_Clear
 .text.OLED_clear_lines
                0x0000000000001b04       0x96 ./User/ssd1306.o
                0x0000000000001b04                OLED_clear_lines
 .text.OLED_Init
                0x0000000000001b9a       0x62 ./User/ssd1306.o
                0x0000000000001b9a                OLED_Init
 .text.OLED_calcx
                0x0000000000001bfc       0x1e ./User/ssd1306.o
                0x0000000000001bfc                OLED_calcx
 .text.OLED_text_xy
                0x0000000000001c1a       0xc4 ./User/ssd1306.o
                0x0000000000001c1a                OLED_text_xy
 .text.SystemInit
                0x0000000000001cde       0x42 ./User/system_ch32x035.o
                0x0000000000001cde                SystemInit
 .text.SystemCoreClockUpdate
                0x0000000000001d20       0x3a ./User/system_ch32x035.o
                0x0000000000001d20                SystemCoreClockUpdate
 .text.voltPinInit
                0x0000000000001d5a       0x36 ./User/volt.o
                0x0000000000001d5a                voltPinInit
 .text.ledVolt  0x0000000000001d90       0x12 ./User/volt.o
                0x0000000000001d90                ledVolt
 .text.ADC_Function_Init
                0x0000000000001da2       0x68 ./User/volt.o
                0x0000000000001da2                ADC_Function_Init
 .text.Get_ADC_Val
                0x0000000000001e0a       0x32 ./User/volt.o
                0x0000000000001e0a                Get_ADC_Val
 .text.vector_handler
                0x0000000000001e3c        0x2 ./Startup/startup_ch32x035.o
                0x0000000000001e3c                TIM1_CC_IRQHandler
                0x0000000000001e3c                TIM2_UP_IRQHandler
                0x0000000000001e3c                USBPD_IRQHandler
                0x0000000000001e3c                SysTick_Handler
                0x0000000000001e3c                PVD_IRQHandler
                0x0000000000001e3c                EXTI25_16_IRQHandler
                0x0000000000001e3c                USBFS_IRQHandler
                0x0000000000001e3c                Break_Point_Handler
                0x0000000000001e3c                TIM2_TRG_COM_IRQHandler
                0x0000000000001e3c                TIM2_CC_IRQHandler
                0x0000000000001e3c                SPI1_IRQHandler
                0x0000000000001e3c                AWU_IRQHandler
                0x0000000000001e3c                Ecall_M_Mode_Handler
                0x0000000000001e3c                DMA1_Channel4_IRQHandler
                0x0000000000001e3c                ADC1_IRQHandler
                0x0000000000001e3c                TIM2_BRK_IRQHandler
                0x0000000000001e3c                USART3_IRQHandler
                0x0000000000001e3c                DMA1_Channel7_IRQHandler
                0x0000000000001e3c                USBPDWakeUp_IRQHandler
                0x0000000000001e3c                EXTI15_8_IRQHandler
                0x0000000000001e3c                I2C1_EV_IRQHandler
                0x0000000000001e3c                DMA1_Channel6_IRQHandler
                0x0000000000001e3c                TIM3_IRQHandler
                0x0000000000001e3c                TIM1_TRG_COM_IRQHandler
                0x0000000000001e3c                DMA1_Channel1_IRQHandler
                0x0000000000001e3c                DMA1_Channel8_IRQHandler
                0x0000000000001e3c                PIOC_IRQHandler
                0x0000000000001e3c                DMA1_Channel5_IRQHandler
                0x0000000000001e3c                DMA1_Channel3_IRQHandler
                0x0000000000001e3c                WWDG_IRQHandler
                0x0000000000001e3c                Ecall_U_Mode_Handler
                0x0000000000001e3c                SW_Handler
                0x0000000000001e3c                TIM1_BRK_IRQHandler
                0x0000000000001e3c                OPA_IRQHandler
                0x0000000000001e3c                DMA1_Channel2_IRQHandler
                0x0000000000001e3c                FLASH_IRQHandler
                0x0000000000001e3c                USBFSWakeUp_IRQHandler
                0x0000000000001e3c                USART1_IRQHandler
                0x0000000000001e3c                I2C1_ER_IRQHandler
 .text.handle_reset
                0x0000000000001e3e       0x86 ./Startup/startup_ch32x035.o
                0x0000000000001e3e                handle_reset
 .text.ADC_Init
                0x0000000000001ec4       0x56 ./Peripheral/src/ch32x035_adc.o
                0x0000000000001ec4                ADC_Init
 .text.ADC_Cmd  0x0000000000001f1a       0x10 ./Peripheral/src/ch32x035_adc.o
                0x0000000000001f1a                ADC_Cmd
 .text.ADC_SoftwareStartConvCmd
                0x0000000000001f2a       0x18 ./Peripheral/src/ch32x035_adc.o
                0x0000000000001f2a                ADC_SoftwareStartConvCmd
 .text.ADC_RegularChannelConfig
                0x0000000000001f42       0xb8 ./Peripheral/src/ch32x035_adc.o
                0x0000000000001f42                ADC_RegularChannelConfig
 .text.ADC_GetConversionValue
                0x0000000000001ffa        0x8 ./Peripheral/src/ch32x035_adc.o
                0x0000000000001ffa                ADC_GetConversionValue
 .text.ADC_GetFlagStatus
                0x0000000000002002        0xa ./Peripheral/src/ch32x035_adc.o
                0x0000000000002002                ADC_GetFlagStatus
 .text.ADC_CLKConfig
                0x000000000000200c        0xc ./Peripheral/src/ch32x035_adc.o
                0x000000000000200c                ADC_CLKConfig
 .text.DBGMCU_GetCHIPID
                0x0000000000002018        0xa ./Peripheral/src/ch32x035_dbgmcu.o
                0x0000000000002018                DBGMCU_GetCHIPID
 .text.EXTI_Init
                0x0000000000002022       0x6a ./Peripheral/src/ch32x035_exti.o
                0x0000000000002022                EXTI_Init
 .text.EXTI_GetITStatus
                0x000000000000208c       0x1e ./Peripheral/src/ch32x035_exti.o
                0x000000000000208c                EXTI_GetITStatus
 .text.EXTI_ClearITPendingBit
                0x00000000000020aa        0xa ./Peripheral/src/ch32x035_exti.o
                0x00000000000020aa                EXTI_ClearITPendingBit
 .text.GPIO_Init
                0x00000000000020b4      0x18e ./Peripheral/src/ch32x035_gpio.o
                0x00000000000020b4                GPIO_Init
 .text.GPIO_ReadInputDataBit
                0x0000000000002242        0xa ./Peripheral/src/ch32x035_gpio.o
                0x0000000000002242                GPIO_ReadInputDataBit
 .text.GPIO_SetBits
                0x000000000000224c        0xe ./Peripheral/src/ch32x035_gpio.o
                0x000000000000224c                GPIO_SetBits
 .text.GPIO_ResetBits
                0x000000000000225a        0x4 ./Peripheral/src/ch32x035_gpio.o
                0x000000000000225a                GPIO_ResetBits
 .text.GPIO_WriteBit
                0x000000000000225e       0x14 ./Peripheral/src/ch32x035_gpio.o
                0x000000000000225e                GPIO_WriteBit
 .text.GPIO_EXTILineConfig
                0x0000000000002272       0x2e ./Peripheral/src/ch32x035_gpio.o
                0x0000000000002272                GPIO_EXTILineConfig
 .text.NVIC_PriorityGroupConfig
                0x00000000000022a0        0x6 ./Peripheral/src/ch32x035_misc.o
                0x00000000000022a0                NVIC_PriorityGroupConfig
 .text.NVIC_Init
                0x00000000000022a6       0x54 ./Peripheral/src/ch32x035_misc.o
                0x00000000000022a6                NVIC_Init
 .text.PWR_EnterSTOPMode
                0x00000000000022fa       0x7a ./Peripheral/src/ch32x035_pwr.o
                0x00000000000022fa                PWR_EnterSTOPMode
 .text.RCC_GetClocksFreq
                0x0000000000002374       0x3e ./Peripheral/src/ch32x035_rcc.o
                0x0000000000002374                RCC_GetClocksFreq
 .text.RCC_APB2PeriphClockCmd
                0x00000000000023b2       0x1e ./Peripheral/src/ch32x035_rcc.o
                0x00000000000023b2                RCC_APB2PeriphClockCmd
 .text.RCC_APB1PeriphClockCmd
                0x00000000000023d0       0x1e ./Peripheral/src/ch32x035_rcc.o
                0x00000000000023d0                RCC_APB1PeriphClockCmd
 .text.SPI_Init
                0x00000000000023ee       0x32 ./Peripheral/src/ch32x035_spi.o
                0x00000000000023ee                SPI_Init
 .text.SPI_I2S_SendData
                0x0000000000002420       0x14 ./Peripheral/src/ch32x035_spi.o
                0x0000000000002420                SPI_I2S_SendData
 .text.TIM_TimeBaseInit
                0x0000000000002434       0x56 ./Peripheral/src/ch32x035_tim.o
                0x0000000000002434                TIM_TimeBaseInit
 .text.TIM_GetITStatus
                0x000000000000248a       0x18 ./Peripheral/src/ch32x035_tim.o
                0x000000000000248a                TIM_GetITStatus
 .text.TIM_ClearITPendingBit
                0x00000000000024a2        0xc ./Peripheral/src/ch32x035_tim.o
                0x00000000000024a2                TIM_ClearITPendingBit
 .text.USART_Init
                0x00000000000024ae       0x90 ./Peripheral/src/ch32x035_usart.o
                0x00000000000024ae                USART_Init
 .text.USART_Cmd
                0x000000000000253e       0x16 ./Peripheral/src/ch32x035_usart.o
                0x000000000000253e                USART_Cmd
 .text.USART_ITConfig
                0x0000000000002554       0x36 ./Peripheral/src/ch32x035_usart.o
                0x0000000000002554                USART_ITConfig
 .text.USART_SendData
                0x000000000000258a        0x8 ./Peripheral/src/ch32x035_usart.o
                0x000000000000258a                USART_SendData
 .text.USART_ReceiveData
                0x0000000000002592        0x8 ./Peripheral/src/ch32x035_usart.o
                0x0000000000002592                USART_ReceiveData
 .text.USART_GetFlagStatus
                0x000000000000259a        0xa ./Peripheral/src/ch32x035_usart.o
                0x000000000000259a                USART_GetFlagStatus
 .text.Delay_Init
                0x00000000000025a4       0x26 ./Debug/debug.o
                0x00000000000025a4                Delay_Init
 .text.Delay_Ms
                0x00000000000025ca       0x36 ./Debug/debug.o
                0x00000000000025ca                Delay_Ms
 .text._write   0x0000000000002600       0x3e ./Debug/debug.o
                0x0000000000002600                _write
 .text._sbrk    0x000000000000263e       0x26 ./Debug/debug.o
                0x000000000000263e                _sbrk
 .text.__addsf3
                0x0000000000002664      0x36a /home/alarm/Downloads/RISC-V/MRS250/MRS-linux-x64/resources/app/resources/linux/components/WCH/Toolchain/RISC-V Embedded GCC/bin/../lib/gcc/riscv-none-embed/8.2.0/rv32imacxw/ilp32/libgcc.a(addsf3.o)
                0x0000000000002664                __addsf3
 .text.__divsf3
                0x00000000000029ce      0x2b2 /home/alarm/Downloads/RISC-V/MRS250/MRS-linux-x64/resources/app/resources/linux/components/WCH/Toolchain/RISC-V Embedded GCC/bin/../lib/gcc/riscv-none-embed/8.2.0/rv32imacxw/ilp32/libgcc.a(divsf3.o)
                0x00000000000029ce                __divsf3
 .text.__lesf2  0x0000000000002c80       0x8c /home/alarm/Downloads/RISC-V/MRS250/MRS-linux-x64/resources/app/resources/linux/components/WCH/Toolchain/RISC-V Embedded GCC/bin/../lib/gcc/riscv-none-embed/8.2.0/rv32imacxw/ilp32/libgcc.a(lesf2.o)
                0x0000000000002c80                __lesf2
                0x0000000000002c80                __ltsf2
 .text.__mulsf3
                0x0000000000002d0c      0x294 /home/alarm/Downloads/RISC-V/MRS250/MRS-linux-x64/resources/app/resources/linux/components/WCH/Toolchain/RISC-V Embedded GCC/bin/../lib/gcc/riscv-none-embed/8.2.0/rv32imacxw/ilp32/libgcc.a(mulsf3.o)
                0x0000000000002d0c                __mulsf3
 .text.__subsf3
                0x0000000000002fa0      0x388 /home/alarm/Downloads/RISC-V/MRS250/MRS-linux-x64/resources/app/resources/linux/components/WCH/Toolchain/RISC-V Embedded GCC/bin/../lib/gcc/riscv-none-embed/8.2.0/rv32imacxw/ilp32/libgcc.a(subsf3.o)
                0x0000000000002fa0                __subsf3
 .text.__fixsfsi
                0x0000000000003328       0x62 /home/alarm/Downloads/RISC-V/MRS250/MRS-linux-x64/resources/app/resources/linux/components/WCH/Toolchain/RISC-V Embedded GCC/bin/../lib/gcc/riscv-none-embed/8.2.0/rv32imacxw/ilp32/libgcc.a(fixsfsi.o)
                0x0000000000003328                __fixsfsi
 .text.__fixunssfsi
                0x000000000000338a       0x56 /home/alarm/Downloads/RISC-V/MRS250/MRS-linux-x64/resources/app/resources/linux/components/WCH/Toolchain/RISC-V Embedded GCC/bin/../lib/gcc/riscv-none-embed/8.2.0/rv32imacxw/ilp32/libgcc.a(fixunssfsi.o)
                0x000000000000338a                __fixunssfsi
 .text.__floatsisf
                0x00000000000033e0       0xc6 /home/alarm/Downloads/RISC-V/MRS250/MRS-linux-x64/resources/app/resources/linux/components/WCH/Toolchain/RISC-V Embedded GCC/bin/../lib/gcc/riscv-none-embed/8.2.0/rv32imacxw/ilp32/libgcc.a(floatsisf.o)
                0x00000000000033e0                __floatsisf
 .text.__floatunsisf
                0x00000000000034a6       0xce /home/alarm/Downloads/RISC-V/MRS250/MRS-linux-x64/resources/app/resources/linux/components/WCH/Toolchain/RISC-V Embedded GCC/bin/../lib/gcc/riscv-none-embed/8.2.0/rv32imacxw/ilp32/libgcc.a(floatunsisf.o)
                0x00000000000034a6                __floatunsisf
 .text.__truncdfsf2
                0x0000000000003574      0x16a /home/alarm/Downloads/RISC-V/MRS250/MRS-linux-x64/resources/app/resources/linux/components/WCH/Toolchain/RISC-V Embedded GCC/bin/../lib/gcc/riscv-none-embed/8.2.0/rv32imacxw/ilp32/libgcc.a(truncdfsf2.o)
                0x0000000000003574                __truncdfsf2
 .text.__clzsi2
                0x00000000000036de       0x6e /home/alarm/Downloads/RISC-V/MRS250/MRS-linux-x64/resources/app/resources/linux/components/WCH/Toolchain/RISC-V Embedded GCC/bin/../lib/gcc/riscv-none-embed/8.2.0/rv32imacxw/ilp32/libgcc.a(_clzsi2.o)
                0x00000000000036de                __clzsi2
 .text.atof     0x000000000000374c        0x6 /home/alarm/Downloads/RISC-V/MRS250/MRS-linux-x64/resources/app/resources/linux/components/WCH/Toolchain/RISC-V Embedded GCC/bin/../lib/gcc/riscv-none-embed/8.2.0/../../../../riscv-none-embed/lib/rv32imacxw/ilp32/libg_nano.a(lib_a-atof.o)
                0x000000000000374c                atof
 .text.atoi     0x0000000000003752        0x8 /home/alarm/Downloads/RISC-V/MRS250/MRS-linux-x64/resources/app/resources/linux/components/WCH/Toolchain/RISC-V Embedded GCC/bin/../lib/gcc/riscv-none-embed/8.2.0/../../../../riscv-none-embed/lib/rv32imacxw/ilp32/libg_nano.a(lib_a-atoi.o)
                0x0000000000003752                atoi
 .text.atol     0x000000000000375a        0x8 /home/alarm/Downloads/RISC-V/MRS250/MRS-linux-x64/resources/app/resources/linux/components/WCH/Toolchain/RISC-V Embedded GCC/bin/../lib/gcc/riscv-none-embed/8.2.0/../../../../riscv-none-embed/lib/rv32imacxw/ilp32/libg_nano.a(lib_a-atol.o)
                0x000000000000375a                atol
 .text.calloc   0x0000000000003762        0xc /home/alarm/Downloads/RISC-V/MRS250/MRS-linux-x64/resources/app/resources/linux/components/WCH/Toolchain/RISC-V Embedded GCC/bin/../lib/gcc/riscv-none-embed/8.2.0/../../../../riscv-none-embed/lib/rv32imacxw/ilp32/libg_nano.a(lib_a-calloc.o)
                0x0000000000003762                calloc
 .text.malloc   0x000000000000376e        0xa /home/alarm/Downloads/RISC-V/MRS250/MRS-linux-x64/resources/app/resources/linux/components/WCH/Toolchain/RISC-V Embedded GCC/bin/../lib/gcc/riscv-none-embed/8.2.0/../../../../riscv-none-embed/lib/rv32imacxw/ilp32/libg_nano.a(lib_a-malloc.o)
                0x000000000000376e                malloc
 .text.free     0x0000000000003778        0xa /home/alarm/Downloads/RISC-V/MRS250/MRS-linux-x64/resources/app/resources/linux/components/WCH/Toolchain/RISC-V Embedded GCC/bin/../lib/gcc/riscv-none-embed/8.2.0/../../../../riscv-none-embed/lib/rv32imacxw/ilp32/libg_nano.a(lib_a-malloc.o)
                0x0000000000003778                free
 .text.memcpy   0x0000000000003782       0xb2 /home/alarm/Downloads/RISC-V/MRS250/MRS-linux-x64/resources/app/resources/linux/components/WCH/Toolchain/RISC-V Embedded GCC/bin/../lib/gcc/riscv-none-embed/8.2.0/../../../../riscv-none-embed/lib/rv32imacxw/ilp32/libg_nano.a(lib_a-memcpy.o)
                0x0000000000003782                memcpy
 .text._calloc_r
                0x0000000000003834       0x26 /home/alarm/Downloads/RISC-V/MRS250/MRS-linux-x64/resources/app/resources/linux/components/WCH/Toolchain/RISC-V Embedded GCC/bin/../lib/gcc/riscv-none-embed/8.2.0/../../../../riscv-none-embed/lib/rv32imacxw/ilp32/libg_nano.a(lib_a-nano-callocr.o)
                0x0000000000003834                _calloc_r
 .text._free_r  0x000000000000385a       0xa8 /home/alarm/Downloads/RISC-V/MRS250/MRS-linux-x64/resources/app/resources/linux/components/WCH/Toolchain/RISC-V Embedded GCC/bin/../lib/gcc/riscv-none-embed/8.2.0/../../../../riscv-none-embed/lib/rv32imacxw/ilp32/libg_nano.a(lib_a-nano-freer.o)
                0x000000000000385a                _free_r
 .text._malloc_r
                0x0000000000003902       0xd4 /home/alarm/Downloads/RISC-V/MRS250/MRS-linux-x64/resources/app/resources/linux/components/WCH/Toolchain/RISC-V Embedded GCC/bin/../lib/gcc/riscv-none-embed/8.2.0/../../../../riscv-none-embed/lib/rv32imacxw/ilp32/libg_nano.a(lib_a-nano-mallocr.o)
                0x0000000000003902                _malloc_r
 .text.printf   0x00000000000039d6       0x42 /home/alarm/Downloads/RISC-V/MRS250/MRS-linux-x64/resources/app/resources/linux/components/WCH/Toolchain/RISC-V Embedded GCC/bin/../lib/gcc/riscv-none-embed/8.2.0/../../../../riscv-none-embed/lib/rv32imacxw/ilp32/libg_nano.a(lib_a-printf.o)
                0x00000000000039d6                printf
                0x00000000000039d6                iprintf
 .text._sbrk_r  0x0000000000003a18       0x2a /home/alarm/Downloads/RISC-V/MRS250/MRS-linux-x64/resources/app/resources/linux/components/WCH/Toolchain/RISC-V Embedded GCC/bin/../lib/gcc/riscv-none-embed/8.2.0/../../../../riscv-none-embed/lib/rv32imacxw/ilp32/libg_nano.a(lib_a-sbrkr.o)
                0x0000000000003a18                _sbrk_r
 .text.sprintf  0x0000000000003a42       0x46 /home/alarm/Downloads/RISC-V/MRS250/MRS-linux-x64/resources/app/resources/linux/components/WCH/Toolchain/RISC-V Embedded GCC/bin/../lib/gcc/riscv-none-embed/8.2.0/../../../../riscv-none-embed/lib/rv32imacxw/ilp32/libg_nano.a(lib_a-sprintf.o)
                0x0000000000003a42                sprintf
                0x0000000000003a42                siprintf
 .text.strcat   0x0000000000003a88       0x1e /home/alarm/Downloads/RISC-V/MRS250/MRS-linux-x64/resources/app/resources/linux/components/WCH/Toolchain/RISC-V Embedded GCC/bin/../lib/gcc/riscv-none-embed/8.2.0/../../../../riscv-none-embed/lib/rv32imacxw/ilp32/libg_nano.a(lib_a-strcat.o)
                0x0000000000003a88                strcat
 .text.strchr   0x0000000000003aa6       0x18 /home/alarm/Downloads/RISC-V/MRS250/MRS-linux-x64/resources/app/resources/linux/components/WCH/Toolchain/RISC-V Embedded GCC/bin/../lib/gcc/riscv-none-embed/8.2.0/../../../../riscv-none-embed/lib/rv32imacxw/ilp32/libg_nano.a(lib_a-strchr.o)
                0x0000000000003aa6                strchr
 .text.strcpy   0x0000000000003abe       0x10 /home/alarm/Downloads/RISC-V/MRS250/MRS-linux-x64/resources/app/resources/linux/components/WCH/Toolchain/RISC-V Embedded GCC/bin/../lib/gcc/riscv-none-embed/8.2.0/../../../../riscv-none-embed/lib/rv32imacxw/ilp32/libg_nano.a(lib_a-strcpy.o)
                0x0000000000003abe                strcpy
 .text.strlen   0x0000000000003ace       0x12 /home/alarm/Downloads/RISC-V/MRS250/MRS-linux-x64/resources/app/resources/linux/components/WCH/Toolchain/RISC-V Embedded GCC/bin/../lib/gcc/riscv-none-embed/8.2.0/../../../../riscv-none-embed/lib/rv32imacxw/ilp32/libg_nano.a(lib_a-strlen.o)
                0x0000000000003ace                strlen
 .text.strncmp  0x0000000000003ae0       0x28 /home/alarm/Downloads/RISC-V/MRS250/MRS-linux-x64/resources/app/resources/linux/components/WCH/Toolchain/RISC-V Embedded GCC/bin/../lib/gcc/riscv-none-embed/8.2.0/../../../../riscv-none-embed/lib/rv32imacxw/ilp32/libg_nano.a(lib_a-strncmp.o)
                0x0000000000003ae0                strncmp
 .text.strstr   0x0000000000003b08       0x34 /home/alarm/Downloads/RISC-V/MRS250/MRS-linux-x64/resources/app/resources/linux/components/WCH/Toolchain/RISC-V Embedded GCC/bin/../lib/gcc/riscv-none-embed/8.2.0/../../../../riscv-none-embed/lib/rv32imacxw/ilp32/libg_nano.a(lib_a-strstr.o)
                0x0000000000003b08                strstr
 .text.sulp     0x0000000000003b3c       0x4e /home/alarm/Downloads/RISC-V/MRS250/MRS-linux-x64/resources/app/resources/linux/components/WCH/Toolchain/RISC-V Embedded GCC/bin/../lib/gcc/riscv-none-embed/8.2.0/../../../../riscv-none-embed/lib/rv32imacxw/ilp32/libg_nano.a(lib_a-strtod.o)
 .text._strtod_l
                0x0000000000003b8a      0xc6c /home/alarm/Downloads/RISC-V/MRS250/MRS-linux-x64/resources/app/resources/linux/components/WCH/Toolchain/RISC-V Embedded GCC/bin/../lib/gcc/riscv-none-embed/8.2.0/../../../../riscv-none-embed/lib/rv32imacxw/ilp32/libg_nano.a(lib_a-strtod.o)
                0x0000000000003b8a                _strtod_l
 .text.strtod   0x00000000000047f6       0x1c /home/alarm/Downloads/RISC-V/MRS250/MRS-linux-x64/resources/app/resources/linux/components/WCH/Toolchain/RISC-V Embedded GCC/bin/../lib/gcc/riscv-none-embed/8.2.0/../../../../riscv-none-embed/lib/rv32imacxw/ilp32/libg_nano.a(lib_a-strtod.o)
                0x00000000000047f6                strtod
 .text._strtol_l.isra.0
                0x0000000000004812      0x13a /home/alarm/Downloads/RISC-V/MRS250/MRS-linux-x64/resources/app/resources/linux/components/WCH/Toolchain/RISC-V Embedded GCC/bin/../lib/gcc/riscv-none-embed/8.2.0/../../../../riscv-none-embed/lib/rv32imacxw/ilp32/libg_nano.a(lib_a-strtol.o)
 .text.strtol   0x000000000000494c       0x1e /home/alarm/Downloads/RISC-V/MRS250/MRS-linux-x64/resources/app/resources/linux/components/WCH/Toolchain/RISC-V Embedded GCC/bin/../lib/gcc/riscv-none-embed/8.2.0/../../../../riscv-none-embed/lib/rv32imacxw/ilp32/libg_nano.a(lib_a-strtol.o)
                0x000000000000494c                strtol
 .text._vsnprintf_r
                0x000000000000496a       0x5c /home/alarm/Downloads/RISC-V/MRS250/MRS-linux-x64/resources/app/resources/linux/components/WCH/Toolchain/RISC-V Embedded GCC/bin/../lib/gcc/riscv-none-embed/8.2.0/../../../../riscv-none-embed/lib/rv32imacxw/ilp32/libg_nano.a(lib_a-vsnprintf.o)
                0x000000000000496a                _vsnprintf_r
                0x000000000000496a                _vsniprintf_r
 .text.vsnprintf
                0x00000000000049c6       0x12 /home/alarm/Downloads/RISC-V/MRS250/MRS-linux-x64/resources/app/resources/linux/components/WCH/Toolchain/RISC-V Embedded GCC/bin/../lib/gcc/riscv-none-embed/8.2.0/../../../../riscv-none-embed/lib/rv32imacxw/ilp32/libg_nano.a(lib_a-vsnprintf.o)
                0x00000000000049c6                vsnprintf
                0x00000000000049c6                vsniprintf
 .text.std      0x00000000000049d8       0x66 /home/alarm/Downloads/RISC-V/MRS250/MRS-linux-x64/resources/app/resources/linux/components/WCH/Toolchain/RISC-V Embedded GCC/bin/../lib/gcc/riscv-none-embed/8.2.0/../../../../riscv-none-embed/lib/rv32imacxw/ilp32/libg_nano.a(lib_a-findfp.o)
 .text._cleanup_r
                0x0000000000004a3e        0xa /home/alarm/Downloads/RISC-V/MRS250/MRS-linux-x64/resources/app/resources/linux/components/WCH/Toolchain/RISC-V Embedded GCC/bin/../lib/gcc/riscv-none-embed/8.2.0/../../../../riscv-none-embed/lib/rv32imacxw/ilp32/libg_nano.a(lib_a-findfp.o)
                0x0000000000004a3e                _cleanup_r
 .text.__sfmoreglue
                0x0000000000004a48       0x48 /home/alarm/Downloads/RISC-V/MRS250/MRS-linux-x64/resources/app/resources/linux/components/WCH/Toolchain/RISC-V Embedded GCC/bin/../lib/gcc/riscv-none-embed/8.2.0/../../../../riscv-none-embed/lib/rv32imacxw/ilp32/libg_nano.a(lib_a-findfp.o)
                0x0000000000004a48                __sfmoreglue
 .text.__sinit  0x0000000000004a90       0x6c /home/alarm/Downloads/RISC-V/MRS250/MRS-linux-x64/resources/app/resources/linux/components/WCH/Toolchain/RISC-V Embedded GCC/bin/../lib/gcc/riscv-none-embed/8.2.0/../../../../riscv-none-embed/lib/rv32imacxw/ilp32/libg_nano.a(lib_a-findfp.o)
                0x0000000000004a90                __sinit
 .text.__sfp    0x0000000000004afc       0xa0 /home/alarm/Downloads/RISC-V/MRS250/MRS-linux-x64/resources/app/resources/linux/components/WCH/Toolchain/RISC-V Embedded GCC/bin/../lib/gcc/riscv-none-embed/8.2.0/../../../../riscv-none-embed/lib/rv32imacxw/ilp32/libg_nano.a(lib_a-findfp.o)
                0x0000000000004afc                __sfp
 .text._fwalk_reent
                0x0000000000004b9c       0x6a /home/alarm/Downloads/RISC-V/MRS250/MRS-linux-x64/resources/app/resources/linux/components/WCH/Toolchain/RISC-V Embedded GCC/bin/../lib/gcc/riscv-none-embed/8.2.0/../../../../riscv-none-embed/lib/rv32imacxw/ilp32/libg_nano.a(lib_a-fwalk.o)
                0x0000000000004b9c                _fwalk_reent
 .text.rshift   0x0000000000004c06       0x76 /home/alarm/Downloads/RISC-V/MRS250/MRS-linux-x64/resources/app/resources/linux/components/WCH/Toolchain/RISC-V Embedded GCC/bin/../lib/gcc/riscv-none-embed/8.2.0/../../../../riscv-none-embed/lib/rv32imacxw/ilp32/libg_nano.a(lib_a-gdtoa-gethex.o)
 .text.__hexdig_fun
                0x0000000000004c7c       0x40 /home/alarm/Downloads/RISC-V/MRS250/MRS-linux-x64/resources/app/resources/linux/components/WCH/Toolchain/RISC-V Embedded GCC/bin/../lib/gcc/riscv-none-embed/8.2.0/../../../../riscv-none-embed/lib/rv32imacxw/ilp32/libg_nano.a(lib_a-gdtoa-gethex.o)
                0x0000000000004c7c                __hexdig_fun
 .text.__gethex
                0x0000000000004cbc      0x4ca /home/alarm/Downloads/RISC-V/MRS250/MRS-linux-x64/resources/app/resources/linux/components/WCH/Toolchain/RISC-V Embedded GCC/bin/../lib/gcc/riscv-none-embed/8.2.0/../../../../riscv-none-embed/lib/rv32imacxw/ilp32/libg_nano.a(lib_a-gdtoa-gethex.o)
                0x0000000000004cbc                __gethex
 .text.L_shift  0x0000000000005186       0x2c /home/alarm/Downloads/RISC-V/MRS250/MRS-linux-x64/resources/app/resources/linux/components/WCH/Toolchain/RISC-V Embedded GCC/bin/../lib/gcc/riscv-none-embed/8.2.0/../../../../riscv-none-embed/lib/rv32imacxw/ilp32/libg_nano.a(lib_a-gdtoa-hexnan.o)
 .text.__match  0x00000000000051b2       0x2e /home/alarm/Downloads/RISC-V/MRS250/MRS-linux-x64/resources/app/resources/linux/components/WCH/Toolchain/RISC-V Embedded GCC/bin/../lib/gcc/riscv-none-embed/8.2.0/../../../../riscv-none-embed/lib/rv32imacxw/ilp32/libg_nano.a(lib_a-gdtoa-hexnan.o)
                0x00000000000051b2                __match
 .text.__hexnan
                0x00000000000051e0      0x15e /home/alarm/Downloads/RISC-V/MRS250/MRS-linux-x64/resources/app/resources/linux/components/WCH/Toolchain/RISC-V Embedded GCC/bin/../lib/gcc/riscv-none-embed/8.2.0/../../../../riscv-none-embed/lib/rv32imacxw/ilp32/libg_nano.a(lib_a-gdtoa-hexnan.o)
                0x00000000000051e0                __hexnan
 .text.__locale_ctype_ptr_l
                0x000000000000533e        0x6 /home/alarm/Downloads/RISC-V/MRS250/MRS-linux-x64/resources/app/resources/linux/components/WCH/Toolchain/RISC-V Embedded GCC/bin/../lib/gcc/riscv-none-embed/8.2.0/../../../../riscv-none-embed/lib/rv32imacxw/ilp32/libg_nano.a(lib_a-locale.o)
                0x000000000000533e                __locale_ctype_ptr_l
 .text.__localeconv_l
                0x0000000000005344        0x6 /home/alarm/Downloads/RISC-V/MRS250/MRS-linux-x64/resources/app/resources/linux/components/WCH/Toolchain/RISC-V Embedded GCC/bin/../lib/gcc/riscv-none-embed/8.2.0/../../../../riscv-none-embed/lib/rv32imacxw/ilp32/libg_nano.a(lib_a-localeconv.o)
                0x0000000000005344                __localeconv_l
 .text.__ascii_mbtowc
                0x000000000000534a       0x32 /home/alarm/Downloads/RISC-V/MRS250/MRS-linux-x64/resources/app/resources/linux/components/WCH/Toolchain/RISC-V Embedded GCC/bin/../lib/gcc/riscv-none-embed/8.2.0/../../../../riscv-none-embed/lib/rv32imacxw/ilp32/libg_nano.a(lib_a-mbtowc_r.o)
                0x000000000000534a                __ascii_mbtowc
 .text.__malloc_lock
                0x000000000000537c        0x2 /home/alarm/Downloads/RISC-V/MRS250/MRS-linux-x64/resources/app/resources/linux/components/WCH/Toolchain/RISC-V Embedded GCC/bin/../lib/gcc/riscv-none-embed/8.2.0/../../../../riscv-none-embed/lib/rv32imacxw/ilp32/libg_nano.a(lib_a-mlock.o)
                0x000000000000537c                __malloc_lock
 .text.__malloc_unlock
                0x000000000000537e        0x2 /home/alarm/Downloads/RISC-V/MRS250/MRS-linux-x64/resources/app/resources/linux/components/WCH/Toolchain/RISC-V Embedded GCC/bin/../lib/gcc/riscv-none-embed/8.2.0/../../../../riscv-none-embed/lib/rv32imacxw/ilp32/libg_nano.a(lib_a-mlock.o)
                0x000000000000537e                __malloc_unlock
 .text._Balloc  0x0000000000005380       0x8c /home/alarm/Downloads/RISC-V/MRS250/MRS-linux-x64/resources/app/resources/linux/components/WCH/Toolchain/RISC-V Embedded GCC/bin/../lib/gcc/riscv-none-embed/8.2.0/../../../../riscv-none-embed/lib/rv32imacxw/ilp32/libg_nano.a(lib_a-mprec.o)
                0x0000000000005380                _Balloc
 .text._Bfree   0x000000000000540c       0x44 /home/alarm/Downloads/RISC-V/MRS250/MRS-linux-x64/resources/app/resources/linux/components/WCH/Toolchain/RISC-V Embedded GCC/bin/../lib/gcc/riscv-none-embed/8.2.0/../../../../riscv-none-embed/lib/rv32imacxw/ilp32/libg_nano.a(lib_a-mprec.o)
                0x000000000000540c                _Bfree
 .text.__multadd
                0x0000000000005450       0x98 /home/alarm/Downloads/RISC-V/MRS250/MRS-linux-x64/resources/app/resources/linux/components/WCH/Toolchain/RISC-V Embedded GCC/bin/../lib/gcc/riscv-none-embed/8.2.0/../../../../riscv-none-embed/lib/rv32imacxw/ilp32/libg_nano.a(lib_a-mprec.o)
                0x0000000000005450                __multadd
 .text.__s2b    0x00000000000054e8       0xa4 /home/alarm/Downloads/RISC-V/MRS250/MRS-linux-x64/resources/app/resources/linux/components/WCH/Toolchain/RISC-V Embedded GCC/bin/../lib/gcc/riscv-none-embed/8.2.0/../../../../riscv-none-embed/lib/rv32imacxw/ilp32/libg_nano.a(lib_a-mprec.o)
                0x00000000000054e8                __s2b
 .text.__hi0bits
                0x000000000000558c       0x46 /home/alarm/Downloads/RISC-V/MRS250/MRS-linux-x64/resources/app/resources/linux/components/WCH/Toolchain/RISC-V Embedded GCC/bin/../lib/gcc/riscv-none-embed/8.2.0/../../../../riscv-none-embed/lib/rv32imacxw/ilp32/libg_nano.a(lib_a-mprec.o)
                0x000000000000558c                __hi0bits
 .text.__lo0bits
                0x00000000000055d2       0x6a /home/alarm/Downloads/RISC-V/MRS250/MRS-linux-x64/resources/app/resources/linux/components/WCH/Toolchain/RISC-V Embedded GCC/bin/../lib/gcc/riscv-none-embed/8.2.0/../../../../riscv-none-embed/lib/rv32imacxw/ilp32/libg_nano.a(lib_a-mprec.o)
                0x00000000000055d2                __lo0bits
 .text.__i2b    0x000000000000563c       0x1c /home/alarm/Downloads/RISC-V/MRS250/MRS-linux-x64/resources/app/resources/linux/components/WCH/Toolchain/RISC-V Embedded GCC/bin/../lib/gcc/riscv-none-embed/8.2.0/../../../../riscv-none-embed/lib/rv32imacxw/ilp32/libg_nano.a(lib_a-mprec.o)
                0x000000000000563c                __i2b
 .text.__multiply
                0x0000000000005658      0x144 /home/alarm/Downloads/RISC-V/MRS250/MRS-linux-x64/resources/app/resources/linux/components/WCH/Toolchain/RISC-V Embedded GCC/bin/../lib/gcc/riscv-none-embed/8.2.0/../../../../riscv-none-embed/lib/rv32imacxw/ilp32/libg_nano.a(lib_a-mprec.o)
                0x0000000000005658                __multiply
 .text.__pow5mult
                0x000000000000579c       0xbe /home/alarm/Downloads/RISC-V/MRS250/MRS-linux-x64/resources/app/resources/linux/components/WCH/Toolchain/RISC-V Embedded GCC/bin/../lib/gcc/riscv-none-embed/8.2.0/../../../../riscv-none-embed/lib/rv32imacxw/ilp32/libg_nano.a(lib_a-mprec.o)
                0x000000000000579c                __pow5mult
 .text.__lshift
                0x000000000000585a       0xce /home/alarm/Downloads/RISC-V/MRS250/MRS-linux-x64/resources/app/resources/linux/components/WCH/Toolchain/RISC-V Embedded GCC/bin/../lib/gcc/riscv-none-embed/8.2.0/../../../../riscv-none-embed/lib/rv32imacxw/ilp32/libg_nano.a(lib_a-mprec.o)
                0x000000000000585a                __lshift
 .text.__mcmp   0x0000000000005928       0x32 /home/alarm/Downloads/RISC-V/MRS250/MRS-linux-x64/resources/app/resources/linux/components/WCH/Toolchain/RISC-V Embedded GCC/bin/../lib/gcc/riscv-none-embed/8.2.0/../../../../riscv-none-embed/lib/rv32imacxw/ilp32/libg_nano.a(lib_a-mprec.o)
                0x0000000000005928                __mcmp
 .text.__mdiff  0x000000000000595a       0xf2 /home/alarm/Downloads/RISC-V/MRS250/MRS-linux-x64/resources/app/resources/linux/components/WCH/Toolchain/RISC-V Embedded GCC/bin/../lib/gcc/riscv-none-embed/8.2.0/../../../../riscv-none-embed/lib/rv32imacxw/ilp32/libg_nano.a(lib_a-mprec.o)
                0x000000000000595a                __mdiff
 .text.__ulp    0x0000000000005a4c       0x46 /home/alarm/Downloads/RISC-V/MRS250/MRS-linux-x64/resources/app/resources/linux/components/WCH/Toolchain/RISC-V Embedded GCC/bin/../lib/gcc/riscv-none-embed/8.2.0/../../../../riscv-none-embed/lib/rv32imacxw/ilp32/libg_nano.a(lib_a-mprec.o)
                0x0000000000005a4c                __ulp
 .text.__b2d    0x0000000000005a92       0xb4 /home/alarm/Downloads/RISC-V/MRS250/MRS-linux-x64/resources/app/resources/linux/components/WCH/Toolchain/RISC-V Embedded GCC/bin/../lib/gcc/riscv-none-embed/8.2.0/../../../../riscv-none-embed/lib/rv32imacxw/ilp32/libg_nano.a(lib_a-mprec.o)
                0x0000000000005a92                __b2d
 .text.__d2b    0x0000000000005b46       0xd4 /home/alarm/Downloads/RISC-V/MRS250/MRS-linux-x64/resources/app/resources/linux/components/WCH/Toolchain/RISC-V Embedded GCC/bin/../lib/gcc/riscv-none-embed/8.2.0/../../../../riscv-none-embed/lib/rv32imacxw/ilp32/libg_nano.a(lib_a-mprec.o)
                0x0000000000005b46                __d2b
 .text.__ratio  0x0000000000005c1a       0x74 /home/alarm/Downloads/RISC-V/MRS250/MRS-linux-x64/resources/app/resources/linux/components/WCH/Toolchain/RISC-V Embedded GCC/bin/../lib/gcc/riscv-none-embed/8.2.0/../../../../riscv-none-embed/lib/rv32imacxw/ilp32/libg_nano.a(lib_a-mprec.o)
                0x0000000000005c1a                __ratio
 .text.__copybits
                0x0000000000005c8e       0x36 /home/alarm/Downloads/RISC-V/MRS250/MRS-linux-x64/resources/app/resources/linux/components/WCH/Toolchain/RISC-V Embedded GCC/bin/../lib/gcc/riscv-none-embed/8.2.0/../../../../riscv-none-embed/lib/rv32imacxw/ilp32/libg_nano.a(lib_a-mprec.o)
                0x0000000000005c8e                __copybits
 .text.__any_on
                0x0000000000005cc4       0x46 /home/alarm/Downloads/RISC-V/MRS250/MRS-linux-x64/resources/app/resources/linux/components/WCH/Toolchain/RISC-V Embedded GCC/bin/../lib/gcc/riscv-none-embed/8.2.0/../../../../riscv-none-embed/lib/rv32imacxw/ilp32/libg_nano.a(lib_a-mprec.o)
                0x0000000000005cc4                __any_on
 .text.__ssputs_r
                0x0000000000005d0a       0xe4 /home/alarm/Downloads/RISC-V/MRS250/MRS-linux-x64/resources/app/resources/linux/components/WCH/Toolchain/RISC-V Embedded GCC/bin/../lib/gcc/riscv-none-embed/8.2.0/../../../../riscv-none-embed/lib/rv32imacxw/ilp32/libg_nano.a(lib_a-nano-svfprintf.o)
                0x0000000000005d0a                __ssputs_r
 .text._svfprintf_r
                0x0000000000005dee      0x26a /home/alarm/Downloads/RISC-V/MRS250/MRS-linux-x64/resources/app/resources/linux/components/WCH/Toolchain/RISC-V Embedded GCC/bin/../lib/gcc/riscv-none-embed/8.2.0/../../../../riscv-none-embed/lib/rv32imacxw/ilp32/libg_nano.a(lib_a-nano-svfprintf.o)
                0x0000000000005dee                _svfprintf_r
                0x0000000000005dee                _svfiprintf_r
 .text.__sfputc_r
                0x0000000000006058       0x26 /home/alarm/Downloads/RISC-V/MRS250/MRS-linux-x64/resources/app/resources/linux/components/WCH/Toolchain/RISC-V Embedded GCC/bin/../lib/gcc/riscv-none-embed/8.2.0/../../../../riscv-none-embed/lib/rv32imacxw/ilp32/libg_nano.a(lib_a-nano-vfprintf.o)
 .text.__sfputs_r
                0x000000000000607e       0x42 /home/alarm/Downloads/RISC-V/MRS250/MRS-linux-x64/resources/app/resources/linux/components/WCH/Toolchain/RISC-V Embedded GCC/bin/../lib/gcc/riscv-none-embed/8.2.0/../../../../riscv-none-embed/lib/rv32imacxw/ilp32/libg_nano.a(lib_a-nano-vfprintf.o)
                0x000000000000607e                __sfputs_r
 .text._vfprintf_r
                0x00000000000060c0      0x28c /home/alarm/Downloads/RISC-V/MRS250/MRS-linux-x64/resources/app/resources/linux/components/WCH/Toolchain/RISC-V Embedded GCC/bin/../lib/gcc/riscv-none-embed/8.2.0/../../../../riscv-none-embed/lib/rv32imacxw/ilp32/libg_nano.a(lib_a-nano-vfprintf.o)
                0x00000000000060c0                _vfiprintf_r
                0x00000000000060c0                _vfprintf_r
 .text._printf_common
                0x000000000000634c      0x10c /home/alarm/Downloads/RISC-V/MRS250/MRS-linux-x64/resources/app/resources/linux/components/WCH/Toolchain/RISC-V Embedded GCC/bin/../lib/gcc/riscv-none-embed/8.2.0/../../../../riscv-none-embed/lib/rv32imacxw/ilp32/libg_nano.a(lib_a-nano-vfprintf_i.o)
                0x000000000000634c                _printf_common
 .text._printf_i
                0x0000000000006458      0x2a2 /home/alarm/Downloads/RISC-V/MRS250/MRS-linux-x64/resources/app/resources/linux/components/WCH/Toolchain/RISC-V Embedded GCC/bin/../lib/gcc/riscv-none-embed/8.2.0/../../../../riscv-none-embed/lib/rv32imacxw/ilp32/libg_nano.a(lib_a-nano-vfprintf_i.o)
                0x0000000000006458                _printf_i
 .text.__sread  0x00000000000066fa       0x2c /home/alarm/Downloads/RISC-V/MRS250/MRS-linux-x64/resources/app/resources/linux/components/WCH/Toolchain/RISC-V Embedded GCC/bin/../lib/gcc/riscv-none-embed/8.2.0/../../../../riscv-none-embed/lib/rv32imacxw/ilp32/libg_nano.a(lib_a-stdio.o)
                0x00000000000066fa                __sread
 .text.__swrite
                0x0000000000006726       0x48 /home/alarm/Downloads/RISC-V/MRS250/MRS-linux-x64/resources/app/resources/linux/components/WCH/Toolchain/RISC-V Embedded GCC/bin/../lib/gcc/riscv-none-embed/8.2.0/../../../../riscv-none-embed/lib/rv32imacxw/ilp32/libg_nano.a(lib_a-stdio.o)
                0x0000000000006726                __swrite
 .text.__sseek  0x000000000000676e       0x30 /home/alarm/Downloads/RISC-V/MRS250/MRS-linux-x64/resources/app/resources/linux/components/WCH/Toolchain/RISC-V Embedded GCC/bin/../lib/gcc/riscv-none-embed/8.2.0/../../../../riscv-none-embed/lib/rv32imacxw/ilp32/libg_nano.a(lib_a-stdio.o)
                0x000000000000676e                __sseek
 .text.__sclose
                0x000000000000679e        0x6 /home/alarm/Downloads/RISC-V/MRS250/MRS-linux-x64/resources/app/resources/linux/components/WCH/Toolchain/RISC-V Embedded GCC/bin/../lib/gcc/riscv-none-embed/8.2.0/../../../../riscv-none-embed/lib/rv32imacxw/ilp32/libg_nano.a(lib_a-stdio.o)
                0x000000000000679e                __sclose
 .text.__swbuf_r
                0x00000000000067a4       0xbe /home/alarm/Downloads/RISC-V/MRS250/MRS-linux-x64/resources/app/resources/linux/components/WCH/Toolchain/RISC-V Embedded GCC/bin/../lib/gcc/riscv-none-embed/8.2.0/../../../../riscv-none-embed/lib/rv32imacxw/ilp32/libg_nano.a(lib_a-wbuf.o)
                0x00000000000067a4                __swbuf_r
 .text.__ascii_wctomb
                0x0000000000006862       0x1e /home/alarm/Downloads/RISC-V/MRS250/MRS-linux-x64/resources/app/resources/linux/components/WCH/Toolchain/RISC-V Embedded GCC/bin/../lib/gcc/riscv-none-embed/8.2.0/../../../../riscv-none-embed/lib/rv32imacxw/ilp32/libg_nano.a(lib_a-wctomb_r.o)
                0x0000000000006862                __ascii_wctomb
 .text._write_r
                0x0000000000006880       0x2e /home/alarm/Downloads/RISC-V/MRS250/MRS-linux-x64/resources/app/resources/linux/components/WCH/Toolchain/RISC-V Embedded GCC/bin/../lib/gcc/riscv-none-embed/8.2.0/../../../../riscv-none-embed/lib/rv32imacxw/ilp32/libg_nano.a(lib_a-writer.o)
                0x0000000000006880                _write_r
 .text.__swsetup_r
                0x00000000000068ae      0x100 /home/alarm/Downloads/RISC-V/MRS250/MRS-linux-x64/resources/app/resources/linux/components/WCH/Toolchain/RISC-V Embedded GCC/bin/../lib/gcc/riscv-none-embed/8.2.0/../../../../riscv-none-embed/lib/rv32imacxw/ilp32/libg_nano.a(lib_a-wsetup.o)
                0x00000000000068ae                __swsetup_r
 .text._close_r
                0x00000000000069ae       0x2a /home/alarm/Downloads/RISC-V/MRS250/MRS-linux-x64/resources/app/resources/linux/components/WCH/Toolchain/RISC-V Embedded GCC/bin/../lib/gcc/riscv-none-embed/8.2.0/../../../../riscv-none-embed/lib/rv32imacxw/ilp32/libg_nano.a(lib_a-closer.o)
                0x00000000000069ae                _close_r
 .text.__sflush_r
                0x00000000000069d8      0x132 /home/alarm/Downloads/RISC-V/MRS250/MRS-linux-x64/resources/app/resources/linux/components/WCH/Toolchain/RISC-V Embedded GCC/bin/../lib/gcc/riscv-none-embed/8.2.0/../../../../riscv-none-embed/lib/rv32imacxw/ilp32/libg_nano.a(lib_a-fflush.o)
                0x00000000000069d8                __sflush_r
 .text._fflush_r
                0x0000000000006b0a       0x68 /home/alarm/Downloads/RISC-V/MRS250/MRS-linux-x64/resources/app/resources/linux/components/WCH/Toolchain/RISC-V Embedded GCC/bin/../lib/gcc/riscv-none-embed/8.2.0/../../../../riscv-none-embed/lib/rv32imacxw/ilp32/libg_nano.a(lib_a-fflush.o)
                0x0000000000006b0a                _fflush_r
 .text._lseek_r
                0x0000000000006b72       0x2e /home/alarm/Downloads/RISC-V/MRS250/MRS-linux-x64/resources/app/resources/linux/components/WCH/Toolchain/RISC-V Embedded GCC/bin/../lib/gcc/riscv-none-embed/8.2.0/../../../../riscv-none-embed/lib/rv32imacxw/ilp32/libg_nano.a(lib_a-lseekr.o)
                0x0000000000006b72                _lseek_r
 .text.__swhatbuf_r
                0x0000000000006ba0       0x56 /home/alarm/Downloads/RISC-V/MRS250/MRS-linux-x64/resources/app/resources/linux/components/WCH/Toolchain/RISC-V Embedded GCC/bin/../lib/gcc/riscv-none-embed/8.2.0/../../../../riscv-none-embed/lib/rv32imacxw/ilp32/libg_nano.a(lib_a-makebuf.o)
                0x0000000000006ba0                __swhatbuf_r
 .text.__smakebuf_r
                0x0000000000006bf6       0x92 /home/alarm/Downloads/RISC-V/MRS250/MRS-linux-x64/resources/app/resources/linux/components/WCH/Toolchain/RISC-V Embedded GCC/bin/../lib/gcc/riscv-none-embed/8.2.0/../../../../riscv-none-embed/lib/rv32imacxw/ilp32/libg_nano.a(lib_a-makebuf.o)
                0x0000000000006bf6                __smakebuf_r
 .text.memchr   0x0000000000006c88       0x18 /home/alarm/Downloads/RISC-V/MRS250/MRS-linux-x64/resources/app/resources/linux/components/WCH/Toolchain/RISC-V Embedded GCC/bin/../lib/gcc/riscv-none-embed/8.2.0/../../../../riscv-none-embed/lib/rv32imacxw/ilp32/libg_nano.a(lib_a-memchr.o)
                0x0000000000006c88                memchr
 .text.memmove  0x0000000000006ca0       0x46 /home/alarm/Downloads/RISC-V/MRS250/MRS-linux-x64/resources/app/resources/linux/components/WCH/Toolchain/RISC-V Embedded GCC/bin/../lib/gcc/riscv-none-embed/8.2.0/../../../../riscv-none-embed/lib/rv32imacxw/ilp32/libg_nano.a(lib_a-memmove.o)
                0x0000000000006ca0                memmove
 .text._realloc_r
                0x0000000000006ce6       0x58 /home/alarm/Downloads/RISC-V/MRS250/MRS-linux-x64/resources/app/resources/linux/components/WCH/Toolchain/RISC-V Embedded GCC/bin/../lib/gcc/riscv-none-embed/8.2.0/../../../../riscv-none-embed/lib/rv32imacxw/ilp32/libg_nano.a(lib_a-nano-reallocr.o)
                0x0000000000006ce6                _realloc_r
 .text._read_r  0x0000000000006d3e       0x2e /home/alarm/Downloads/RISC-V/MRS250/MRS-linux-x64/resources/app/resources/linux/components/WCH/Toolchain/RISC-V Embedded GCC/bin/../lib/gcc/riscv-none-embed/8.2.0/../../../../riscv-none-embed/lib/rv32imacxw/ilp32/libg_nano.a(lib_a-readr.o)
                0x0000000000006d3e                _read_r
 .text._fstat_r
                0x0000000000006d6c       0x2c /home/alarm/Downloads/RISC-V/MRS250/MRS-linux-x64/resources/app/resources/linux/components/WCH/Toolchain/RISC-V Embedded GCC/bin/../lib/gcc/riscv-none-embed/8.2.0/../../../../riscv-none-embed/lib/rv32imacxw/ilp32/libg_nano.a(lib_a-fstatr.o)
                0x0000000000006d6c                _fstat_r
 .text._isatty_r
                0x0000000000006d98       0x2a /home/alarm/Downloads/RISC-V/MRS250/MRS-linux-x64/resources/app/resources/linux/components/WCH/Toolchain/RISC-V Embedded GCC/bin/../lib/gcc/riscv-none-embed/8.2.0/../../../../riscv-none-embed/lib/rv32imacxw/ilp32/libg_nano.a(lib_a-isattyr.o)
                0x0000000000006d98                _isatty_r
 .text._malloc_usable_size_r
                0x0000000000006dc2       0x14 /home/alarm/Downloads/RISC-V/MRS250/MRS-linux-x64/resources/app/resources/linux/components/WCH/Toolchain/RISC-V Embedded GCC/bin/../lib/gcc/riscv-none-embed/8.2.0/../../../../riscv-none-embed/lib/rv32imacxw/ilp32/libg_nano.a(lib_a-nano-msizer.o)
                0x0000000000006dc2                _malloc_usable_size_r
 .text.__adddf3
                0x0000000000006dd6      0x730 /home/alarm/Downloads/RISC-V/MRS250/MRS-linux-x64/resources/app/resources/linux/components/WCH/Toolchain/RISC-V Embedded GCC/bin/../lib/gcc/riscv-none-embed/8.2.0/rv32imacxw/ilp32/libgcc.a(adddf3.o)
                0x0000000000006dd6                __adddf3
 .text.__divdf3
                0x0000000000007506      0x5b4 /home/alarm/Downloads/RISC-V/MRS250/MRS-linux-x64/resources/app/resources/linux/components/WCH/Toolchain/RISC-V Embedded GCC/bin/../lib/gcc/riscv-none-embed/8.2.0/rv32imacxw/ilp32/libgcc.a(divdf3.o)
                0x0000000000007506                __divdf3
 .text.__eqdf2  0x0000000000007aba       0x6a /home/alarm/Downloads/RISC-V/MRS250/MRS-linux-x64/resources/app/resources/linux/components/WCH/Toolchain/RISC-V Embedded GCC/bin/../lib/gcc/riscv-none-embed/8.2.0/rv32imacxw/ilp32/libgcc.a(eqdf2.o)
                0x0000000000007aba                __eqdf2
                0x0000000000007aba                __nedf2
 .text.__gedf2  0x0000000000007b24       0xae /home/alarm/Downloads/RISC-V/MRS250/MRS-linux-x64/resources/app/resources/linux/components/WCH/Toolchain/RISC-V Embedded GCC/bin/../lib/gcc/riscv-none-embed/8.2.0/rv32imacxw/ilp32/libgcc.a(gedf2.o)
                0x0000000000007b24                __gtdf2
                0x0000000000007b24                __gedf2
 .text.__ledf2  0x0000000000007bd2       0xb6 /home/alarm/Downloads/RISC-V/MRS250/MRS-linux-x64/resources/app/resources/linux/components/WCH/Toolchain/RISC-V Embedded GCC/bin/../lib/gcc/riscv-none-embed/8.2.0/rv32imacxw/ilp32/libgcc.a(ledf2.o)
                0x0000000000007bd2                __ltdf2
                0x0000000000007bd2                __ledf2
 .text.__muldf3
                0x0000000000007c88      0x4b8 /home/alarm/Downloads/RISC-V/MRS250/MRS-linux-x64/resources/app/resources/linux/components/WCH/Toolchain/RISC-V Embedded GCC/bin/../lib/gcc/riscv-none-embed/8.2.0/rv32imacxw/ilp32/libgcc.a(muldf3.o)
                0x0000000000007c88                __muldf3
 .text.__subdf3
                0x0000000000008140      0x73e /home/alarm/Downloads/RISC-V/MRS250/MRS-linux-x64/resources/app/resources/linux/components/WCH/Toolchain/RISC-V Embedded GCC/bin/../lib/gcc/riscv-none-embed/8.2.0/rv32imacxw/ilp32/libgcc.a(subdf3.o)
                0x0000000000008140                __subdf3
 .text.__fixdfsi
                0x000000000000887e       0x68 /home/alarm/Downloads/RISC-V/MRS250/MRS-linux-x64/resources/app/resources/linux/components/WCH/Toolchain/RISC-V Embedded GCC/bin/../lib/gcc/riscv-none-embed/8.2.0/rv32imacxw/ilp32/libgcc.a(fixdfsi.o)
                0x000000000000887e                __fixdfsi
 .text.__fixunsdfsi
                0x00000000000088e6       0x5c /home/alarm/Downloads/RISC-V/MRS250/MRS-linux-x64/resources/app/resources/linux/components/WCH/Toolchain/RISC-V Embedded GCC/bin/../lib/gcc/riscv-none-embed/8.2.0/rv32imacxw/ilp32/libgcc.a(fixunsdfsi.o)
                0x00000000000088e6                __fixunsdfsi
 .text.__floatsidf
                0x0000000000008942       0x72 /home/alarm/Downloads/RISC-V/MRS250/MRS-linux-x64/resources/app/resources/linux/components/WCH/Toolchain/RISC-V Embedded GCC/bin/../lib/gcc/riscv-none-embed/8.2.0/rv32imacxw/ilp32/libgcc.a(floatsidf.o)
                0x0000000000008942                __floatsidf
 .text.__floatunsidf
                0x00000000000089b4       0x68 /home/alarm/Downloads/RISC-V/MRS250/MRS-linux-x64/resources/app/resources/linux/components/WCH/Toolchain/RISC-V Embedded GCC/bin/../lib/gcc/riscv-none-embed/8.2.0/rv32imacxw/ilp32/libgcc.a(floatunsidf.o)
                0x00000000000089b4                __floatunsidf
 .text._close   0x0000000000008a1c        0xc /home/alarm/Downloads/RISC-V/MRS250/MRS-linux-x64/resources/app/resources/linux/components/WCH/Toolchain/RISC-V Embedded GCC/bin/../lib/gcc/riscv-none-embed/8.2.0/../../../../riscv-none-embed/lib/rv32imacxw/ilp32/libnosys.a(close.o)
                0x0000000000008a1c                _close
 .text._fstat   0x0000000000008a28        0xc /home/alarm/Downloads/RISC-V/MRS250/MRS-linux-x64/resources/app/resources/linux/components/WCH/Toolchain/RISC-V Embedded GCC/bin/../lib/gcc/riscv-none-embed/8.2.0/../../../../riscv-none-embed/lib/rv32imacxw/ilp32/libnosys.a(fstat.o)
                0x0000000000008a28                _fstat
 .text._isatty  0x0000000000008a34        0xc /home/alarm/Downloads/RISC-V/MRS250/MRS-linux-x64/resources/app/resources/linux/components/WCH/Toolchain/RISC-V Embedded GCC/bin/../lib/gcc/riscv-none-embed/8.2.0/../../../../riscv-none-embed/lib/rv32imacxw/ilp32/libnosys.a(isatty.o)
                0x0000000000008a34                _isatty
 .text._lseek   0x0000000000008a40        0xc /home/alarm/Downloads/RISC-V/MRS250/MRS-linux-x64/resources/app/resources/linux/components/WCH/Toolchain/RISC-V Embedded GCC/bin/../lib/gcc/riscv-none-embed/8.2.0/../../../../riscv-none-embed/lib/rv32imacxw/ilp32/libnosys.a(lseek.o)
                0x0000000000008a40                _lseek
 .text._read    0x0000000000008a4c        0xc /home/alarm/Downloads/RISC-V/MRS250/MRS-linux-x64/resources/app/resources/linux/components/WCH/Toolchain/RISC-V Embedded GCC/bin/../lib/gcc/riscv-none-embed/8.2.0/../../../../riscv-none-embed/lib/rv32imacxw/ilp32/libnosys.a(read.o)
                0x0000000000008a4c                _read
 *(.rodata)
 *(.rodata*)
 *fill*         0x0000000000008a58        0x0 
 .rodata.gpsParse.str1.4
                0x0000000000008a58        0x4 ./User/gps.o
 .rodata.gpsPrint.str1.4
                0x0000000000008a5c       0x81 ./User/gps.o
 *fill*         0x0000000000008add        0x3 
 .rodata.gpsToDec.cst4
                0x0000000000008ae0        0x8 ./User/gps.o
 .rodata.str1.4
                0x0000000000008ae8        0xf ./User/gps.o
 *fill*         0x0000000000008af7        0x1 
 .rodata.main   0x0000000000008af8       0x38 ./User/main.o
 .rodata.Report.str1.4
                0x0000000000008b30        0xa ./User/main.o
                                          0xf (size before relaxing)
 *fill*         0x0000000000008b3a        0x2 
 .rodata.USART4_IRQHandler.str1.4
                0x0000000000008b3c       0x26 ./User/main.o
 *fill*         0x0000000000008b62        0x2 
 .rodata.calcTime.str1.4
                0x0000000000008b64       0x39 ./User/main.o
 *fill*         0x0000000000008b9d        0x3 
 .rodata.chipName.str1.4
                0x0000000000008ba0       0x75 ./User/main.o
 *fill*         0x0000000000008c15        0x3 
 .rodata.floatPart.cst4
                0x0000000000008c18        0x4 ./User/main.o
 .rodata.main.cst4
                0x0000000000008c1c        0x8 ./User/main.o
 .rodata.main.str1.4
                0x0000000000008c24      0x11c ./User/main.o
                                        0x120 (size before relaxing)
 .rodata.prnInfo.str1.4
                0x0000000000008d40       0x27 ./User/main.o
 *fill*         0x0000000000008d67        0x1 
 .rodata.str1.4
                0x0000000000008d68       0x1f ./User/main.o
                                         0x23 (size before relaxing)
 *fill*         0x0000000000008d87        0x1 
 .rodata.font8x8
                0x0000000000008d88      0x400 ./User/ssd1306.o
                0x0000000000008d88                font8x8
 .rodata.__divsf3
                0x0000000000009188       0x80 /home/alarm/Downloads/RISC-V/MRS250/MRS-linux-x64/resources/app/resources/linux/components/WCH/Toolchain/RISC-V Embedded GCC/bin/../lib/gcc/riscv-none-embed/8.2.0/rv32imacxw/ilp32/libgcc.a(divsf3.o)
 .rodata.__mulsf3
                0x0000000000009208       0x40 /home/alarm/Downloads/RISC-V/MRS250/MRS-linux-x64/resources/app/resources/linux/components/WCH/Toolchain/RISC-V Embedded GCC/bin/../lib/gcc/riscv-none-embed/8.2.0/rv32imacxw/ilp32/libgcc.a(mulsf3.o)
 .rodata.__clz_tab
                0x0000000000009248      0x100 /home/alarm/Downloads/RISC-V/MRS250/MRS-linux-x64/resources/app/resources/linux/components/WCH/Toolchain/RISC-V Embedded GCC/bin/../lib/gcc/riscv-none-embed/8.2.0/rv32imacxw/ilp32/libgcc.a(_clz.o)
                0x0000000000009248                __clz_tab
 .rodata._strtod_l
                0x0000000000009348       0x14 /home/alarm/Downloads/RISC-V/MRS250/MRS-linux-x64/resources/app/resources/linux/components/WCH/Toolchain/RISC-V Embedded GCC/bin/../lib/gcc/riscv-none-embed/8.2.0/../../../../riscv-none-embed/lib/rv32imacxw/ilp32/libg_nano.a(lib_a-strtod.o)
 *fill*         0x000000000000935c        0x4 
 .rodata._strtod_l.cst8
                0x0000000000009360       0x38 /home/alarm/Downloads/RISC-V/MRS250/MRS-linux-x64/resources/app/resources/linux/components/WCH/Toolchain/RISC-V Embedded GCC/bin/../lib/gcc/riscv-none-embed/8.2.0/../../../../riscv-none-embed/lib/rv32imacxw/ilp32/libg_nano.a(lib_a-strtod.o)
 .rodata._strtod_l.str1.4
                0x0000000000009398        0xf /home/alarm/Downloads/RISC-V/MRS250/MRS-linux-x64/resources/app/resources/linux/components/WCH/Toolchain/RISC-V Embedded GCC/bin/../lib/gcc/riscv-none-embed/8.2.0/../../../../riscv-none-embed/lib/rv32imacxw/ilp32/libg_nano.a(lib_a-strtod.o)
 *fill*         0x00000000000093a7        0x1 
 .rodata.fpi.3395
                0x00000000000093a8       0x14 /home/alarm/Downloads/RISC-V/MRS250/MRS-linux-x64/resources/app/resources/linux/components/WCH/Toolchain/RISC-V Embedded GCC/bin/../lib/gcc/riscv-none-embed/8.2.0/../../../../riscv-none-embed/lib/rv32imacxw/ilp32/libg_nano.a(lib_a-strtod.o)
 .rodata.fpinan.3431
                0x00000000000093bc       0x14 /home/alarm/Downloads/RISC-V/MRS250/MRS-linux-x64/resources/app/resources/linux/components/WCH/Toolchain/RISC-V Embedded GCC/bin/../lib/gcc/riscv-none-embed/8.2.0/../../../../riscv-none-embed/lib/rv32imacxw/ilp32/libg_nano.a(lib_a-strtod.o)
 .rodata.tinytens
                0x00000000000093d0       0x28 /home/alarm/Downloads/RISC-V/MRS250/MRS-linux-x64/resources/app/resources/linux/components/WCH/Toolchain/RISC-V Embedded GCC/bin/../lib/gcc/riscv-none-embed/8.2.0/../../../../riscv-none-embed/lib/rv32imacxw/ilp32/libg_nano.a(lib_a-strtod.o)
 .rodata.__sf_fake_stderr
                0x00000000000093f8       0x20 /home/alarm/Downloads/RISC-V/MRS250/MRS-linux-x64/resources/app/resources/linux/components/WCH/Toolchain/RISC-V Embedded GCC/bin/../lib/gcc/riscv-none-embed/8.2.0/../../../../riscv-none-embed/lib/rv32imacxw/ilp32/libg_nano.a(lib_a-findfp.o)
                0x00000000000093f8                __sf_fake_stderr
 .rodata.__sf_fake_stdin
                0x0000000000009418       0x20 /home/alarm/Downloads/RISC-V/MRS250/MRS-linux-x64/resources/app/resources/linux/components/WCH/Toolchain/RISC-V Embedded GCC/bin/../lib/gcc/riscv-none-embed/8.2.0/../../../../riscv-none-embed/lib/rv32imacxw/ilp32/libg_nano.a(lib_a-findfp.o)
                0x0000000000009418                __sf_fake_stdin
 .rodata.__sf_fake_stdout
                0x0000000000009438       0x20 /home/alarm/Downloads/RISC-V/MRS250/MRS-linux-x64/resources/app/resources/linux/components/WCH/Toolchain/RISC-V Embedded GCC/bin/../lib/gcc/riscv-none-embed/8.2.0/../../../../riscv-none-embed/lib/rv32imacxw/ilp32/libg_nano.a(lib_a-findfp.o)
                0x0000000000009438                __sf_fake_stdout
 .rodata._setlocale_r.str1.4
                0x0000000000009458        0xa /home/alarm/Downloads/RISC-V/MRS250/MRS-linux-x64/resources/app/resources/linux/components/WCH/Toolchain/RISC-V Embedded GCC/bin/../lib/gcc/riscv-none-embed/8.2.0/../../../../riscv-none-embed/lib/rv32imacxw/ilp32/libg_nano.a(lib_a-locale.o)
                                          0xd (size before relaxing)
 *fill*         0x0000000000009462        0x2 
 .rodata.str1.4
                0x0000000000009464        0x2 /home/alarm/Downloads/RISC-V/MRS250/MRS-linux-x64/resources/app/resources/linux/components/WCH/Toolchain/RISC-V Embedded GCC/bin/../lib/gcc/riscv-none-embed/8.2.0/../../../../riscv-none-embed/lib/rv32imacxw/ilp32/libg_nano.a(lib_a-locale.o)
 *fill*         0x0000000000009466        0x2 
 .rodata.__mprec_bigtens
                0x0000000000009468       0x28 /home/alarm/Downloads/RISC-V/MRS250/MRS-linux-x64/resources/app/resources/linux/components/WCH/Toolchain/RISC-V Embedded GCC/bin/../lib/gcc/riscv-none-embed/8.2.0/../../../../riscv-none-embed/lib/rv32imacxw/ilp32/libg_nano.a(lib_a-mprec.o)
                0x0000000000009468                __mprec_bigtens
 .rodata.__mprec_tens
                0x0000000000009490       0xc8 /home/alarm/Downloads/RISC-V/MRS250/MRS-linux-x64/resources/app/resources/linux/components/WCH/Toolchain/RISC-V Embedded GCC/bin/../lib/gcc/riscv-none-embed/8.2.0/../../../../riscv-none-embed/lib/rv32imacxw/ilp32/libg_nano.a(lib_a-mprec.o)
                0x0000000000009490                __mprec_tens
 .rodata.p05.3319
                0x0000000000009558        0xc /home/alarm/Downloads/RISC-V/MRS250/MRS-linux-x64/resources/app/resources/linux/components/WCH/Toolchain/RISC-V Embedded GCC/bin/../lib/gcc/riscv-none-embed/8.2.0/../../../../riscv-none-embed/lib/rv32imacxw/ilp32/libg_nano.a(lib_a-mprec.o)
 .rodata._svfprintf_r.str1.4
                0x0000000000009564       0x13 /home/alarm/Downloads/RISC-V/MRS250/MRS-linux-x64/resources/app/resources/linux/components/WCH/Toolchain/RISC-V Embedded GCC/bin/../lib/gcc/riscv-none-embed/8.2.0/../../../../riscv-none-embed/lib/rv32imacxw/ilp32/libg_nano.a(lib_a-nano-svfprintf.o)
 .rodata._vfprintf_r.str1.4
                0x0000000000009577       0x13 /home/alarm/Downloads/RISC-V/MRS250/MRS-linux-x64/resources/app/resources/linux/components/WCH/Toolchain/RISC-V Embedded GCC/bin/../lib/gcc/riscv-none-embed/8.2.0/../../../../riscv-none-embed/lib/rv32imacxw/ilp32/libg_nano.a(lib_a-nano-vfprintf.o)
 *fill*         0x0000000000009577        0x1 
 .rodata._printf_i.str1.4
                0x0000000000009578       0x28 /home/alarm/Downloads/RISC-V/MRS250/MRS-linux-x64/resources/app/resources/linux/components/WCH/Toolchain/RISC-V Embedded GCC/bin/../lib/gcc/riscv-none-embed/8.2.0/../../../../riscv-none-embed/lib/rv32imacxw/ilp32/libg_nano.a(lib_a-nano-vfprintf_i.o)
                                         0x25 (size before relaxing)
 .rodata._ctype_
                0x00000000000095a0      0x101 /home/alarm/Downloads/RISC-V/MRS250/MRS-linux-x64/resources/app/resources/linux/components/WCH/Toolchain/RISC-V Embedded GCC/bin/../lib/gcc/riscv-none-embed/8.2.0/../../../../riscv-none-embed/lib/rv32imacxw/ilp32/libg_nano.a(lib_a-ctype_.o)
                0x00000000000095a0                _ctype_
 *fill*         0x00000000000096a1        0x3 
 .rodata.__divdf3
                0x00000000000096a4       0x40 /home/alarm/Downloads/RISC-V/MRS250/MRS-linux-x64/resources/app/resources/linux/components/WCH/Toolchain/RISC-V Embedded GCC/bin/../lib/gcc/riscv-none-embed/8.2.0/rv32imacxw/ilp32/libgcc.a(divdf3.o)
 .rodata.__muldf3
                0x00000000000096e4       0x40 /home/alarm/Downloads/RISC-V/MRS250/MRS-linux-x64/resources/app/resources/linux/components/WCH/Toolchain/RISC-V Embedded GCC/bin/../lib/gcc/riscv-none-embed/8.2.0/rv32imacxw/ilp32/libgcc.a(muldf3.o)
 *(.gnu.linkonce.t.*)
                0x0000000000009724                . = ALIGN (0x4)

.rela.dyn       0x0000000000009724        0x0
 .rela.init     0x0000000000009724        0x0 ./User/ch32x035_it.o
 .rela.vector   0x0000000000009724        0x0 ./User/ch32x035_it.o
 .rela.text.handle_reset
                0x0000000000009724        0x0 ./User/ch32x035_it.o
 .rela.text._sbrk
                0x0000000000009724        0x0 ./User/ch32x035_it.o
 .rela.sdata.curbrk.4333
                0x0000000000009724        0x0 ./User/ch32x035_it.o
 .rela.text._sbrk_r
                0x0000000000009724        0x0 ./User/ch32x035_it.o
 .rela.text._svfprintf_r
                0x0000000000009724        0x0 ./User/ch32x035_it.o
 .rela.text._vfprintf_r
                0x0000000000009724        0x0 ./User/ch32x035_it.o
 .rela.text._write_r
                0x0000000000009724        0x0 ./User/ch32x035_it.o
 .rela.text._close_r
                0x0000000000009724        0x0 ./User/ch32x035_it.o
 .rela.text._lseek_r
                0x0000000000009724        0x0 ./User/ch32x035_it.o
 .rela.text._read_r
                0x0000000000009724        0x0 ./User/ch32x035_it.o
 .rela.text._fstat_r
                0x0000000000009724        0x0 ./User/ch32x035_it.o
 .rela.text._isatty_r
                0x0000000000009724        0x0 ./User/ch32x035_it.o
 .rela.text._close
                0x0000000000009724        0x0 ./User/ch32x035_it.o
 .rela.text._fstat
                0x0000000000009724        0x0 ./User/ch32x035_it.o
 .rela.text._isatty
                0x0000000000009724        0x0 ./User/ch32x035_it.o
 .rela.text._lseek
                0x0000000000009724        0x0 ./User/ch32x035_it.o
 .rela.text._read
                0x0000000000009724        0x0 ./User/ch32x035_it.o

.fini           0x0000000000009724        0x0
 *(SORT_NONE(.fini))
                0x0000000000009724                . = ALIGN (0x4)
                [!provide]                        PROVIDE (_etext = .)
                [!provide]                        PROVIDE (_eitcm = .)

.preinit_array  0x0000000000009724        0x0
                [!provide]                        PROVIDE (__preinit_array_start = .)
 *(.preinit_array)
                [!provide]                        PROVIDE (__preinit_array_end = .)

.init_array     0x0000000000009724        0x0
                [!provide]                        PROVIDE (__init_array_start = .)
 *(SORT_BY_INIT_PRIORITY(.init_array.*) SORT_BY_INIT_PRIORITY(.ctors.*))
 *(.init_array EXCLUDE_FILE(*crtend?.o *crtend.o *crtbegin?.o *crtbegin.o) .ctors)
                [!provide]                        PROVIDE (__init_array_end = .)

.fini_array     0x0000000000009724        0x0
                [!provide]                        PROVIDE (__fini_array_start = .)
 *(SORT_BY_INIT_PRIORITY(.fini_array.*) SORT_BY_INIT_PRIORITY(.dtors.*))
 *(.fini_array EXCLUDE_FILE(*crtend?.o *crtend.o *crtbegin?.o *crtbegin.o) .dtors)
                [!provide]                        PROVIDE (__fini_array_end = .)

.ctors
 *crtbegin.o(.ctors)
 *crtbegin?.o(.ctors)
 *(EXCLUDE_FILE(*crtend?.o *crtend.o) .ctors)
 *(SORT_BY_NAME(.ctors.*))
 *(.ctors)

.dtors
 *crtbegin.o(.dtors)
 *crtbegin?.o(.dtors)
 *(EXCLUDE_FILE(*crtend?.o *crtend.o) .dtors)
 *(SORT_BY_NAME(.dtors.*))
 *(.dtors)

.dalign         0x0000000020000000        0x0 load address 0x0000000000009724
                0x0000000020000000                . = ALIGN (0x4)
                0x0000000020000000                PROVIDE (_data_vma = .)

.dlalign        0x0000000000009724        0x0
                0x0000000000009724                . = ALIGN (0x4)
                0x0000000000009724                PROVIDE (_data_lma = .)

.data           0x0000000020000000      0x240 load address 0x0000000000009724
 *(.gnu.linkonce.r.*)
 *(.data .data.*)
 .data.AHBPrescTable
                0x0000000020000000       0x10 ./User/system_ch32x035.o
                0x0000000020000000                AHBPrescTable
 .data.APBAHBPrescTable
                0x0000000020000010       0x10 ./Peripheral/src/ch32x035_rcc.o
 .data.impure_data
                0x0000000020000020       0x60 /home/alarm/Downloads/RISC-V/MRS250/MRS-linux-x64/resources/app/resources/linux/components/WCH/Toolchain/RISC-V Embedded GCC/bin/../lib/gcc/riscv-none-embed/8.2.0/../../../../riscv-none-embed/lib/rv32imacxw/ilp32/libg_nano.a(lib_a-impure.o)
 .data.__global_locale
                0x0000000020000080      0x16c /home/alarm/Downloads/RISC-V/MRS250/MRS-linux-x64/resources/app/resources/linux/components/WCH/Toolchain/RISC-V Embedded GCC/bin/../lib/gcc/riscv-none-embed/8.2.0/../../../../riscv-none-embed/lib/rv32imacxw/ilp32/libg_nano.a(lib_a-locale.o)
                0x0000000020000080                __global_locale
 *(.gnu.linkonce.d.*)
                0x00000000200001f0                . = ALIGN (0x8)
 *fill*         0x00000000200001ec        0x4 
                0x00000000200009f0                PROVIDE (__global_pointer$ = (. + 0x800))
 *(.sdata .sdata.*)
 .sdata.nmea    0x00000000200001f0        0x8 ./User/gps.o
                0x00000000200001f0                nmea
 .sdata.LedPin  0x00000000200001f8        0x2 ./User/main.o
                0x00000000200001f8                LedPin
 *fill*         0x00000000200001fa        0x2 
 .sdata.LedPort
                0x00000000200001fc        0x4 ./User/main.o
                0x00000000200001fc                LedPort
 .sdata.arr     0x0000000020000200        0x2 ./User/main.o
                0x0000000020000200                arr
 *fill*         0x0000000020000202        0x2 
 .sdata.eol     0x0000000020000204        0x4 ./User/main.o
                0x0000000020000204                eol
 .sdata.epoch   0x0000000020000208        0x4 ./User/main.o
                0x0000000020000208                epoch
 .sdata.oledOnOff
                0x000000002000020c        0x1 ./User/main.o
                0x000000002000020c                oledOnOff
 *fill*         0x000000002000020d        0x1 
 .sdata.psc     0x000000002000020e        0x2 ./User/main.o
                0x000000002000020e                psc
 .sdata.set_time
                0x0000000020000210        0x1 ./User/main.o
                0x0000000020000210                set_time
 *fill*         0x0000000020000211        0x3 
 .sdata.uname   0x0000000020000214        0x4 ./User/main.o
                0x0000000020000214                uname
 .sdata.ver     0x0000000020000218        0x4 ./User/main.o
                0x0000000020000218                ver
 .sdata.SystemCoreClock
                0x000000002000021c        0x4 ./User/system_ch32x035.o
                0x000000002000021c                SystemCoreClock
 .sdata.CFGHR_tmpA
                0x0000000020000220        0x4 ./Peripheral/src/ch32x035_gpio.o
                0x0000000020000220                CFGHR_tmpA
 .sdata.CFGHR_tmpB
                0x0000000020000224        0x4 ./Peripheral/src/ch32x035_gpio.o
                0x0000000020000224                CFGHR_tmpB
 .sdata.CFGHR_tmpC
                0x0000000020000228        0x4 ./Peripheral/src/ch32x035_gpio.o
                0x0000000020000228                CFGHR_tmpC
 .sdata.curbrk.4333
                0x000000002000022c        0x4 ./Debug/debug.o
 .sdata._impure_ptr
                0x0000000020000230        0x4 /home/alarm/Downloads/RISC-V/MRS250/MRS-linux-x64/resources/app/resources/linux/components/WCH/Toolchain/RISC-V Embedded GCC/bin/../lib/gcc/riscv-none-embed/8.2.0/../../../../riscv-none-embed/lib/rv32imacxw/ilp32/libg_nano.a(lib_a-impure.o)
                0x0000000020000230                _impure_ptr
 *(.sdata2.*)
 .sdata2.volt_porog
                0x0000000020000234        0x4 ./User/volt.o
                0x0000000020000234                volt_porog
 .sdata2._global_impure_ptr
                0x0000000020000238        0x4 /home/alarm/Downloads/RISC-V/MRS250/MRS-linux-x64/resources/app/resources/linux/components/WCH/Toolchain/RISC-V Embedded GCC/bin/../lib/gcc/riscv-none-embed/8.2.0/../../../../riscv-none-embed/lib/rv32imacxw/ilp32/libg_nano.a(lib_a-impure.o)
                0x0000000020000238                _global_impure_ptr
 *(.gnu.linkonce.s.*)
                0x0000000020000240                . = ALIGN (0x8)
 *fill*         0x000000002000023c        0x4 
 *(.srodata.cst16)
 *(.srodata.cst8)
 *(.srodata.cst4)
 *(.srodata.cst2)
 *(.srodata .srodata.*)
                0x0000000020000240                . = ALIGN (0x4)
                0x0000000020000240                PROVIDE (_edata = .)

.bss            0x0000000020000240      0x400 load address 0x0000000000009964
                0x0000000020000240                . = ALIGN (0x4)
                0x0000000020000240                PROVIDE (_sbss = .)
 *(.sbss*)
 .sbss.gga      0x0000000020000240        0x1 ./User/gps.o
                0x0000000020000240                gga
 .sbss.gps_valid
                0x0000000020000241        0x1 ./User/gps.o
                0x0000000020000241                gps_valid
 .sbss.rmc      0x0000000020000242        0x1 ./User/gps.o
                0x0000000020000242                rmc
 *fill*         0x0000000020000243        0x1 
 .sbss.devError
                0x0000000020000244        0x2 ./User/main.o
                0x0000000020000244                devError
 .sbss.evt      0x0000000020000246        0x1 ./User/main.o
                0x0000000020000246                evt
 .sbss.ind      0x0000000020000247        0x1 ./User/main.o
                0x0000000020000247                ind
 .sbss.ind_gps  0x0000000020000248        0x1 ./User/main.o
                0x0000000020000248                ind_gps
 .sbss.inv      0x0000000020000249        0x1 ./User/main.o
                0x0000000020000249                inv
 .sbss.key_enable
                0x000000002000024a        0x1 ./User/main.o
                0x000000002000024a                key_enable
 *fill*         0x000000002000024b        0x1 
 .sbss.key_tmr  0x000000002000024c        0x4 ./User/main.o
                0x000000002000024c                key_tmr
 .sbss.key_val  0x0000000020000250        0x1 ./User/main.o
                0x0000000020000250                key_val
 .sbss.led      0x0000000020000251        0x1 ./User/main.o
 .sbss.pps_enable
                0x0000000020000252        0x1 ./User/main.o
                0x0000000020000252                pps_enable
 .sbss.pps_val  0x0000000020000253        0x1 ./User/main.o
                0x0000000020000253                pps_val
 .sbss.queFlag  0x0000000020000254        0x1 ./User/main.o
                0x0000000020000254                queFlag
 *fill*         0x0000000020000255        0x3 
 .sbss.seconda  0x0000000020000258        0x4 ./User/main.o
                0x0000000020000258                seconda
 .sbss.set_new_time
                0x000000002000025c        0x1 ./User/main.o
                0x000000002000025c                set_new_time
 .sbss.sleep_mode
                0x000000002000025d        0x1 ./User/main.o
                0x000000002000025d                sleep_mode
 *fill*         0x000000002000025e        0x2 
 .sbss.buffer   0x0000000020000260        0x4 ./User/ssd1306.o
                0x0000000020000260                buffer
 .sbss.volt     0x0000000020000264        0x4 ./User/volt.o
                0x0000000020000264                volt
 .sbss.NVIC_Priority_Group
                0x0000000020000268        0x4 ./Peripheral/src/ch32x035_misc.o
                0x0000000020000268                NVIC_Priority_Group
 .sbss.p_ms     0x000000002000026c        0x2 ./Debug/debug.o
 .sbss.p_us     0x000000002000026e        0x1 ./Debug/debug.o
 *fill*         0x000000002000026f        0x1 
 .sbss.__malloc_free_list
                0x0000000020000270        0x4 /home/alarm/Downloads/RISC-V/MRS250/MRS-linux-x64/resources/app/resources/linux/components/WCH/Toolchain/RISC-V Embedded GCC/bin/../lib/gcc/riscv-none-embed/8.2.0/../../../../riscv-none-embed/lib/rv32imacxw/ilp32/libg_nano.a(lib_a-nano-mallocr.o)
                0x0000000020000270                __malloc_free_list
 .sbss.__malloc_sbrk_start
                0x0000000020000274        0x4 /home/alarm/Downloads/RISC-V/MRS250/MRS-linux-x64/resources/app/resources/linux/components/WCH/Toolchain/RISC-V Embedded GCC/bin/../lib/gcc/riscv-none-embed/8.2.0/../../../../riscv-none-embed/lib/rv32imacxw/ilp32/libg_nano.a(lib_a-nano-mallocr.o)
                0x0000000020000274                __malloc_sbrk_start
 *(.gnu.linkonce.sb.*)
 *(.bss*)
 .bss.GPS       0x0000000020000278       0x3d ./User/gps.o
                0x0000000020000278                GPS
 *fill*         0x00000000200002b5        0x3 
 .bss.item      0x00000000200002b8      0x1e0 ./User/gps.o
 .bss.RxBuff    0x0000000020000498       0x40 ./User/main.o
                0x0000000020000498                RxBuff
 .bss.RxGps     0x00000000200004d8       0x80 ./User/main.o
                0x00000000200004d8                RxGps
 .bss.queEvt    0x0000000020000558       0xa4 ./User/main.o
                0x0000000020000558                queEvt
 .bss.tmp       0x00000000200005fc       0x40 ./User/main.o
                0x00000000200005fc                tmp
 *(.gnu.linkonce.b.*)
 *(COMMON*)
 COMMON         0x000000002000063c        0x4 /home/alarm/Downloads/RISC-V/MRS250/MRS-linux-x64/resources/app/resources/linux/components/WCH/Toolchain/RISC-V Embedded GCC/bin/../lib/gcc/riscv-none-embed/8.2.0/../../../../riscv-none-embed/lib/rv32imacxw/ilp32/libg_nano.a(lib_a-reent.o)
                0x000000002000063c                errno
                0x0000000020000640                . = ALIGN (0x4)
                0x0000000020000640                PROVIDE (_ebss = .)
                0x0000000020000640                PROVIDE (_end = _ebss)
                [!provide]                        PROVIDE (end = .)

.stack          0x0000000020004800      0x800
                0x0000000020004800                PROVIDE (_heap_end = .)
                0x0000000020004800                . = ALIGN (0x4)
                [!provide]                        PROVIDE (_susrstack = .)
                0x0000000020005000                . = (. + __stack_size)
 *fill*         0x0000000020004800      0x800 
                0x0000000020005000                PROVIDE (_eusrstack = .)
OUTPUT(Tracker.elf elf32-littleriscv)

.debug_info     0x0000000000000000    0x15756
 .debug_info    0x0000000000000000      0xbc0 ./User/ch32x035_it.o
 .debug_info    0x0000000000000bc0     0x1738 ./User/gps.o
 .debug_info    0x00000000000022f8     0x3877 ./User/main.o
 .debug_info    0x0000000000005b6f     0x15e4 ./User/ssd1306.o
 .debug_info    0x0000000000007153      0xb56 ./User/system_ch32x035.o
 .debug_info    0x0000000000007ca9     0x134c ./User/volt.o
 .debug_info    0x0000000000008ff5       0x22 ./Startup/startup_ch32x035.o
 .debug_info    0x0000000000009017     0x15d6 ./Peripheral/src/ch32x035_adc.o
 .debug_info    0x000000000000a5ed      0xa94 ./Peripheral/src/ch32x035_dbgmcu.o
 .debug_info    0x000000000000b081      0xc05 ./Peripheral/src/ch32x035_exti.o
 .debug_info    0x000000000000bc86     0x11c9 ./Peripheral/src/ch32x035_gpio.o
 .debug_info    0x000000000000ce4f      0xe36 ./Peripheral/src/ch32x035_misc.o
 .debug_info    0x000000000000dc85      0xeae ./Peripheral/src/ch32x035_pwr.o
 .debug_info    0x000000000000eb33      0xd8f ./Peripheral/src/ch32x035_rcc.o
 .debug_info    0x000000000000f8c2     0x1072 ./Peripheral/src/ch32x035_spi.o
 .debug_info    0x0000000000010934     0x2b87 ./Peripheral/src/ch32x035_tim.o
 .debug_info    0x00000000000134bb     0x1333 ./Peripheral/src/ch32x035_usart.o
 .debug_info    0x00000000000147ee      0xf68 ./Debug/debug.o

.debug_abbrev   0x0000000000000000     0x3798
 .debug_abbrev  0x0000000000000000      0x22c ./User/ch32x035_it.o
 .debug_abbrev  0x000000000000022c      0x38f ./User/gps.o
 .debug_abbrev  0x00000000000005bb      0x61d ./User/main.o
 .debug_abbrev  0x0000000000000bd8      0x399 ./User/ssd1306.o
 .debug_abbrev  0x0000000000000f71      0x258 ./User/system_ch32x035.o
 .debug_abbrev  0x00000000000011c9      0x2db ./User/volt.o
 .debug_abbrev  0x00000000000014a4       0x12 ./Startup/startup_ch32x035.o
 .debug_abbrev  0x00000000000014b6      0x323 ./Peripheral/src/ch32x035_adc.o
 .debug_abbrev  0x00000000000017d9      0x2f7 ./Peripheral/src/ch32x035_dbgmcu.o
 .debug_abbrev  0x0000000000001ad0      0x2da ./Peripheral/src/ch32x035_exti.o
 .debug_abbrev  0x0000000000001daa      0x34b ./Peripheral/src/ch32x035_gpio.o
 .debug_abbrev  0x00000000000020f5      0x2ea ./Peripheral/src/ch32x035_misc.o
 .debug_abbrev  0x00000000000023df      0x344 ./Peripheral/src/ch32x035_pwr.o
 .debug_abbrev  0x0000000000002723      0x326 ./Peripheral/src/ch32x035_rcc.o
 .debug_abbrev  0x0000000000002a49      0x303 ./Peripheral/src/ch32x035_spi.o
 .debug_abbrev  0x0000000000002d4c      0x418 ./Peripheral/src/ch32x035_tim.o
 .debug_abbrev  0x0000000000003164      0x312 ./Peripheral/src/ch32x035_usart.o
 .debug_abbrev  0x0000000000003476      0x322 ./Debug/debug.o

.debug_aranges  0x0000000000000000      0xa98
 .debug_aranges
                0x0000000000000000       0x28 ./User/ch32x035_it.o
 .debug_aranges
                0x0000000000000028       0x50 ./User/gps.o
 .debug_aranges
                0x0000000000000078       0xe0 ./User/main.o
 .debug_aranges
                0x0000000000000158       0x68 ./User/ssd1306.o
 .debug_aranges
                0x00000000000001c0       0x28 ./User/system_ch32x035.o
 .debug_aranges
                0x00000000000001e8       0x38 ./User/volt.o
 .debug_aranges
                0x0000000000000220       0x30 ./Startup/startup_ch32x035.o
 .debug_aranges
                0x0000000000000250      0x140 ./Peripheral/src/ch32x035_adc.o
 .debug_aranges
                0x0000000000000390       0x48 ./Peripheral/src/ch32x035_dbgmcu.o
 .debug_aranges
                0x00000000000003d8       0x50 ./Peripheral/src/ch32x035_exti.o
 .debug_aranges
                0x0000000000000428       0x98 ./Peripheral/src/ch32x035_gpio.o
 .debug_aranges
                0x00000000000004c0       0x28 ./Peripheral/src/ch32x035_misc.o
 .debug_aranges
                0x00000000000004e8       0x48 ./Peripheral/src/ch32x035_pwr.o
 .debug_aranges
                0x0000000000000530       0x80 ./Peripheral/src/ch32x035_rcc.o
 .debug_aranges
                0x00000000000005b0       0xb8 ./Peripheral/src/ch32x035_spi.o
 .debug_aranges
                0x0000000000000668      0x2f0 ./Peripheral/src/ch32x035_tim.o
 .debug_aranges
                0x0000000000000958       0xf0 ./Peripheral/src/ch32x035_usart.o
 .debug_aranges
                0x0000000000000a48       0x50 ./Debug/debug.o

.debug_ranges   0x0000000000000000      0xbb0
 .debug_ranges  0x0000000000000000       0x18 ./User/ch32x035_it.o
 .debug_ranges  0x0000000000000018       0xb8 ./User/gps.o
 .debug_ranges  0x00000000000000d0      0x1b8 ./User/main.o
 .debug_ranges  0x0000000000000288       0x70 ./User/ssd1306.o
 .debug_ranges  0x00000000000002f8       0x18 ./User/system_ch32x035.o
 .debug_ranges  0x0000000000000310       0x28 ./User/volt.o
 .debug_ranges  0x0000000000000338       0x28 ./Startup/startup_ch32x035.o
 .debug_ranges  0x0000000000000360      0x130 ./Peripheral/src/ch32x035_adc.o
 .debug_ranges  0x0000000000000490       0x50 ./Peripheral/src/ch32x035_dbgmcu.o
 .debug_ranges  0x00000000000004e0       0x40 ./Peripheral/src/ch32x035_exti.o
 .debug_ranges  0x0000000000000520       0x88 ./Peripheral/src/ch32x035_gpio.o
 .debug_ranges  0x00000000000005a8       0x48 ./Peripheral/src/ch32x035_misc.o
 .debug_ranges  0x00000000000005f0       0x78 ./Peripheral/src/ch32x035_pwr.o
 .debug_ranges  0x0000000000000668       0x70 ./Peripheral/src/ch32x035_rcc.o
 .debug_ranges  0x00000000000006d8       0xa8 ./Peripheral/src/ch32x035_spi.o
 .debug_ranges  0x0000000000000780      0x310 ./Peripheral/src/ch32x035_tim.o
 .debug_ranges  0x0000000000000a90       0xe0 ./Peripheral/src/ch32x035_usart.o
 .debug_ranges  0x0000000000000b70       0x40 ./Debug/debug.o

.debug_line     0x0000000000000000     0xf762
 .debug_line    0x0000000000000000      0x36d ./User/ch32x035_it.o
 .debug_line    0x000000000000036d     0x126b ./User/gps.o
 .debug_line    0x00000000000015d8     0x2be8 ./User/main.o
 .debug_line    0x00000000000041c0      0xc09 ./User/ssd1306.o
 .debug_line    0x0000000000004dc9      0x44d ./User/system_ch32x035.o
 .debug_line    0x0000000000005216      0x6b7 ./User/volt.o
 .debug_line    0x00000000000058cd      0x11e ./Startup/startup_ch32x035.o
 .debug_line    0x00000000000059eb     0x15c8 ./Peripheral/src/ch32x035_adc.o
 .debug_line    0x0000000000006fb3      0x446 ./Peripheral/src/ch32x035_dbgmcu.o
 .debug_line    0x00000000000073f9      0x6a0 ./Peripheral/src/ch32x035_exti.o
 .debug_line    0x0000000000007a99     0x134d ./Peripheral/src/ch32x035_gpio.o
 .debug_line    0x0000000000008de6      0x4a7 ./Peripheral/src/ch32x035_misc.o
 .debug_line    0x000000000000928d      0x6c3 ./Peripheral/src/ch32x035_pwr.o
 .debug_line    0x0000000000009950      0x890 ./Peripheral/src/ch32x035_rcc.o
 .debug_line    0x000000000000a1e0      0xb2d ./Peripheral/src/ch32x035_spi.o
 .debug_line    0x000000000000ad0d     0x32b4 ./Peripheral/src/ch32x035_tim.o
 .debug_line    0x000000000000dfc1      0xf40 ./Peripheral/src/ch32x035_usart.o
 .debug_line    0x000000000000ef01      0x861 ./Debug/debug.o

.debug_str      0x0000000000000000     0x3427
 .debug_str     0x0000000000000000      0x626 ./User/ch32x035_it.o
                                        0x694 (size before relaxing)
 .debug_str     0x0000000000000626      0x338 ./User/gps.o
                                        0x913 (size before relaxing)
 .debug_str     0x000000000000095e      0xd7c ./User/main.o
                                       0x16ff (size before relaxing)
 .debug_str     0x00000000000016da       0xa1 ./User/ssd1306.o
                                        0x99a (size before relaxing)
 .debug_str     0x000000000000177b       0x63 ./User/system_ch32x035.o